[2026-08-25T06:34:53+08:00] waiting for the host B three-build chain to finish
[2026-08-25T06:34:54+08:00]   builds: 150 100 0 
[2026-08-25T06:37:54+08:00]   builds: 150 100 0 
[2026-08-25T06:40:54+08:00]   builds: 150 125 0 
[2026-08-25T06:43:54+08:00]   builds: 150 125 0 
[2026-08-25T06:46:55+08:00]   builds: 150 150 0 
[2026-08-25T06:49:55+08:00]   builds: 150 150 0 
[2026-08-25T06:52:55+08:00]   builds: 150 150 25 
[2026-08-25T06:55:55+08:00]   builds: 150 150 25 
[2026-08-25T06:58:56+08:00]   builds: 150 150 50 
[2026-08-25T07:01:56+08:00]   builds: 150 150 50 
[2026-08-25T07:04:56+08:00]   builds: 150 150 75 
[2026-08-25T07:07:56+08:00]   builds: 150 150 100 
[2026-08-25T07:10:56+08:00]   builds: 150 150 100 
[2026-08-25T07:13:57+08:00]   builds: 150 150 125 
[2026-08-25T07:16:57+08:00]   builds: 150 150 125 
[2026-08-25T07:19:57+08:00]   builds: 150 150 150 
[2026-08-25T07:22:57+08:00] chain finished
[2026-08-25T07:22:57+08:00] shipping and running the corrected build
[2026-08-25T07:24:58+08:00] forced_down2 on host B returned rc=124
[2026-08-25T07:24:58+08:00]   pulled phase_warp_forced_down2.records.jsonl
[2026-08-25T07:24:58+08:00]   pulled warp_forced_down2.log
[2026-08-25T07:24:58+08:00]   pulled warp_down2_chain.log
[2026-08-25T07:24:58+08:00] done
