[2026-08-25T07:30:51+08:00]   control_repeat 0/150  driver: yes
[2026-08-25T07:33:22+08:00]   control_repeat 0/150  driver: yes
[2026-08-25T07:35:53+08:00]   control_repeat 25/150  driver: yes
[2026-08-25T07:38:24+08:00]   control_repeat 25/150  driver: yes
[2026-08-25T07:40:55+08:00]   control_repeat 25/150  driver: yes
[2026-08-25T07:43:26+08:00]   control_repeat 50/150  driver: yes
[2026-08-25T07:45:57+08:00]   control_repeat 50/150  driver: yes
[2026-08-25T07:48:28+08:00]   control_repeat 50/150  driver: yes
[2026-08-25T07:50:59+08:00]   control_repeat 75/150  driver: yes
[2026-08-25T07:53:30+08:00]   control_repeat 75/150  driver: yes
[2026-08-25T07:56:00+08:00]   control_repeat 75/150  driver: yes
[2026-08-25T07:58:31+08:00]   control_repeat 100/150  driver: yes
[2026-08-25T08:01:02+08:00]   control_repeat 100/150  driver: yes
[2026-08-25T08:03:33+08:00]   control_repeat 100/150  driver: yes
[2026-08-25T08:06:04+08:00]   control_repeat 125/150  driver: yes
[2026-08-25T08:08:35+08:00]   control_repeat 125/150  driver: yes
[2026-08-25T08:11:06+08:00]   control_repeat 125/150  driver: yes
[2026-08-25T08:13:36+08:00]   control_repeat 150/150  driver: no
[2026-08-25T08:13:37+08:00]   ok  results/phase_warp_control_repeat.json
[2026-08-25T08:13:38+08:00]   ok  results/phase_warp_control_repeat.records.jsonl
[2026-08-25T08:13:39+08:00]   ok  logs/warp_control_repeat.log
============================================================================================
DOES ONE BUILD PRODUCE THE SAME OUTPUT TWICE?
============================================================================================
  the same binary, the same card, the same prompts, greedy, run twice

  w=1  baseline    25/25 byte-identical between the two runs
  w=3  mtp-n2      25/25 byte-identical between the two runs
  w=4  mtp-n3      25/25 byte-identical between the two runs
  w=5  mtp-n4      25/25 byte-identical between the two runs
  w=6  mtp-n5      25/25 byte-identical between the two runs
  w=8  mtp-n7      25/25 byte-identical between the two runs

  overall 150/150

  The build is deterministic. Every difference measured between builds is therefore a
  build difference, and forced_down2 changing the width-1 baseline while its width-1
  kernels are byte-identical SASS is a real effect that still needs naming.
[2026-08-25T08:13:39+08:00] done
