[2026-08-25T09:20:26+08:00]   control=25 forced_up=0 forced_down2=0 control2=0  complete 0/4  driver: yes
[2026-08-25T09:23:28+08:00]   control=50 forced_up=0 forced_down2=0 control2=0  complete 0/4  driver: yes
[2026-08-25T09:26:30+08:00]   control=50 forced_up=0 forced_down2=0 control2=0  complete 0/4  driver: yes
[2026-08-25T09:29:32+08:00]   control=75 forced_up=0 forced_down2=0 control2=0  complete 0/4  driver: yes
[2026-08-25T09:32:34+08:00]   control=75 forced_up=0 forced_down2=0 control2=0  complete 0/4  driver: yes
[2026-08-25T09:35:36+08:00]   control=100 forced_up=0 forced_down2=0 control2=0  complete 0/4  driver: yes
[2026-08-25T09:38:38+08:00]   control=100 forced_up=0 forced_down2=0 control2=0  complete 0/4  driver: yes
[2026-08-25T09:41:40+08:00]   control=100 forced_up=0 forced_down2=0 control2=0  complete 0/4  driver: yes
[2026-08-25T09:44:42+08:00]   control=125 forced_up=0 forced_down2=0 control2=0  complete 0/4  driver: yes
[2026-08-25T09:47:44+08:00]   control=125 forced_up=0 forced_down2=0 control2=0  complete 0/4  driver: yes
[2026-08-25T09:50:46+08:00]   control=125 forced_up=0 forced_down2=0 control2=0  complete 0/4  driver: yes
[2026-08-25T09:53:48+08:00]   control=150 forced_up=0 forced_down2=0 control2=0  complete 1/4  driver: yes
[2026-08-25T09:56:50+08:00]   control=150 forced_up=0 forced_down2=0 control2=0  complete 1/4  driver: yes
[2026-08-25T09:59:52+08:00]   control=150 forced_up=25 forced_down2=0 control2=0  complete 1/4  driver: yes
[2026-08-25T10:02:54+08:00]   control=150 forced_up=25 forced_down2=0 control2=0  complete 1/4  driver: yes
[2026-08-25T10:05:56+08:00]   control=150 forced_up=50 forced_down2=0 control2=0  complete 1/4  driver: yes
[2026-08-25T10:08:58+08:00]   control=150 forced_up=50 forced_down2=0 control2=0  complete 1/4  driver: yes
[2026-08-25T10:12:00+08:00]   control=150 forced_up=75 forced_down2=0 control2=0  complete 1/4  driver: yes
[2026-08-25T10:15:02+08:00]   control=150 forced_up=75 forced_down2=0 control2=0  complete 1/4  driver: yes
[2026-08-25T10:18:04+08:00]   control=150 forced_up=100 forced_down2=0 control2=0  complete 1/4  driver: yes
[2026-08-25T10:21:06+08:00]   control=150 forced_up=100 forced_down2=0 control2=0  complete 1/4  driver: yes
[2026-08-25T10:24:08+08:00]   control=150 forced_up=125 forced_down2=0 control2=0  complete 1/4  driver: yes
[2026-08-25T10:27:10+08:00]   control=150 forced_up=125 forced_down2=0 control2=0  complete 1/4  driver: yes
[2026-08-25T10:30:12+08:00]   control=150 forced_up=125 forced_down2=0 control2=0  complete 1/4  driver: yes
[2026-08-25T10:33:14+08:00]   control=150 forced_up=150 forced_down2=0 control2=0  complete 2/4  driver: yes
[2026-08-25T10:36:16+08:00]   control=150 forced_up=150 forced_down2=0 control2=0  complete 2/4  driver: yes
[2026-08-25T10:39:18+08:00]   control=150 forced_up=150 forced_down2=25 control2=0  complete 2/4  driver: yes
[2026-08-25T10:42:20+08:00]   control=150 forced_up=150 forced_down2=25 control2=0  complete 2/4  driver: yes
[2026-08-25T10:45:22+08:00]   control=150 forced_up=150 forced_down2=50 control2=0  complete 2/4  driver: yes
[2026-08-25T10:48:24+08:00]   control=150 forced_up=150 forced_down2=50 control2=0  complete 2/4  driver: yes
[2026-08-25T10:51:26+08:00]   control=150 forced_up=150 forced_down2=75 control2=0  complete 2/4  driver: yes
[2026-08-25T10:54:28+08:00]   control=150 forced_up=150 forced_down2=75 control2=0  complete 2/4  driver: yes
[2026-08-25T10:57:30+08:00]   control=150 forced_up=150 forced_down2=100 control2=0  complete 2/4  driver: yes
[2026-08-25T11:00:32+08:00]   control=150 forced_up=150 forced_down2=100 control2=0  complete 2/4  driver: yes
[2026-08-25T11:03:34+08:00]   control=150 forced_up=150 forced_down2=125 control2=0  complete 2/4  driver: yes
[2026-08-25T11:06:36+08:00]   control=150 forced_up=150 forced_down2=125 control2=0  complete 2/4  driver: yes
[2026-08-25T11:09:38+08:00]   control=150 forced_up=150 forced_down2=125 control2=0  complete 2/4  driver: yes
[2026-08-25T11:12:42+08:00]   control=150 forced_up=150 forced_down2=150 control2=0  complete 3/4  driver: yes
[2026-08-25T11:15:44+08:00]   control=150 forced_up=150 forced_down2=150 control2=0  complete 3/4  driver: yes
[2026-08-25T11:18:46+08:00]   control=150 forced_up=150 forced_down2=150 control2=25  complete 3/4  driver: yes
[2026-08-25T11:21:48+08:00]   control=150 forced_up=150 forced_down2=150 control2=25  complete 3/4  driver: yes
[2026-08-25T11:24:50+08:00]   control=150 forced_up=150 forced_down2=150 control2=50  complete 3/4  driver: yes
[2026-08-25T11:27:52+08:00]   control=150 forced_up=150 forced_down2=150 control2=50  complete 3/4  driver: yes
[2026-08-25T11:30:54+08:00]   control=150 forced_up=150 forced_down2=150 control2=75  complete 3/4  driver: yes
[2026-08-25T11:33:56+08:00]   control=150 forced_up=150 forced_down2=150 control2=75  complete 3/4  driver: yes
[2026-08-25T11:36:58+08:00]   control=150 forced_up=150 forced_down2=150 control2=100  complete 3/4  driver: yes
[2026-08-25T11:40:01+08:00]   control=150 forced_up=150 forced_down2=150 control2=100  complete 3/4  driver: yes
[2026-08-25T11:43:03+08:00]   control=150 forced_up=150 forced_down2=150 control2=125  complete 3/4  driver: yes
[2026-08-25T11:46:05+08:00]   control=150 forced_up=150 forced_down2=150 control2=125  complete 3/4  driver: yes
[2026-08-25T11:49:07+08:00]   control=150 forced_up=150 forced_down2=150 control2=125  complete 3/4  driver: yes
[2026-08-25T11:52:09+08:00]   control=150 forced_up=150 forced_down2=150 control2=150  complete 4/4  driver: no
[2026-08-25T11:52:10+08:00]   ok  results/phase_warp_v2_control.json
[2026-08-25T11:52:11+08:00]   ok  results/phase_warp_v2_control.records.jsonl
[2026-08-25T11:52:11+08:00]   ok  logs/v2_run_control.log
[2026-08-25T11:52:13+08:00]   ok  results/phase_warp_v2_forced_up.json
[2026-08-25T11:52:13+08:00]   ok  results/phase_warp_v2_forced_up.records.jsonl
[2026-08-25T11:52:14+08:00]   ok  logs/v2_run_forced_up.log
[2026-08-25T11:52:16+08:00]   ok  results/phase_warp_v2_forced_down2.json
[2026-08-25T11:52:16+08:00]   ok  results/phase_warp_v2_forced_down2.records.jsonl
[2026-08-25T11:52:17+08:00]   ok  logs/v2_run_forced_down2.log
[2026-08-25T11:52:18+08:00]   ok  results/phase_warp_v2_control2.json
[2026-08-25T11:52:19+08:00]   ok  results/phase_warp_v2_control2.records.jsonl
[2026-08-25T11:52:20+08:00]   ok  logs/v2_run_control2.log
[2026-08-25T11:52:20+08:00] scoring both directions against the registered predictions

=== the guard: two builds from one configure, no source difference ===
  control against control2: 150/150 byte-identical
  The guard holds, so a difference between control and a forced build is the table.
============================================================================================
FORCED-WARP INTERVENTION
============================================================================================
  control       : results/phase_warp_v2_control.json
  forced_down2  : results/phase_warp_v2_forced_down2.json
  forced_up     : results/phase_warp_v2_forced_up.json

  --- tables verified against the source each build was compiled from ---
    verified: control, forced_down2, forced_up

  control holds 150 records

  --- the guard ---
    control2 was not supplied. Two builds from one configure and no source
    difference is the only check that separates the table from the build, and
    without it a difference below could be either. Reported, not assumed away.

============================================================================================
FORCED_UP : GENERIC table w1->4, w3->4, w4->4, w5->4, w6->4, w8->4
============================================================================================
    widths whose warp count changed : [5, 6, 8]
    widths left at the stock count  : [3, 4]

  --- validity gates (registered: a failure here voids the comparison) ---
    [PASS] greedy baseline byte-identical across builds
           width 1 is at 4 warps in both builds; identical 25, differs 0
    [PASS] intervention did not touch widths it should not have
           widths [3, 4]: identical 50, differs 0
    [FAIL] intervention had a measurable effect where it was applied
           widths [5, 6, 8]: identical 75, differs 0

  The build differs but produced no output change at the widths it edited.
  That is not the registered 'neither moves': it means the edited table row never
  reached the kernel. Resolve that before reading anything else here.

============================================================================================
FORCED_DOWN2 : GENERIC table w1->4, w3->2, w4->2, w5->2, w6->2, w8->2
============================================================================================
    widths whose warp count changed : [3, 4]
    widths left at the stock count  : [5, 6, 8]

  --- validity gates (registered: a failure here voids the comparison) ---
    [PASS] greedy baseline byte-identical across builds
           width 1 is at 4 warps in both builds; identical 25, differs 0
    [PASS] intervention did not touch widths it should not have
           widths [5, 6, 8]: identical 75, differs 0
    [FAIL] intervention had a measurable effect where it was applied
           widths [3, 4]: identical 50, differs 0

  The build differs but produced no output change at the widths it edited.
  That is not the registered 'neither moves': it means the edited table row never
  reached the kernel. Resolve that before reading anything else here.

=== the guard: two builds from one configure, no source difference ===
  control against control2: 150/150 byte-identical
  The guard holds, so a difference between control and a forced build is the table.
[2026-08-25T11:52:21+08:00] done
