### apt update 2026-08-24T10:39:14+08:00
### installing cuda-toolkit-13-3 + ninja + ccache 2026-08-24T10:39:16+08:00
Setting up cuda-libraries-13-3 (13.3.1-1) ...
Setting up libcuobjclient-dev-13-3 (1.2.0.68-1) ...
Setting up libcufft-dev-13-3 (12.3.0.29-1) ...
Setting up libcusparse-dev-13-3 (12.8.2.51-1) ...
Setting up cuda-crt-13-3 (13.3.73-1) ...
Setting up libnvjpeg-dev-13-3 (13.2.1.68-1) ...
Setting up cuda-libraries-dev-13-3 (13.3.1-1) ...
Setting up cuda-visual-tools-13-3 (13.3.1-1) ...
Setting up cuda-nvcc-13-3 (13.3.73-1) ...
Setting up cuda-tools-13-3 (13.3.1-1) ...
Setting up cuda-tileiras-13-3 (13.3.36-1) ...
Setting up cuda-compiler-13-3 (13.3.1-1) ...
Setting up cuda-toolkit-13-3 (13.3.1-1) ...
Processing triggers for man-db (2.13.1-1) ...
Processing triggers for libc-bin (2.41-12+deb13u3) ...
### done 2026-08-24T10:57:05+08:00
cuda
cuda-13
cuda-13.3
Built on Tue_Jun_09_02:43:40_PM_PDT_2026
Cuda compilation tools, release 13.3, V13.3.73
Build cuda_13.3.r13.3/compiler.38244171_0
