[2026-08-25T12:30:41+08:00] === control ===
[2026-08-25T12:39:32+08:00]   184 timed cases
[2026-08-25T12:39:32+08:00] === control2 ===
[2026-08-25T12:48:21+08:00]   184 timed cases
[2026-08-25T12:48:21+08:00] === forced_up ===
[2026-08-25T12:57:14+08:00]   184 timed cases
[2026-08-25T12:57:14+08:00] === forced_down2 ===
[2026-08-25T13:06:06+08:00]   184 timed cases
[2026-08-25T13:06:06+08:00] comparing
  control: 184 timed cases
  control2: 184 timed cases
  forced_up: 184 timed cases
  forced_down2: 184 timed cases

  us/run relative to control, median over quant types. Negative is faster.
   ncols_dst     control2    forced_up   forced_down2   cases   edited by
           1       +0.10%       +0.01%       +0.00%      28   neither
           2       +0.05%       -0.10%       +0.08%      26   neither
           3       -0.02%       +0.03%       -0.57%      26   forced_down2
           4       -0.05%       -0.25%       -1.52%      26   forced_down2
           5       +0.11%      +13.62%       -0.08%      26   forced_up
           8       -0.01%      +26.68%       +0.00%      26   forced_up
         512       -0.10%       -0.04%       -0.09%      26   not MMVQ

  control2 is the floor: identical source, one configure, rebuilt.
  A forced column inside that floor at the widths it edited means the warp count does
  not move this kernel either, so the end-to-end null is not a sensitivity problem.
[2026-08-25T13:06:06+08:00] done
