=== round 1  max_tokens 200  -> results/phase_e6_tok200_r1.json  2026-09-01T04:36:39+08:00 ===
device: [0] NVIDIA GeForce RTX 3090  24 GB  sm_86  420 W default (100-450)  mem 9751 MHz

=== pass01_baseline@pw420 ===
  gpu condition 'pw420': mem_off=0 core_off=0 pl=420.0W mem_clk=9751.0MHz
  settled: 42.0C -> 42.0C in 0.0s (clock 210.0 MHz)
  ready in 30.0s
  [code  ] code_py_ratelimiter      41.29 tok/s  n= 200  
  [code  ] code_rust_mergesort      41.04 tok/s  n= 200  
  [code  ] code_nginx_cfg           41.10 tok/s  n= 200  
  [prose ] prose_rainbow            40.97 tok/s  n= 200  
  [prose ] prose_bookshelves        40.85 tok/s  n= 200  
  [prose ] prose_letter             40.88 tok/s  n= 200  
  [reason] reason_trains            41.59 tok/s  n= 200  
  [reason] reason_zebra             41.35 tok/s  n= 200  
  [reason] reason_scheduling        41.33 tok/s  n= 200  
  [chat  ] chat_desk_robot          41.24 tok/s  n= 200  
  [chat  ] chat_music               40.96 tok/s  n= 200  
  [chat  ] chat_advice              41.03 tok/s  n= 200  
  [zh    ] zh_self_intro            40.85 tok/s  n= 200  
  [zh    ] zh_tea                   40.94 tok/s  n= 200  
  [zh    ] zh_debug                 41.02 tok/s  n= 200  
  [code  ] code_go_worker           41.44 tok/s  n= 200  
  [code  ] code_sql_report          41.31 tok/s  n= 200  
  [prose ] prose_market             40.77 tok/s  n= 200  
  [prose ] prose_argument           40.86 tok/s  n= 200  
  [reason] reason_probability       41.57 tok/s  n= 200  
  [reason] reason_invariant         41.21 tok/s  n= 200  
  [chat  ] chat_travel              41.18 tok/s  n= 200  
  [chat  ] chat_disagree            41.20 tok/s  n= 200  
  [zh    ] zh_moving                40.58 tok/s  n= 200  
  [zh    ] zh_review                40.88 tok/s  n= 200  
[gpustate] restored stock clocks
=== round 1  max_tokens 400  -> results/phase_e6_tok400_r1.json  2026-09-01T04:43:35+08:00 ===
device: [0] NVIDIA GeForce RTX 3090  24 GB  sm_86  420 W default (100-450)  mem 9751 MHz

=== pass01_baseline@pw420 ===
  gpu condition 'pw420': mem_off=0 core_off=0 pl=420.0W mem_clk=9751.0MHz
  settled: 61.0C -> 59.0C in 5.1s (clock 210.0 MHz)
  ready in 31.1s
  [code  ] code_py_ratelimiter      41.03 tok/s  n= 400  
  [code  ] code_rust_mergesort      41.03 tok/s  n= 400  
  [code  ] code_nginx_cfg           41.06 tok/s  n= 400  
  [prose ] prose_rainbow            40.87 tok/s  n= 400  
  [prose ] prose_bookshelves        40.69 tok/s  n= 400  
  [prose ] prose_letter             40.84 tok/s  n= 400  
  [reason] reason_trains            41.47 tok/s  n= 400  
  [reason] reason_zebra             41.35 tok/s  n= 400  
  [reason] reason_scheduling        41.46 tok/s  n= 400  
  [chat  ] chat_desk_robot          41.06 tok/s  n= 400  
  [chat  ] chat_music               41.01 tok/s  n= 400  
  [chat  ] chat_advice              40.98 tok/s  n= 400  
  [zh    ] zh_self_intro            40.59 tok/s  n= 400  
  [zh    ] zh_tea                   40.73 tok/s  n= 400  
  [zh    ] zh_debug                 40.93 tok/s  n= 400  
  [code  ] code_go_worker           41.23 tok/s  n= 400  
  [code  ] code_sql_report          41.32 tok/s  n= 400  
  [prose ] prose_market             41.05 tok/s  n= 400  
  [prose ] prose_argument           41.01 tok/s  n= 400  
  [reason] reason_probability       41.44 tok/s  n= 400  
  [reason] reason_invariant         41.40 tok/s  n= 400  
  [chat  ] chat_travel              41.25 tok/s  n= 400  
  [chat  ] chat_disagree            41.19 tok/s  n= 400  
  [zh    ] zh_moving                40.87 tok/s  n= 400  
  [zh    ] zh_review                41.20 tok/s  n= 400  
[gpustate] restored stock clocks
=== round 1  max_tokens 800  -> results/phase_e6_tok800_r1.json  2026-09-01T04:52:35+08:00 ===
device: [0] NVIDIA GeForce RTX 3090  24 GB  sm_86  420 W default (100-450)  mem 9751 MHz

=== pass01_baseline@pw420 ===
  gpu condition 'pw420': mem_off=0 core_off=0 pl=420.0W mem_clk=9751.0MHz
  settled: 64.0C -> 60.0C in 20.1s (clock 210.0 MHz)
  ready in 26.6s
  [code  ] code_py_ratelimiter      41.20 tok/s  n= 800  
  [code  ] code_rust_mergesort      41.22 tok/s  n= 800  
  [code  ] code_nginx_cfg           41.08 tok/s  n= 800  
  [prose ] prose_rainbow            41.04 tok/s  n= 800  
  [prose ] prose_bookshelves        40.84 tok/s  n= 784  SHORT(784)
  [prose ] prose_letter             40.93 tok/s  n= 800  
  [reason] reason_trains            41.35 tok/s  n= 800  
  [reason] reason_zebra             41.38 tok/s  n= 800  
  [reason] reason_scheduling        41.44 tok/s  n= 800  
  [chat  ] chat_desk_robot          41.23 tok/s  n= 800  
  [chat  ] chat_music               41.08 tok/s  n= 800  
  [chat  ] chat_advice              41.08 tok/s  n= 800  
  [zh    ] zh_self_intro            40.61 tok/s  n= 625  SHORT(625)
  [zh    ] zh_tea                   40.73 tok/s  n= 800  
  [zh    ] zh_debug                 41.09 tok/s  n= 800  
  [code  ] code_go_worker           41.25 tok/s  n= 800  
  [code  ] code_sql_report          41.27 tok/s  n= 800  
  [prose ] prose_market             41.13 tok/s  n= 800  
  [prose ] prose_argument           41.18 tok/s  n= 800  
  [reason] reason_probability       41.38 tok/s  n= 800  
  [reason] reason_invariant         41.44 tok/s  n= 800  
  [chat  ] chat_travel              41.43 tok/s  n= 800  
  [chat  ] chat_disagree            41.44 tok/s  n= 622  SHORT(622)
  [zh    ] zh_moving                40.94 tok/s  n= 800  
  [zh    ] zh_review                41.20 tok/s  n= 800  
[gpustate] restored stock clocks
=== round 2  max_tokens 400  -> results/phase_e6_tok400_r2.json  2026-09-01T05:05:39+08:00 ===
device: [0] NVIDIA GeForce RTX 3090  24 GB  sm_86  420 W default (100-450)  mem 9751 MHz

=== pass01_baseline@pw420 ===
  gpu condition 'pw420': mem_off=0 core_off=0 pl=420.0W mem_clk=9751.0MHz
  settled: 64.0C -> 60.0C in 25.2s (clock 210.0 MHz)
  ready in 29.6s
  [code  ] code_py_ratelimiter      40.99 tok/s  n= 400  
  [code  ] code_rust_mergesort      41.02 tok/s  n= 400  
  [code  ] code_nginx_cfg           41.05 tok/s  n= 400  
  [prose ] prose_rainbow            41.00 tok/s  n= 400  
  [prose ] prose_bookshelves        40.67 tok/s  n= 400  
  [prose ] prose_letter             40.82 tok/s  n= 400  
  [reason] reason_trains            41.42 tok/s  n= 400  
  [reason] reason_zebra             41.23 tok/s  n= 400  
  [reason] reason_scheduling        41.33 tok/s  n= 400  
  [chat  ] chat_desk_robot          40.98 tok/s  n= 400  
  [chat  ] chat_music               41.02 tok/s  n= 400  
  [chat  ] chat_advice              41.01 tok/s  n= 400  
  [zh    ] zh_self_intro            40.55 tok/s  n= 400  
  [zh    ] zh_tea                   40.79 tok/s  n= 400  
  [zh    ] zh_debug                 41.02 tok/s  n= 400  
  [code  ] code_go_worker           41.17 tok/s  n= 400  
  [code  ] code_sql_report          41.31 tok/s  n= 400  
  [prose ] prose_market             41.05 tok/s  n= 400  
  [prose ] prose_argument           41.06 tok/s  n= 400  
  [reason] reason_probability       41.47 tok/s  n= 400  
  [reason] reason_invariant         41.38 tok/s  n= 400  
  [chat  ] chat_travel              41.23 tok/s  n= 400  
  [chat  ] chat_disagree            41.32 tok/s  n= 400  
  [zh    ] zh_moving                40.81 tok/s  n= 400  
  [zh    ] zh_review                41.04 tok/s  n= 400  
[gpustate] restored stock clocks
=== round 2  max_tokens 800  -> results/phase_e6_tok800_r2.json  2026-09-01T05:15:01+08:00 ===
device: [0] NVIDIA GeForce RTX 3090  24 GB  sm_86  420 W default (100-450)  mem 9751 MHz

=== pass01_baseline@pw420 ===
  gpu condition 'pw420': mem_off=0 core_off=0 pl=420.0W mem_clk=9751.0MHz
  settled: 64.0C -> 60.0C in 20.1s (clock 210.0 MHz)
  ready in 29.5s
  [code  ] code_py_ratelimiter      41.14 tok/s  n= 800  
  [code  ] code_rust_mergesort      41.21 tok/s  n= 800  
  [code  ] code_nginx_cfg           41.05 tok/s  n= 800  
  [prose ] prose_rainbow            41.03 tok/s  n= 800  
  [prose ] prose_bookshelves        40.74 tok/s  n= 784  SHORT(784)
  [prose ] prose_letter             40.81 tok/s  n= 800  
  [reason] reason_trains            41.36 tok/s  n= 800  
  [reason] reason_zebra             41.37 tok/s  n= 800  
  [reason] reason_scheduling        41.43 tok/s  n= 800  
  [chat  ] chat_desk_robot          41.29 tok/s  n= 800  
  [chat  ] chat_music               41.05 tok/s  n= 800  
  [chat  ] chat_advice              41.06 tok/s  n= 800  
  [zh    ] zh_self_intro            40.67 tok/s  n= 625  SHORT(625)
  [zh    ] zh_tea                   40.79 tok/s  n= 800  
  [zh    ] zh_debug                 41.12 tok/s  n= 800  
  [code  ] code_go_worker           41.28 tok/s  n= 800  
  [code  ] code_sql_report          41.28 tok/s  n= 800  
  [prose ] prose_market             41.18 tok/s  n= 800  
  [prose ] prose_argument           41.25 tok/s  n= 800  
  [reason] reason_probability       41.45 tok/s  n= 800  
  [reason] reason_invariant         41.46 tok/s  n= 800  
  [chat  ] chat_travel              41.40 tok/s  n= 800  
  [chat  ] chat_disagree            41.43 tok/s  n= 622  SHORT(622)
  [zh    ] zh_moving                40.96 tok/s  n= 800  
  [zh    ] zh_review                41.18 tok/s  n= 800  
[gpustate] restored stock clocks
=== round 2  max_tokens 200  -> results/phase_e6_tok200_r2.json  2026-09-01T05:28:07+08:00 ===
device: [0] NVIDIA GeForce RTX 3090  24 GB  sm_86  420 W default (100-450)  mem 9751 MHz

=== pass01_baseline@pw420 ===
  gpu condition 'pw420': mem_off=0 core_off=0 pl=420.0W mem_clk=9751.0MHz
  settled: 64.0C -> 59.0C in 25.2s (clock 210.0 MHz)
  ready in 27.1s
  [code  ] code_py_ratelimiter      40.73 tok/s  n= 200  
  [code  ] code_rust_mergesort      40.74 tok/s  n= 200  
  [code  ] code_nginx_cfg           40.83 tok/s  n= 200  
  [prose ] prose_rainbow            40.73 tok/s  n= 200  
  [prose ] prose_bookshelves        40.64 tok/s  n= 200  
  [prose ] prose_letter             40.77 tok/s  n= 200  
  [reason] reason_trains            41.36 tok/s  n= 200  
  [reason] reason_zebra             41.04 tok/s  n= 200  
  [reason] reason_scheduling        41.07 tok/s  n= 200  
  [chat  ] chat_desk_robot          41.08 tok/s  n= 200  
  [chat  ] chat_music               40.95 tok/s  n= 200  
  [chat  ] chat_advice              40.91 tok/s  n= 200  
  [zh    ] zh_self_intro            40.69 tok/s  n= 200  
  [zh    ] zh_tea                   41.00 tok/s  n= 200  
  [zh    ] zh_debug                 40.95 tok/s  n= 200  
  [code  ] code_go_worker           41.29 tok/s  n= 200  
  [code  ] code_sql_report          41.39 tok/s  n= 200  
  [prose ] prose_market             40.68 tok/s  n= 200  
  [prose ] prose_argument           40.76 tok/s  n= 200  
  [reason] reason_probability       41.47 tok/s  n= 200  
  [reason] reason_invariant         41.18 tok/s  n= 200  
  [chat  ] chat_travel              41.06 tok/s  n= 200  
  [chat  ] chat_disagree            41.21 tok/s  n= 200  
  [zh    ] zh_moving                40.59 tok/s  n= 200  
  [zh    ] zh_review                40.84 tok/s  n= 200  
[gpustate] restored stock clocks
=== round 3  max_tokens 800  -> results/phase_e6_tok800_r3.json  2026-09-01T05:35:19+08:00 ===
device: [0] NVIDIA GeForce RTX 3090  24 GB  sm_86  420 W default (100-450)  mem 9751 MHz

=== pass01_baseline@pw420 ===
  gpu condition 'pw420': mem_off=0 core_off=0 pl=420.0W mem_clk=9751.0MHz
  settled: 61.0C -> 60.0C in 5.1s (clock 210.0 MHz)
  ready in 30.1s
  [code  ] code_py_ratelimiter      41.08 tok/s  n= 800  
  [code  ] code_rust_mergesort      41.24 tok/s  n= 800  
  [code  ] code_nginx_cfg           41.07 tok/s  n= 800  
  [prose ] prose_rainbow            41.13 tok/s  n= 800  
  [prose ] prose_bookshelves        40.84 tok/s  n= 784  SHORT(784)
  [prose ] prose_letter             40.83 tok/s  n= 800  
  [reason] reason_trains            41.37 tok/s  n= 800  
  [reason] reason_zebra             41.40 tok/s  n= 800  
  [reason] reason_scheduling        41.42 tok/s  n= 800  
  [chat  ] chat_desk_robot          41.33 tok/s  n= 800  
  [chat  ] chat_music               41.07 tok/s  n= 800  
  [chat  ] chat_advice              41.09 tok/s  n= 800  
  [zh    ] zh_self_intro            40.64 tok/s  n= 625  SHORT(625)
  [zh    ] zh_tea                   40.90 tok/s  n= 800  
  [zh    ] zh_debug                 41.04 tok/s  n= 800  
  [code  ] code_go_worker           41.32 tok/s  n= 800  
  [code  ] code_sql_report          41.29 tok/s  n= 800  
  [prose ] prose_market             41.20 tok/s  n= 800  
  [prose ] prose_argument           41.25 tok/s  n= 800  
  [reason] reason_probability       41.44 tok/s  n= 800  
  [reason] reason_invariant         41.42 tok/s  n= 800  
  [chat  ] chat_travel              41.38 tok/s  n= 800  
  [chat  ] chat_disagree            41.47 tok/s  n= 622  SHORT(622)
  [zh    ] zh_moving                40.92 tok/s  n= 800  
  [zh    ] zh_review                41.17 tok/s  n= 800  
[gpustate] restored stock clocks
=== round 3  max_tokens 200  -> results/phase_e6_tok200_r3.json  2026-09-01T05:48:14+08:00 ===
device: [0] NVIDIA GeForce RTX 3090  24 GB  sm_86  420 W default (100-450)  mem 9751 MHz

=== pass01_baseline@pw420 ===
  gpu condition 'pw420': mem_off=0 core_off=0 pl=420.0W mem_clk=9751.0MHz
  settled: 64.0C -> 60.0C in 20.1s (clock 210.0 MHz)
  ready in 26.6s
  [code  ] code_py_ratelimiter      40.82 tok/s  n= 200  
  [code  ] code_rust_mergesort      40.56 tok/s  n= 200  
  [code  ] code_nginx_cfg           40.94 tok/s  n= 200  
  [prose ] prose_rainbow            40.76 tok/s  n= 200  
  [prose ] prose_bookshelves        40.62 tok/s  n= 200  
  [prose ] prose_letter             40.75 tok/s  n= 200  
  [reason] reason_trains            41.52 tok/s  n= 200  
  [reason] reason_zebra             41.14 tok/s  n= 200  
  [reason] reason_scheduling        41.14 tok/s  n= 200  
  [chat  ] chat_desk_robot          41.09 tok/s  n= 200  
  [chat  ] chat_music               40.97 tok/s  n= 200  
  [chat  ] chat_advice              40.89 tok/s  n= 200  
  [zh    ] zh_self_intro            40.71 tok/s  n= 200  
  [zh    ] zh_tea                   40.72 tok/s  n= 200  
  [zh    ] zh_debug                 40.89 tok/s  n= 200  
  [code  ] code_go_worker           41.16 tok/s  n= 200  
  [code  ] code_sql_report          41.30 tok/s  n= 200  
  [prose ] prose_market             40.69 tok/s  n= 200  
  [prose ] prose_argument           40.79 tok/s  n= 200  
  [reason] reason_probability       41.43 tok/s  n= 200  
  [reason] reason_invariant         41.30 tok/s  n= 200  
  [chat  ] chat_travel              40.93 tok/s  n= 200  
  [chat  ] chat_disagree            41.25 tok/s  n= 200  
  [zh    ] zh_moving                40.65 tok/s  n= 200  
  [zh    ] zh_review                40.83 tok/s  n= 200  
[gpustate] restored stock clocks
=== round 3  max_tokens 400  -> results/phase_e6_tok400_r3.json  2026-09-01T05:55:26+08:00 ===
device: [0] NVIDIA GeForce RTX 3090  24 GB  sm_86  420 W default (100-450)  mem 9751 MHz

=== pass01_baseline@pw420 ===
  gpu condition 'pw420': mem_off=0 core_off=0 pl=420.0W mem_clk=9751.0MHz
  settled: 61.0C -> 60.0C in 5.1s (clock 210.0 MHz)
  ready in 29.6s
  [code  ] code_py_ratelimiter      41.06 tok/s  n= 400  
  [code  ] code_rust_mergesort      40.98 tok/s  n= 400  
  [code  ] code_nginx_cfg           40.95 tok/s  n= 400  
  [prose ] prose_rainbow            40.91 tok/s  n= 400  
  [prose ] prose_bookshelves        40.61 tok/s  n= 400  
  [prose ] prose_letter             40.84 tok/s  n= 400  
  [reason] reason_trains            41.43 tok/s  n= 400  
  [reason] reason_zebra             41.24 tok/s  n= 400  
  [reason] reason_scheduling        41.36 tok/s  n= 400  
  [chat  ] chat_desk_robot          40.98 tok/s  n= 400  
  [chat  ] chat_music               41.00 tok/s  n= 400  
  [chat  ] chat_advice              41.02 tok/s  n= 400  
  [zh    ] zh_self_intro            40.75 tok/s  n= 400  
  [zh    ] zh_tea                   40.75 tok/s  n= 400  
  [zh    ] zh_debug                 41.04 tok/s  n= 400  
  [code  ] code_go_worker           41.27 tok/s  n= 400  
  [code  ] code_sql_report          41.32 tok/s  n= 400  
  [prose ] prose_market             41.06 tok/s  n= 400  
  [prose ] prose_argument           41.07 tok/s  n= 400  
  [reason] reason_probability       41.38 tok/s  n= 400  
  [reason] reason_invariant         41.33 tok/s  n= 400  
  [chat  ] chat_travel              41.24 tok/s  n= 400  
  [chat  ] chat_disagree            41.30 tok/s  n= 400  
  [zh    ] zh_moving                40.75 tok/s  n= 400  
  [zh    ] zh_review                41.10 tok/s  n= 400  
[gpustate] restored stock clocks
=== E6 done 2026-09-01T06:04:24+08:00, 0 failed invocation(s) ===
