device: [0] NVIDIA GeForce RTX 3090  24 GB  sm_86  420 W default (100-450)  mem 9751 MHz

=== pass01_baseline@master ===
  settled: 40.0C -> 40.0C in 0.0s (clock 210.0 MHz)
  ready in 30.6s
  [code  ] code_py_ratelimiter      41.41 tok/s  n= 400  
  [code  ] code_rust_mergesort      41.31 tok/s  n= 400  
  [code  ] code_nginx_cfg           41.24 tok/s  n= 400  
  [prose ] prose_rainbow            41.28 tok/s  n= 400  
  [prose ] prose_bookshelves        40.77 tok/s  n= 400  
  [prose ] prose_letter             40.96 tok/s  n= 400  
  [reason] reason_trains            41.51 tok/s  n= 400  
  [reason] reason_zebra             41.30 tok/s  n= 400  
  [reason] reason_scheduling        41.42 tok/s  n= 400  
  [chat  ] chat_desk_robot          40.94 tok/s  n= 400  
  [chat  ] chat_music               41.03 tok/s  n= 400  
  [chat  ] chat_advice              40.96 tok/s  n= 400  
  [zh    ] zh_self_intro            40.58 tok/s  n= 400  
  [zh    ] zh_tea                   40.72 tok/s  n= 400  
  [zh    ] zh_debug                 40.95 tok/s  n= 400  
  [code  ] code_go_worker           41.13 tok/s  n= 400  
  [code  ] code_sql_report          41.27 tok/s  n= 400  
  [prose ] prose_market             40.89 tok/s  n= 400  
  [prose ] prose_argument           41.00 tok/s  n= 400  
  [reason] reason_probability       41.36 tok/s  n= 400  
  [reason] reason_invariant         41.34 tok/s  n= 400  
  [chat  ] chat_travel              41.23 tok/s  n= 400  
  [chat  ] chat_disagree            41.35 tok/s  n= 400  
  [zh    ] zh_moving                40.84 tok/s  n= 400  
  [zh    ] zh_review                41.19 tok/s  n= 400  

=== pass01_mtp-n3-p.00 ===
  settled: 69.0C -> 59.0C in 10.1s (clock 210.0 MHz)
  drafter: 0.27.981.532 I common_speculative_init_result: creating MTP draft context against the target model '/home/thc1006/dev/qw
  ready in 28.5s
  [code  ] code_py_ratelimiter      83.19 tok/s  n= 400  
  [code  ] code_rust_mergesort      81.12 tok/s  n= 400  
  [code  ] code_nginx_cfg           82.37 tok/s  n= 400  
  [prose ] prose_rainbow            63.66 tok/s  n= 400  
  [prose ] prose_bookshelves        56.12 tok/s  n= 400  
  [prose ] prose_letter             54.27 tok/s  n= 400  
  [reason] reason_trains            78.14 tok/s  n= 400  
  [reason] reason_zebra             64.94 tok/s  n= 400  
  [reason] reason_scheduling        66.70 tok/s  n= 400  
  [chat  ] chat_desk_robot          49.36 tok/s  n= 400  
  [chat  ] chat_music               54.20 tok/s  n= 400  
  [chat  ] chat_advice              53.58 tok/s  n= 400  
  [zh    ] zh_self_intro            49.58 tok/s  n= 400  
  [zh    ] zh_tea                   46.95 tok/s  n= 400  
  [zh    ] zh_debug                 59.40 tok/s  n= 400  
  [code  ] code_go_worker           79.11 tok/s  n= 400  
  [code  ] code_sql_report          83.12 tok/s  n= 400  
  [prose ] prose_market             51.46 tok/s  n= 400  
  [prose ] prose_argument           54.61 tok/s  n= 400  
  [reason] reason_probability       79.48 tok/s  n= 400  
  [reason] reason_invariant         64.88 tok/s  n= 400  
  [chat  ] chat_travel              57.44 tok/s  n= 400  
  [chat  ] chat_disagree            55.14 tok/s  n= 400  
  [zh    ] zh_moving                45.99 tok/s  n= 400  
  [zh    ] zh_review                50.02 tok/s  n= 400  

=== pass01_mtp-n3-p.50 ===
  settled: 74.0C -> 60.0C in 35.2s (clock 210.0 MHz)
  drafter: 0.28.973.620 I common_speculative_init_result: creating MTP draft context against the target model '/home/thc1006/dev/qw
  ready in 29.5s
  [code  ] code_py_ratelimiter      82.10 tok/s  n= 400  
  [code  ] code_rust_mergesort      78.45 tok/s  n= 400  
  [code  ] code_nginx_cfg           77.36 tok/s  n= 400  
  [prose ] prose_rainbow            56.04 tok/s  n= 400  
  [prose ] prose_bookshelves        54.20 tok/s  n= 400  
  [prose ] prose_letter             53.79 tok/s  n= 400  
  [reason] reason_trains            76.33 tok/s  n= 400  
  [reason] reason_zebra             63.15 tok/s  n= 400  
  [reason] reason_scheduling        69.59 tok/s  n= 400  
  [chat  ] chat_desk_robot          50.26 tok/s  n= 400  
  [chat  ] chat_music               53.06 tok/s  n= 400  
  [chat  ] chat_advice              53.84 tok/s  n= 400  
  [zh    ] zh_self_intro            46.83 tok/s  n= 400  
  [zh    ] zh_tea                   49.63 tok/s  n= 400  
  [zh    ] zh_debug                 59.24 tok/s  n= 400  
  [code  ] code_go_worker           75.99 tok/s  n= 400  
  [code  ] code_sql_report          81.83 tok/s  n= 400  
  [prose ] prose_market             50.12 tok/s  n= 400  
  [prose ] prose_argument           51.96 tok/s  n= 400  
  [reason] reason_probability       76.79 tok/s  n= 400  
  [reason] reason_invariant         58.70 tok/s  n= 400  
  [chat  ] chat_travel              54.55 tok/s  n= 400  
  [chat  ] chat_disagree            54.36 tok/s  n= 400  
  [zh    ] zh_moving                47.16 tok/s  n= 400  
  [zh    ] zh_review                52.24 tok/s  n= 400  

=== pass01_mtp-n3-p.75 ===
  settled: 74.0C -> 60.0C in 30.2s (clock 210.0 MHz)
  drafter: 0.29.834.688 I common_speculative_init_result: creating MTP draft context against the target model '/home/thc1006/dev/qw
  ready in 30.5s
  [code  ] code_py_ratelimiter      81.09 tok/s  n= 400  
  [code  ] code_rust_mergesort      76.85 tok/s  n= 400  
  [code  ] code_nginx_cfg           78.25 tok/s  n= 400  
  [prose ] prose_rainbow            56.02 tok/s  n= 400  
  [prose ] prose_bookshelves        50.16 tok/s  n= 400  
  [prose ] prose_letter             49.84 tok/s  n= 400  
  [reason] reason_trains            68.70 tok/s  n= 400  
  [reason] reason_zebra             57.71 tok/s  n= 400  
  [reason] reason_scheduling        63.61 tok/s  n= 400  
  [chat  ] chat_desk_robot          48.91 tok/s  n= 400  
  [chat  ] chat_music               50.68 tok/s  n= 400  
  [chat  ] chat_advice              50.55 tok/s  n= 400  
  [zh    ] zh_self_intro            47.00 tok/s  n= 400  
  [zh    ] zh_tea                   48.29 tok/s  n= 400  
  [zh    ] zh_debug                 59.28 tok/s  n= 400  
  [code  ] code_go_worker           74.50 tok/s  n= 400  
  [code  ] code_sql_report          75.29 tok/s  n= 400  
  [prose ] prose_market             47.63 tok/s  n= 400  
  [prose ] prose_argument           49.92 tok/s  n= 400  
  [reason] reason_probability       73.04 tok/s  n= 400  
  [reason] reason_invariant         55.69 tok/s  n= 400  
  [chat  ] chat_travel              53.58 tok/s  n= 400  
  [chat  ] chat_disagree            50.66 tok/s  n= 400  
  [zh    ] zh_moving                46.18 tok/s  n= 400  
  [zh    ] zh_review                49.48 tok/s  n= 400  

=== pass01_mtp-n7-p.00 ===
  settled: 74.0C -> 60.0C in 35.2s (clock 210.0 MHz)
  drafter: 0.29.458.780 I common_speculative_init_result: creating MTP draft context against the target model '/home/thc1006/dev/qw
  ready in 30.0s
  [code  ] code_py_ratelimiter      70.01 tok/s  n= 400  
  [code  ] code_rust_mergesort      66.34 tok/s  n= 400  
  [code  ] code_nginx_cfg           67.89 tok/s  n= 400  
  [prose ] prose_rainbow            40.61 tok/s  n= 400  
  [prose ] prose_bookshelves        34.13 tok/s  n= 400  
  [prose ] prose_letter             34.16 tok/s  n= 400  
  [reason] reason_trains            64.28 tok/s  n= 400  
  [reason] reason_zebra             44.51 tok/s  n= 400  
  [reason] reason_scheduling        55.07 tok/s  n= 400  
  [chat  ] chat_desk_robot          31.23 tok/s  n= 400  
  [chat  ] chat_music               33.39 tok/s  n= 400  
  [chat  ] chat_advice              34.10 tok/s  n= 400  
  [zh    ] zh_self_intro            28.66 tok/s  n= 400  
  [zh    ] zh_tea                   31.07 tok/s  n= 400  
  [zh    ] zh_debug                 44.61 tok/s  n= 400  
  [code  ] code_go_worker           65.42 tok/s  n= 400  
  [code  ] code_sql_report          74.91 tok/s  n= 400  
  [prose ] prose_market             29.33 tok/s  n= 400  
  [prose ] prose_argument           33.80 tok/s  n= 400  
  [reason] reason_probability       63.41 tok/s  n= 400  
  [reason] reason_invariant         40.86 tok/s  n= 400  
  [chat  ] chat_travel              37.87 tok/s  n= 400  
  [chat  ] chat_disagree            36.21 tok/s  n= 400  
  [zh    ] zh_moving                25.85 tok/s  n= 400  
  [zh    ] zh_review                32.82 tok/s  n= 400  

=== pass01_mtp-n7-p.50 ===
  settled: 73.0C -> 60.0C in 35.2s (clock 210.0 MHz)
  drafter: 0.30.408.958 I common_speculative_init_result: creating MTP draft context against the target model '/home/thc1006/dev/qw
  ready in 31.0s
  [code  ] code_py_ratelimiter      74.40 tok/s  n= 400  
  [code  ] code_rust_mergesort      69.27 tok/s  n= 400  
  [code  ] code_nginx_cfg           73.56 tok/s  n= 400  
  [prose ] prose_rainbow            55.09 tok/s  n= 400  
  [prose ] prose_bookshelves        49.67 tok/s  n= 400  
  [prose ] prose_letter             44.60 tok/s  n= 400  
  [reason] reason_trains            66.55 tok/s  n= 400  
  [reason] reason_zebra             53.76 tok/s  n= 400  
  [reason] reason_scheduling        58.70 tok/s  n= 400  
  [chat  ] chat_desk_robot          46.13 tok/s  n= 400  
  [chat  ] chat_music               46.00 tok/s  n= 400  
  [chat  ] chat_advice              53.52 tok/s  n= 400  
  [zh    ] zh_self_intro            43.19 tok/s  n= 400  
  [zh    ] zh_tea                   45.04 tok/s  n= 400  
  [zh    ] zh_debug                 51.12 tok/s  n= 400  
  [code  ] code_go_worker           67.88 tok/s  n= 400  
  [code  ] code_sql_report          77.47 tok/s  n= 400  
  [prose ] prose_market             48.74 tok/s  n= 400  
  [prose ] prose_argument           46.29 tok/s  n= 400  
  [reason] reason_probability       66.04 tok/s  n= 400  
  [reason] reason_invariant         51.95 tok/s  n= 400  
  [chat  ] chat_travel              51.84 tok/s  n= 400  
  [chat  ] chat_disagree            47.57 tok/s  n= 400  
  [zh    ] zh_moving                43.34 tok/s  n= 400  
  [zh    ] zh_review                47.28 tok/s  n= 400  

=== pass01_mtp-n7-p.75 ===
  settled: 73.0C -> 60.0C in 30.2s (clock 210.0 MHz)
  drafter: 0.30.024.736 I common_speculative_init_result: creating MTP draft context against the target model '/home/thc1006/dev/qw
  ready in 30.5s
  [code  ] code_py_ratelimiter      79.35 tok/s  n= 400  
  [code  ] code_rust_mergesort      76.50 tok/s  n= 400  
  [code  ] code_nginx_cfg           76.27 tok/s  n= 400  
  [prose ] prose_rainbow            55.59 tok/s  n= 400  
  [prose ] prose_bookshelves        47.82 tok/s  n= 400  
  [prose ] prose_letter             48.34 tok/s  n= 400  
  [reason] reason_trains            68.96 tok/s  n= 400  
  [reason] reason_zebra             51.39 tok/s  n= 400  
  [reason] reason_scheduling        58.72 tok/s  n= 400  
  [chat  ] chat_desk_robot          47.40 tok/s  n= 400  
  [chat  ] chat_music               51.09 tok/s  n= 400  
  [chat  ] chat_advice              50.36 tok/s  n= 400  
  [zh    ] zh_self_intro            46.88 tok/s  n= 400  
  [zh    ] zh_tea                   47.12 tok/s  n= 400  
  [zh    ] zh_debug                 54.81 tok/s  n= 400  
  [code  ] code_go_worker           74.63 tok/s  n= 400  
  [code  ] code_sql_report          76.86 tok/s  n= 400  
  [prose ] prose_market             46.03 tok/s  n= 400  
  [prose ] prose_argument           49.74 tok/s  n= 400  
  [reason] reason_probability       70.20 tok/s  n= 400  
  [reason] reason_invariant         52.72 tok/s  n= 400  
  [chat  ] chat_travel              54.39 tok/s  n= 400  
  [chat  ] chat_disagree            53.46 tok/s  n= 400  
  [zh    ] zh_moving                44.98 tok/s  n= 400  
  [zh    ] zh_review                49.05 tok/s  n= 400  

=== pass02_mtp-n3-p.00 ===
  settled: 74.0C -> 60.0C in 35.2s (clock 210.0 MHz)
  drafter: 0.29.888.299 I common_speculative_init_result: creating MTP draft context against the target model '/home/thc1006/dev/qw
  ready in 30.5s
  [code  ] code_py_ratelimiter      82.60 tok/s  n= 400  
  [code  ] code_rust_mergesort      80.88 tok/s  n= 400  
  [code  ] code_nginx_cfg           81.78 tok/s  n= 400  
  [prose ] prose_rainbow            63.50 tok/s  n= 400  
  [prose ] prose_bookshelves        55.99 tok/s  n= 400  
  [prose ] prose_letter             54.29 tok/s  n= 400  
  [reason] reason_trains            78.18 tok/s  n= 400  
  [reason] reason_zebra             64.74 tok/s  n= 400  
  [reason] reason_scheduling        66.35 tok/s  n= 400  
  [chat  ] chat_desk_robot          49.25 tok/s  n= 400  
  [chat  ] chat_music               54.09 tok/s  n= 400  
  [chat  ] chat_advice              53.47 tok/s  n= 400  
  [zh    ] zh_self_intro            49.55 tok/s  n= 400  
  [zh    ] zh_tea                   46.89 tok/s  n= 400  
  [zh    ] zh_debug                 59.12 tok/s  n= 400  
  [code  ] code_go_worker           79.00 tok/s  n= 400  
  [code  ] code_sql_report          82.90 tok/s  n= 400  
  [prose ] prose_market             51.57 tok/s  n= 400  
  [prose ] prose_argument           54.51 tok/s  n= 400  
  [reason] reason_probability       79.52 tok/s  n= 400  
  [reason] reason_invariant         64.87 tok/s  n= 400  
  [chat  ] chat_travel              57.53 tok/s  n= 400  
  [chat  ] chat_disagree            54.89 tok/s  n= 400  
  [zh    ] zh_moving                45.92 tok/s  n= 400  
  [zh    ] zh_review                49.89 tok/s  n= 400  

=== pass02_mtp-n3-p.50 ===
  settled: 74.0C -> 60.0C in 35.2s (clock 210.0 MHz)
  drafter: 0.29.330.890 I common_speculative_init_result: creating MTP draft context against the target model '/home/thc1006/dev/qw
  ready in 30.0s
  [code  ] code_py_ratelimiter      81.95 tok/s  n= 400  
  [code  ] code_rust_mergesort      77.73 tok/s  n= 400  
  [code  ] code_nginx_cfg           76.83 tok/s  n= 400  
  [prose ] prose_rainbow            56.14 tok/s  n= 400  
  [prose ] prose_bookshelves        54.06 tok/s  n= 400  
  [prose ] prose_letter             53.80 tok/s  n= 400  
  [reason] reason_trains            75.95 tok/s  n= 400  
  [reason] reason_zebra             62.71 tok/s  n= 400  
  [reason] reason_scheduling        69.30 tok/s  n= 400  
  [chat  ] chat_desk_robot          49.96 tok/s  n= 400  
  [chat  ] chat_music               52.67 tok/s  n= 400  
  [chat  ] chat_advice              53.96 tok/s  n= 400  
  [zh    ] zh_self_intro            46.60 tok/s  n= 400  
  [zh    ] zh_tea                   49.64 tok/s  n= 400  
  [zh    ] zh_debug                 59.38 tok/s  n= 400  
  [code  ] code_go_worker           76.01 tok/s  n= 400  
  [code  ] code_sql_report          81.63 tok/s  n= 400  
  [prose ] prose_market             49.92 tok/s  n= 400  
  [prose ] prose_argument           52.06 tok/s  n= 400  
  [reason] reason_probability       76.77 tok/s  n= 400  
  [reason] reason_invariant         58.70 tok/s  n= 400  
  [chat  ] chat_travel              54.70 tok/s  n= 400  
  [chat  ] chat_disagree            54.20 tok/s  n= 400  
  [zh    ] zh_moving                46.86 tok/s  n= 400  
  [zh    ] zh_review                51.91 tok/s  n= 400  

=== pass02_mtp-n3-p.75 ===
  settled: 74.0C -> 60.0C in 35.2s (clock 210.0 MHz)
  drafter: 0.31.135.671 I common_speculative_init_result: creating MTP draft context against the target model '/home/thc1006/dev/qw
  ready in 31.5s
  [code  ] code_py_ratelimiter      80.70 tok/s  n= 400  
  [code  ] code_rust_mergesort      77.05 tok/s  n= 400  
  [code  ] code_nginx_cfg           78.23 tok/s  n= 400  
  [prose ] prose_rainbow            55.72 tok/s  n= 400  
  [prose ] prose_bookshelves        49.83 tok/s  n= 400  
  [prose ] prose_letter             49.61 tok/s  n= 400  
  [reason] reason_trains            68.64 tok/s  n= 400  
  [reason] reason_zebra             57.88 tok/s  n= 400  
  [reason] reason_scheduling        63.52 tok/s  n= 400  
  [chat  ] chat_desk_robot          48.79 tok/s  n= 400  
  [chat  ] chat_music               50.42 tok/s  n= 400  
  [chat  ] chat_advice              50.62 tok/s  n= 400  
  [zh    ] zh_self_intro            47.01 tok/s  n= 400  
  [zh    ] zh_tea                   48.11 tok/s  n= 400  
  [zh    ] zh_debug                 59.13 tok/s  n= 400  
  [code  ] code_go_worker           74.43 tok/s  n= 400  
  [code  ] code_sql_report          74.94 tok/s  n= 400  
  [prose ] prose_market             47.57 tok/s  n= 400  
  [prose ] prose_argument           49.88 tok/s  n= 400  
  [reason] reason_probability       73.08 tok/s  n= 400  
  [reason] reason_invariant         55.70 tok/s  n= 400  
  [chat  ] chat_travel              53.44 tok/s  n= 400  
  [chat  ] chat_disagree            50.71 tok/s  n= 400  
  [zh    ] zh_moving                46.21 tok/s  n= 400  
  [zh    ] zh_review                49.21 tok/s  n= 400  

=== pass02_mtp-n7-p.00 ===
  settled: 74.0C -> 60.0C in 35.2s (clock 210.0 MHz)
  drafter: 0.30.094.370 I common_speculative_init_result: creating MTP draft context against the target model '/home/thc1006/dev/qw
  ready in 30.5s
  [code  ] code_py_ratelimiter      70.56 tok/s  n= 400  
  [code  ] code_rust_mergesort      66.62 tok/s  n= 400  
  [code  ] code_nginx_cfg           67.85 tok/s  n= 400  
  [prose ] prose_rainbow            40.48 tok/s  n= 400  
  [prose ] prose_bookshelves        34.07 tok/s  n= 400  
  [prose ] prose_letter             34.15 tok/s  n= 400  
  [reason] reason_trains            64.10 tok/s  n= 400  
  [reason] reason_zebra             44.55 tok/s  n= 400  
  [reason] reason_scheduling        55.18 tok/s  n= 400  
  [chat  ] chat_desk_robot          31.24 tok/s  n= 400  
  [chat  ] chat_music               33.38 tok/s  n= 400  
  [chat  ] chat_advice              34.13 tok/s  n= 400  
  [zh    ] zh_self_intro            28.52 tok/s  n= 400  
  [zh    ] zh_tea                   31.11 tok/s  n= 400  
  [zh    ] zh_debug                 44.55 tok/s  n= 400  
  [code  ] code_go_worker           65.60 tok/s  n= 400  
  [code  ] code_sql_report          74.75 tok/s  n= 400  
  [prose ] prose_market             29.30 tok/s  n= 400  
  [prose ] prose_argument           33.70 tok/s  n= 400  
  [reason] reason_probability       63.32 tok/s  n= 400  
  [reason] reason_invariant         40.84 tok/s  n= 400  
  [chat  ] chat_travel              37.85 tok/s  n= 400  
  [chat  ] chat_disagree            36.17 tok/s  n= 400  
  [zh    ] zh_moving                25.84 tok/s  n= 400  
  [zh    ] zh_review                32.83 tok/s  n= 400  

=== pass02_mtp-n7-p.50 ===
  settled: 75.0C -> 60.0C in 35.2s (clock 210.0 MHz)
  drafter: 0.30.116.105 I common_speculative_init_result: creating MTP draft context against the target model '/home/thc1006/dev/qw
  ready in 30.5s
  [code  ] code_py_ratelimiter      74.26 tok/s  n= 400  
  [code  ] code_rust_mergesort      69.17 tok/s  n= 400  
  [code  ] code_nginx_cfg           73.37 tok/s  n= 400  
  [prose ] prose_rainbow            55.15 tok/s  n= 400  
  [prose ] prose_bookshelves        49.71 tok/s  n= 400  
  [prose ] prose_letter             44.60 tok/s  n= 400  
  [reason] reason_trains            66.34 tok/s  n= 400  
  [reason] reason_zebra             53.78 tok/s  n= 400  
  [reason] reason_scheduling        58.65 tok/s  n= 400  
  [chat  ] chat_desk_robot          45.92 tok/s  n= 400  
  [chat  ] chat_music               46.00 tok/s  n= 400  
  [chat  ] chat_advice              53.19 tok/s  n= 400  
  [zh    ] zh_self_intro            43.48 tok/s  n= 400  
  [zh    ] zh_tea                   44.75 tok/s  n= 400  
  [zh    ] zh_debug                 51.21 tok/s  n= 400  
  [code  ] code_go_worker           67.63 tok/s  n= 400  
  [code  ] code_sql_report          77.43 tok/s  n= 400  
  [prose ] prose_market             49.01 tok/s  n= 400  
  [prose ] prose_argument           46.59 tok/s  n= 400  
  [reason] reason_probability       66.04 tok/s  n= 400  
  [reason] reason_invariant         51.98 tok/s  n= 400  
  [chat  ] chat_travel              51.72 tok/s  n= 400  
  [chat  ] chat_disagree            47.54 tok/s  n= 400  
  [zh    ] zh_moving                43.41 tok/s  n= 400  
  [zh    ] zh_review                47.31 tok/s  n= 400  

=== pass02_mtp-n7-p.75 ===
  settled: 73.0C -> 60.0C in 30.2s (clock 210.0 MHz)
  drafter: 0.30.107.524 I common_speculative_init_result: creating MTP draft context against the target model '/home/thc1006/dev/qw
  ready in 30.5s
  [code  ] code_py_ratelimiter      79.26 tok/s  n= 400  
  [code  ] code_rust_mergesort      75.98 tok/s  n= 400  
  [code  ] code_nginx_cfg           76.75 tok/s  n= 400  
  [prose ] prose_rainbow            55.59 tok/s  n= 400  
  [prose ] prose_bookshelves        47.54 tok/s  n= 400  
  [prose ] prose_letter             48.32 tok/s  n= 400  
  [reason] reason_trains            68.80 tok/s  n= 400  
  [reason] reason_zebra             51.54 tok/s  n= 400  
  [reason] reason_scheduling        58.65 tok/s  n= 400  
  [chat  ] chat_desk_robot          47.23 tok/s  n= 400  
  [chat  ] chat_music               51.15 tok/s  n= 400  
  [chat  ] chat_advice              50.02 tok/s  n= 400  
  [zh    ] zh_self_intro            46.66 tok/s  n= 400  
  [zh    ] zh_tea                   47.08 tok/s  n= 400  
  [zh    ] zh_debug                 54.58 tok/s  n= 400  
  [code  ] code_go_worker           74.99 tok/s  n= 400  
  [code  ] code_sql_report          76.94 tok/s  n= 400  
  [prose ] prose_market             46.00 tok/s  n= 400  
  [prose ] prose_argument           49.97 tok/s  n= 400  
  [reason] reason_probability       69.96 tok/s  n= 400  
  [reason] reason_invariant         52.51 tok/s  n= 400  
  [chat  ] chat_travel              54.18 tok/s  n= 400  
  [chat  ] chat_disagree            53.40 tok/s  n= 400  
  [zh    ] zh_moving                45.20 tok/s  n= 400  
  [zh    ] zh_review                49.22 tok/s  n= 400  

=== pass02_baseline@master ===
  settled: 73.0C -> 60.0C in 35.2s (clock 210.0 MHz)
  ready in 30.5s
  [code  ] code_py_ratelimiter      41.04 tok/s  n= 400  
  [code  ] code_rust_mergesort      40.97 tok/s  n= 400  
  [code  ] code_nginx_cfg           40.99 tok/s  n= 400  
  [prose ] prose_rainbow            40.88 tok/s  n= 400  
  [prose ] prose_bookshelves        40.57 tok/s  n= 400  
  [prose ] prose_letter             40.76 tok/s  n= 400  
  [reason] reason_trains            41.37 tok/s  n= 400  
  [reason] reason_zebra             41.20 tok/s  n= 400  
  [reason] reason_scheduling        41.23 tok/s  n= 400  
  [chat  ] chat_desk_robot          40.83 tok/s  n= 400  
  [chat  ] chat_music               40.87 tok/s  n= 400  
  [chat  ] chat_advice              40.88 tok/s  n= 400  
  [zh    ] zh_self_intro            40.52 tok/s  n= 400  
  [zh    ] zh_tea                   40.77 tok/s  n= 400  
  [zh    ] zh_debug                 40.97 tok/s  n= 400  
  [code  ] code_go_worker           41.24 tok/s  n= 400  
  [code  ] code_sql_report          41.43 tok/s  n= 400  
  [prose ] prose_market             40.90 tok/s  n= 400  
  [prose ] prose_argument           41.08 tok/s  n= 400  
  [reason] reason_probability       41.48 tok/s  n= 400  
  [reason] reason_invariant         41.40 tok/s  n= 400  
  [chat  ] chat_travel              41.29 tok/s  n= 400  
  [chat  ] chat_disagree            41.20 tok/s  n= 400  
  [zh    ] zh_moving                40.68 tok/s  n= 400  
  [zh    ] zh_review                41.04 tok/s  n= 400  

=== pass03_mtp-n3-p.50 ===
  settled: 72.0C -> 60.0C in 30.2s (clock 210.0 MHz)
  drafter: 0.29.996.506 I common_speculative_init_result: creating MTP draft context against the target model '/home/thc1006/dev/qw
  ready in 30.5s
  [code  ] code_py_ratelimiter      82.23 tok/s  n= 400  
  [code  ] code_rust_mergesort      78.09 tok/s  n= 400  
  [code  ] code_nginx_cfg           76.80 tok/s  n= 400  
  [prose ] prose_rainbow            56.05 tok/s  n= 400  
  [prose ] prose_bookshelves        54.13 tok/s  n= 400  
  [prose ] prose_letter             53.86 tok/s  n= 400  
  [reason] reason_trains            76.22 tok/s  n= 400  
  [reason] reason_zebra             63.00 tok/s  n= 400  
  [reason] reason_scheduling        69.77 tok/s  n= 400  
  [chat  ] chat_desk_robot          50.16 tok/s  n= 400  
  [chat  ] chat_music               53.32 tok/s  n= 400  
  [chat  ] chat_advice              53.99 tok/s  n= 400  
  [zh    ] zh_self_intro            46.58 tok/s  n= 400  
  [zh    ] zh_tea                   49.64 tok/s  n= 400  
  [zh    ] zh_debug                 59.50 tok/s  n= 400  
  [code  ] code_go_worker           75.98 tok/s  n= 400  
  [code  ] code_sql_report          81.84 tok/s  n= 400  
  [prose ] prose_market             50.11 tok/s  n= 400  
  [prose ] prose_argument           51.96 tok/s  n= 400  
  [reason] reason_probability       76.92 tok/s  n= 400  
  [reason] reason_invariant         58.87 tok/s  n= 400  
  [chat  ] chat_travel              54.86 tok/s  n= 400  
  [chat  ] chat_disagree            54.37 tok/s  n= 400  
  [zh    ] zh_moving                47.23 tok/s  n= 400  
  [zh    ] zh_review                52.02 tok/s  n= 400  

=== pass03_mtp-n3-p.75 ===
  settled: 74.0C -> 60.0C in 35.2s (clock 210.0 MHz)
  drafter: 0.29.557.388 I common_speculative_init_result: creating MTP draft context against the target model '/home/thc1006/dev/qw
  ready in 30.0s
  [code  ] code_py_ratelimiter      80.67 tok/s  n= 400  
  [code  ] code_rust_mergesort      76.96 tok/s  n= 400  
  [code  ] code_nginx_cfg           77.91 tok/s  n= 400  
  [prose ] prose_rainbow            55.84 tok/s  n= 400  
  [prose ] prose_bookshelves        49.93 tok/s  n= 400  
  [prose ] prose_letter             49.87 tok/s  n= 400  
  [reason] reason_trains            68.54 tok/s  n= 400  
  [reason] reason_zebra             57.80 tok/s  n= 400  
  [reason] reason_scheduling        63.63 tok/s  n= 400  
  [chat  ] chat_desk_robot          48.68 tok/s  n= 400  
  [chat  ] chat_music               50.58 tok/s  n= 400  
  [chat  ] chat_advice              50.61 tok/s  n= 400  
  [zh    ] zh_self_intro            47.02 tok/s  n= 400  
  [zh    ] zh_tea                   48.04 tok/s  n= 400  
  [zh    ] zh_debug                 59.56 tok/s  n= 400  
  [code  ] code_go_worker           74.67 tok/s  n= 400  
  [code  ] code_sql_report          75.07 tok/s  n= 400  
  [prose ] prose_market             47.53 tok/s  n= 400  
  [prose ] prose_argument           49.81 tok/s  n= 400  
  [reason] reason_probability       72.94 tok/s  n= 400  
  [reason] reason_invariant         55.75 tok/s  n= 400  
  [chat  ] chat_travel              53.60 tok/s  n= 400  
  [chat  ] chat_disagree            50.72 tok/s  n= 400  
  [zh    ] zh_moving                46.09 tok/s  n= 400  
  [zh    ] zh_review                49.33 tok/s  n= 400  

=== pass03_mtp-n7-p.00 ===
  settled: 75.0C -> 60.0C in 40.2s (clock 210.0 MHz)
  drafter: 0.30.349.860 I common_speculative_init_result: creating MTP draft context against the target model '/home/thc1006/dev/qw
  ready in 31.0s
  [code  ] code_py_ratelimiter      70.38 tok/s  n= 400  
  [code  ] code_rust_mergesort      66.31 tok/s  n= 400  
  [code  ] code_nginx_cfg           67.81 tok/s  n= 400  
  [prose ] prose_rainbow            40.61 tok/s  n= 400  
  [prose ] prose_bookshelves        34.10 tok/s  n= 400  
  [prose ] prose_letter             34.10 tok/s  n= 400  
  [reason] reason_trains            64.19 tok/s  n= 400  
  [reason] reason_zebra             44.52 tok/s  n= 400  
  [reason] reason_scheduling        55.01 tok/s  n= 400  
  [chat  ] chat_desk_robot          31.26 tok/s  n= 400  
  [chat  ] chat_music               33.34 tok/s  n= 400  
  [chat  ] chat_advice              34.14 tok/s  n= 400  
  [zh    ] zh_self_intro            28.58 tok/s  n= 400  
  [zh    ] zh_tea                   31.09 tok/s  n= 400  
  [zh    ] zh_debug                 44.61 tok/s  n= 400  
  [code  ] code_go_worker           65.37 tok/s  n= 400  
  [code  ] code_sql_report          74.84 tok/s  n= 400  
  [prose ] prose_market             29.33 tok/s  n= 400  
  [prose ] prose_argument           33.71 tok/s  n= 400  
  [reason] reason_probability       63.32 tok/s  n= 400  
  [reason] reason_invariant         40.79 tok/s  n= 400  
  [chat  ] chat_travel              37.92 tok/s  n= 400  
  [chat  ] chat_disagree            36.23 tok/s  n= 400  
  [zh    ] zh_moving                25.83 tok/s  n= 400  
  [zh    ] zh_review                32.72 tok/s  n= 400  

=== pass03_mtp-n7-p.50 ===
  settled: 74.0C -> 60.0C in 35.2s (clock 210.0 MHz)
  drafter: 0.30.027.227 I common_speculative_init_result: creating MTP draft context against the target model '/home/thc1006/dev/qw
  ready in 30.5s
  [code  ] code_py_ratelimiter      74.45 tok/s  n= 400  
  [code  ] code_rust_mergesort      69.31 tok/s  n= 400  
  [code  ] code_nginx_cfg           73.79 tok/s  n= 400  
  [prose ] prose_rainbow            55.16 tok/s  n= 400  
  [prose ] prose_bookshelves        49.80 tok/s  n= 400  
  [prose ] prose_letter             44.63 tok/s  n= 400  
  [reason] reason_trains            66.43 tok/s  n= 400  
  [reason] reason_zebra             54.17 tok/s  n= 400  
  [reason] reason_scheduling        58.75 tok/s  n= 400  
  [chat  ] chat_desk_robot          46.09 tok/s  n= 400  
  [chat  ] chat_music               45.95 tok/s  n= 400  
  [chat  ] chat_advice              53.10 tok/s  n= 400  
  [zh    ] zh_self_intro            43.37 tok/s  n= 400  
  [zh    ] zh_tea                   44.77 tok/s  n= 400  
  [zh    ] zh_debug                 51.09 tok/s  n= 400  
  [code  ] code_go_worker           67.84 tok/s  n= 400  
  [code  ] code_sql_report          77.31 tok/s  n= 400  
  [prose ] prose_market             48.59 tok/s  n= 400  
  [prose ] prose_argument           46.34 tok/s  n= 400  
  [reason] reason_probability       66.09 tok/s  n= 400  
  [reason] reason_invariant         51.89 tok/s  n= 400  
  [chat  ] chat_travel              51.79 tok/s  n= 400  
  [chat  ] chat_disagree            47.51 tok/s  n= 400  
  [zh    ] zh_moving                43.29 tok/s  n= 400  
  [zh    ] zh_review                47.17 tok/s  n= 400  

=== pass03_mtp-n7-p.75 ===
  settled: 73.0C -> 60.0C in 35.2s (clock 210.0 MHz)
  drafter: 0.30.015.407 I common_speculative_init_result: creating MTP draft context against the target model '/home/thc1006/dev/qw
  ready in 30.6s
  [code  ] code_py_ratelimiter      79.80 tok/s  n= 400  
  [code  ] code_rust_mergesort      75.80 tok/s  n= 400  
  [code  ] code_nginx_cfg           76.66 tok/s  n= 400  
  [prose ] prose_rainbow            55.89 tok/s  n= 400  
  [prose ] prose_bookshelves        47.93 tok/s  n= 400  
  [prose ] prose_letter             48.22 tok/s  n= 400  
  [reason] reason_trains            69.03 tok/s  n= 400  
  [reason] reason_zebra             51.49 tok/s  n= 400  
  [reason] reason_scheduling        58.54 tok/s  n= 400  
  [chat  ] chat_desk_robot          47.42 tok/s  n= 400  
  [chat  ] chat_music               51.11 tok/s  n= 400  
  [chat  ] chat_advice              49.88 tok/s  n= 400  
  [zh    ] zh_self_intro            46.72 tok/s  n= 400  
  [zh    ] zh_tea                   47.19 tok/s  n= 400  
  [zh    ] zh_debug                 54.58 tok/s  n= 400  
  [code  ] code_go_worker           74.91 tok/s  n= 400  
  [code  ] code_sql_report          76.85 tok/s  n= 400  
  [prose ] prose_market             46.14 tok/s  n= 400  
  [prose ] prose_argument           49.89 tok/s  n= 400  
  [reason] reason_probability       70.02 tok/s  n= 400  
  [reason] reason_invariant         52.48 tok/s  n= 400  
  [chat  ] chat_travel              54.46 tok/s  n= 400  
  [chat  ] chat_disagree            53.30 tok/s  n= 400  
  [zh    ] zh_moving                44.96 tok/s  n= 400  
  [zh    ] zh_review                49.21 tok/s  n= 400  

=== pass03_baseline@master ===
  settled: 73.0C -> 60.0C in 30.2s (clock 210.0 MHz)
  ready in 30.5s
  [code  ] code_py_ratelimiter      41.00 tok/s  n= 400  
  [code  ] code_rust_mergesort      40.84 tok/s  n= 400  
  [code  ] code_nginx_cfg           41.01 tok/s  n= 400  
  [prose ] prose_rainbow            40.95 tok/s  n= 400  
  [prose ] prose_bookshelves        40.57 tok/s  n= 400  
  [prose ] prose_letter             40.81 tok/s  n= 400  
  [reason] reason_trains            41.35 tok/s  n= 400  
  [reason] reason_zebra             41.09 tok/s  n= 400  
  [reason] reason_scheduling        41.24 tok/s  n= 400  
  [chat  ] chat_desk_robot          40.84 tok/s  n= 400  
  [chat  ] chat_music               40.86 tok/s  n= 400  
  [chat  ] chat_advice              40.93 tok/s  n= 400  
  [zh    ] zh_self_intro            40.52 tok/s  n= 400  
  [zh    ] zh_tea                   40.66 tok/s  n= 400  
  [zh    ] zh_debug                 41.02 tok/s  n= 400  
  [code  ] code_go_worker           41.16 tok/s  n= 400  
  [code  ] code_sql_report          41.32 tok/s  n= 400  
  [prose ] prose_market             41.00 tok/s  n= 400  
  [prose ] prose_argument           40.97 tok/s  n= 400  
  [reason] reason_probability       41.37 tok/s  n= 400  
  [reason] reason_invariant         41.36 tok/s  n= 400  
  [chat  ] chat_travel              41.22 tok/s  n= 400  
  [chat  ] chat_disagree            41.31 tok/s  n= 400  
  [zh    ] zh_moving                40.84 tok/s  n= 400  
  [zh    ] zh_review                41.08 tok/s  n= 400  

=== pass03_mtp-n3-p.00 ===
  settled: 72.0C -> 60.0C in 25.1s (clock 210.0 MHz)
  drafter: 0.29.304.103 I common_speculative_init_result: creating MTP draft context against the target model '/home/thc1006/dev/qw
  ready in 30.0s
  [code  ] code_py_ratelimiter      82.69 tok/s  n= 400  
  [code  ] code_rust_mergesort      80.90 tok/s  n= 400  
  [code  ] code_nginx_cfg           81.66 tok/s  n= 400  
  [prose ] prose_rainbow            63.58 tok/s  n= 400  
  [prose ] prose_bookshelves        56.11 tok/s  n= 400  
  [prose ] prose_letter             54.24 tok/s  n= 400  
  [reason] reason_trains            78.24 tok/s  n= 400  
  [reason] reason_zebra             64.84 tok/s  n= 400  
  [reason] reason_scheduling        66.69 tok/s  n= 400  
  [chat  ] chat_desk_robot          49.29 tok/s  n= 400  
  [chat  ] chat_music               54.16 tok/s  n= 400  
  [chat  ] chat_advice              53.63 tok/s  n= 400  
  [zh    ] zh_self_intro            49.49 tok/s  n= 400  
  [zh    ] zh_tea                   47.11 tok/s  n= 400  
  [zh    ] zh_debug                 59.50 tok/s  n= 400  
  [code  ] code_go_worker           79.06 tok/s  n= 400  
  [code  ] code_sql_report          82.99 tok/s  n= 400  
  [prose ] prose_market             51.56 tok/s  n= 400  
  [prose ] prose_argument           54.70 tok/s  n= 400  
  [reason] reason_probability       79.52 tok/s  n= 400  
  [reason] reason_invariant         64.84 tok/s  n= 400  
  [chat  ] chat_travel              57.42 tok/s  n= 400  
  [chat  ] chat_disagree            55.02 tok/s  n= 400  
  [zh    ] zh_moving                46.02 tok/s  n= 400  
  [zh    ] zh_review                50.01 tok/s  n= 400  
