=== round 1  interval 0.05  -> results/phase_e3_iv005_r1.json  2026-08-30T20:24:57+08:00 ===
device: [0] NVIDIA GeForce RTX 3090  24 GB  sm_86  420 W default (100-450)  mem 9751 MHz

=== pass01_baseline@pw420 ===
  gpu condition 'pw420': mem_off=0 core_off=0 pl=420.0W mem_clk=9751.0MHz
  settled: 54.0C -> 54.0C in 0.0s (clock 210.0 MHz)
  ready in 31.0s
  [code  ] code_py_ratelimiter      41.19 tok/s  n= 400  
  [code  ] code_rust_mergesort      41.12 tok/s  n= 400  
  [code  ] code_nginx_cfg           41.05 tok/s  n= 400  
  [prose ] prose_rainbow            41.08 tok/s  n= 400  
  [prose ] prose_bookshelves        40.67 tok/s  n= 400  
  [prose ] prose_letter             40.83 tok/s  n= 400  
  [reason] reason_trains            41.39 tok/s  n= 400  
  [reason] reason_zebra             41.24 tok/s  n= 400  
  [reason] reason_scheduling        41.33 tok/s  n= 400  
  [chat  ] chat_desk_robot          40.92 tok/s  n= 400  
  [chat  ] chat_music               40.89 tok/s  n= 400  
  [chat  ] chat_advice              40.92 tok/s  n= 400  
  [zh    ] zh_self_intro            40.49 tok/s  n= 400  
  [zh    ] zh_tea                   40.76 tok/s  n= 400  
  [zh    ] zh_debug                 41.01 tok/s  n= 400  
  [code  ] code_go_worker           41.16 tok/s  n= 400  
  [code  ] code_sql_report          41.29 tok/s  n= 400  
  [prose ] prose_market             40.90 tok/s  n= 400  
  [prose ] prose_argument           41.01 tok/s  n= 400  
  [reason] reason_probability       41.50 tok/s  n= 400  
  [reason] reason_invariant         41.36 tok/s  n= 400  
  [chat  ] chat_travel              41.34 tok/s  n= 400  
  [chat  ] chat_disagree            41.30 tok/s  n= 400  
  [zh    ] zh_moving                40.92 tok/s  n= 400  
  [zh    ] zh_review                41.15 tok/s  n= 400  

=== pass01_mtp-n2@pw420 ===
  gpu condition 'pw420': mem_off=0 core_off=0 pl=420.0W mem_clk=9751.0MHz
  settled: 65.0C -> 60.0C in 15.1s (clock 210.0 MHz)
  drafter: 0.31.196.011 I common_speculative_init_result: creating MTP draft context against the target model '/home/thc1006/dev/qw
  ready in 32.0s
  [code  ] code_py_ratelimiter      79.83 tok/s  n= 400  
  [code  ] code_rust_mergesort      78.76 tok/s  n= 400  
  [code  ] code_nginx_cfg           78.67 tok/s  n= 400  
  [prose ] prose_rainbow            66.08 tok/s  n= 400  
  [prose ] prose_bookshelves        60.26 tok/s  n= 400  
  [prose ] prose_letter             59.70 tok/s  n= 400  
  [reason] reason_trains            76.24 tok/s  n= 400  
  [reason] reason_zebra             67.13 tok/s  n= 400  
  [reason] reason_scheduling        70.72 tok/s  n= 400  
  [chat  ] chat_desk_robot          57.24 tok/s  n= 400  
  [chat  ] chat_music               61.95 tok/s  n= 400  
  [chat  ] chat_advice              57.70 tok/s  n= 400  
  [zh    ] zh_self_intro            56.64 tok/s  n= 400  
  [zh    ] zh_tea                   53.66 tok/s  n= 400  
  [zh    ] zh_debug                 62.79 tok/s  n= 400  
  [code  ] code_go_worker           77.49 tok/s  n= 400  
  [code  ] code_sql_report          78.12 tok/s  n= 400  
  [prose ] prose_market             56.62 tok/s  n= 400  
  [prose ] prose_argument           59.54 tok/s  n= 400  
  [reason] reason_probability       76.74 tok/s  n= 400  
  [reason] reason_invariant         67.20 tok/s  n= 400  
  [chat  ] chat_travel              62.66 tok/s  n= 400  
  [chat  ] chat_disagree            61.31 tok/s  n= 400  
  [zh    ] zh_moving                51.12 tok/s  n= 400  
  [zh    ] zh_review                56.05 tok/s  n= 400  
[gpustate] restored stock clocks
=== round 1  interval 0.10  -> results/phase_e3_iv010_r1.json  2026-08-30T20:35:01+08:00 ===
device: [0] NVIDIA GeForce RTX 3090  24 GB  sm_86  420 W default (100-450)  mem 9751 MHz

=== pass01_baseline@pw420 ===
  gpu condition 'pw420': mem_off=0 core_off=0 pl=420.0W mem_clk=9751.0MHz
  settled: 65.0C -> 60.0C in 25.2s (clock 210.0 MHz)
  ready in 28.6s
  [code  ] code_py_ratelimiter      41.07 tok/s  n= 400  
  [code  ] code_rust_mergesort      41.14 tok/s  n= 400  
  [code  ] code_nginx_cfg           41.02 tok/s  n= 400  
  [prose ] prose_rainbow            40.95 tok/s  n= 400  
  [prose ] prose_bookshelves        40.61 tok/s  n= 400  
  [prose ] prose_letter             40.87 tok/s  n= 400  
  [reason] reason_trains            41.43 tok/s  n= 400  
  [reason] reason_zebra             41.18 tok/s  n= 400  
  [reason] reason_scheduling        41.26 tok/s  n= 400  
  [chat  ] chat_desk_robot          40.93 tok/s  n= 400  
  [chat  ] chat_music               40.95 tok/s  n= 400  
  [chat  ] chat_advice              40.94 tok/s  n= 400  
  [zh    ] zh_self_intro            40.58 tok/s  n= 400  
  [zh    ] zh_tea                   40.58 tok/s  n= 400  
  [zh    ] zh_debug                 40.95 tok/s  n= 400  
  [code  ] code_go_worker           41.22 tok/s  n= 400  
  [code  ] code_sql_report          41.27 tok/s  n= 400  
  [prose ] prose_market             41.00 tok/s  n= 400  
  [prose ] prose_argument           41.07 tok/s  n= 400  
  [reason] reason_probability       41.48 tok/s  n= 400  
  [reason] reason_invariant         41.42 tok/s  n= 400  
  [chat  ] chat_travel              41.30 tok/s  n= 400  
  [chat  ] chat_disagree            41.29 tok/s  n= 400  
  [zh    ] zh_moving                40.77 tok/s  n= 400  
  [zh    ] zh_review                41.01 tok/s  n= 400  

=== pass01_mtp-n2@pw420 ===
  gpu condition 'pw420': mem_off=0 core_off=0 pl=420.0W mem_clk=9751.0MHz
  settled: 67.0C -> 60.0C in 25.2s (clock 210.0 MHz)
  drafter: 0.29.371.858 I common_speculative_init_result: creating MTP draft context against the target model '/home/thc1006/dev/qw
  ready in 30.0s
  [code  ] code_py_ratelimiter      79.40 tok/s  n= 400  
  [code  ] code_rust_mergesort      78.80 tok/s  n= 400  
  [code  ] code_nginx_cfg           78.32 tok/s  n= 400  
  [prose ] prose_rainbow            65.99 tok/s  n= 400  
  [prose ] prose_bookshelves        60.09 tok/s  n= 400  
  [prose ] prose_letter             59.75 tok/s  n= 400  
  [reason] reason_trains            76.36 tok/s  n= 400  
  [reason] reason_zebra             67.09 tok/s  n= 400  
  [reason] reason_scheduling        70.92 tok/s  n= 400  
  [chat  ] chat_desk_robot          57.24 tok/s  n= 400  
  [chat  ] chat_music               61.65 tok/s  n= 400  
  [chat  ] chat_advice              57.63 tok/s  n= 400  
  [zh    ] zh_self_intro            56.27 tok/s  n= 400  
  [zh    ] zh_tea                   53.72 tok/s  n= 400  
  [zh    ] zh_debug                 62.93 tok/s  n= 400  
  [code  ] code_go_worker           77.32 tok/s  n= 400  
  [code  ] code_sql_report          78.26 tok/s  n= 400  
  [prose ] prose_market             56.82 tok/s  n= 400  
  [prose ] prose_argument           59.72 tok/s  n= 400  
  [reason] reason_probability       76.94 tok/s  n= 400  
  [reason] reason_invariant         67.52 tok/s  n= 400  
  [chat  ] chat_travel              62.99 tok/s  n= 400  
  [chat  ] chat_disagree            61.56 tok/s  n= 400  
  [zh    ] zh_moving                51.38 tok/s  n= 400  
  [zh    ] zh_review                56.09 tok/s  n= 400  
[gpustate] restored stock clocks
=== round 1  interval 0.20  -> results/phase_e3_iv020_r1.json  2026-08-30T20:45:31+08:00 ===
device: [0] NVIDIA GeForce RTX 3090  24 GB  sm_86  420 W default (100-450)  mem 9751 MHz

=== pass01_baseline@pw420 ===
  gpu condition 'pw420': mem_off=0 core_off=0 pl=420.0W mem_clk=9751.0MHz
  settled: 65.0C -> 60.0C in 25.2s (clock 210.0 MHz)
  ready in 28.0s
  [code  ] code_py_ratelimiter      41.44 tok/s  n= 400  
  [code  ] code_rust_mergesort      41.05 tok/s  n= 400  
  [code  ] code_nginx_cfg           41.03 tok/s  n= 400  
  [prose ] prose_rainbow            40.92 tok/s  n= 400  
  [prose ] prose_bookshelves        40.59 tok/s  n= 400  
  [prose ] prose_letter             40.79 tok/s  n= 400  
  [reason] reason_trains            41.33 tok/s  n= 400  
  [reason] reason_zebra             41.13 tok/s  n= 400  
  [reason] reason_scheduling        41.17 tok/s  n= 400  
  [chat  ] chat_desk_robot          40.98 tok/s  n= 400  
  [chat  ] chat_music               40.87 tok/s  n= 400  
  [chat  ] chat_advice              40.91 tok/s  n= 400  
  [zh    ] zh_self_intro            40.71 tok/s  n= 400  
  [zh    ] zh_tea                   40.67 tok/s  n= 400  
  [zh    ] zh_debug                 41.04 tok/s  n= 400  
  [code  ] code_go_worker           41.15 tok/s  n= 400  
  [code  ] code_sql_report          41.40 tok/s  n= 400  
  [prose ] prose_market             40.93 tok/s  n= 400  
  [prose ] prose_argument           41.08 tok/s  n= 400  
  [reason] reason_probability       41.39 tok/s  n= 400  
  [reason] reason_invariant         41.39 tok/s  n= 400  
  [chat  ] chat_travel              41.18 tok/s  n= 400  
  [chat  ] chat_disagree            41.24 tok/s  n= 400  
  [zh    ] zh_moving                40.75 tok/s  n= 400  
  [zh    ] zh_review                41.05 tok/s  n= 400  

=== pass01_mtp-n2@pw420 ===
  gpu condition 'pw420': mem_off=0 core_off=0 pl=420.0W mem_clk=9751.0MHz
  settled: 67.0C -> 60.0C in 25.2s (clock 210.0 MHz)
  drafter: 0.30.008.563 I common_speculative_init_result: creating MTP draft context against the target model '/home/thc1006/dev/qw
  ready in 30.6s
  [code  ] code_py_ratelimiter      79.68 tok/s  n= 400  
  [code  ] code_rust_mergesort      79.05 tok/s  n= 400  
  [code  ] code_nginx_cfg           78.44 tok/s  n= 400  
  [prose ] prose_rainbow            66.14 tok/s  n= 400  
  [prose ] prose_bookshelves        60.12 tok/s  n= 400  
  [prose ] prose_letter             59.65 tok/s  n= 400  
  [reason] reason_trains            76.07 tok/s  n= 400  
  [reason] reason_zebra             67.12 tok/s  n= 400  
  [reason] reason_scheduling        70.90 tok/s  n= 400  
  [chat  ] chat_desk_robot          57.09 tok/s  n= 400  
  [chat  ] chat_music               61.75 tok/s  n= 400  
  [chat  ] chat_advice              57.51 tok/s  n= 400  
  [zh    ] zh_self_intro            56.16 tok/s  n= 400  
  [zh    ] zh_tea                   53.69 tok/s  n= 400  
  [zh    ] zh_debug                 62.69 tok/s  n= 400  
  [code  ] code_go_worker           77.32 tok/s  n= 400  
  [code  ] code_sql_report          78.18 tok/s  n= 400  
  [prose ] prose_market             56.66 tok/s  n= 400  
  [prose ] prose_argument           59.60 tok/s  n= 400  
  [reason] reason_probability       76.83 tok/s  n= 400  
  [reason] reason_invariant         67.36 tok/s  n= 400  
  [chat  ] chat_travel              62.70 tok/s  n= 400  
  [chat  ] chat_disagree            61.38 tok/s  n= 400  
  [zh    ] zh_moving                51.22 tok/s  n= 400  
  [zh    ] zh_review                55.98 tok/s  n= 400  
[gpustate] restored stock clocks
=== round 2  interval 0.10  -> results/phase_e3_iv010_r2.json  2026-08-30T20:56:02+08:00 ===
device: [0] NVIDIA GeForce RTX 3090  24 GB  sm_86  420 W default (100-450)  mem 9751 MHz

=== pass01_baseline@pw420 ===
  gpu condition 'pw420': mem_off=0 core_off=0 pl=420.0W mem_clk=9751.0MHz
  settled: 65.0C -> 60.0C in 25.2s (clock 210.0 MHz)
  ready in 29.6s
  [code  ] code_py_ratelimiter      41.02 tok/s  n= 400  
  [code  ] code_rust_mergesort      41.03 tok/s  n= 400  
  [code  ] code_nginx_cfg           40.95 tok/s  n= 400  
  [prose ] prose_rainbow            40.99 tok/s  n= 400  
  [prose ] prose_bookshelves        40.58 tok/s  n= 400  
  [prose ] prose_letter             40.84 tok/s  n= 400  
  [reason] reason_trains            41.37 tok/s  n= 400  
  [reason] reason_zebra             41.22 tok/s  n= 400  
  [reason] reason_scheduling        41.20 tok/s  n= 400  
  [chat  ] chat_desk_robot          40.87 tok/s  n= 400  
  [chat  ] chat_music               40.91 tok/s  n= 400  
  [chat  ] chat_advice              40.85 tok/s  n= 400  
  [zh    ] zh_self_intro            40.45 tok/s  n= 400  
  [zh    ] zh_tea                   40.75 tok/s  n= 400  
  [zh    ] zh_debug                 41.03 tok/s  n= 400  
  [code  ] code_go_worker           41.25 tok/s  n= 400  
  [code  ] code_sql_report          41.33 tok/s  n= 400  
  [prose ] prose_market             41.06 tok/s  n= 400  
  [prose ] prose_argument           40.95 tok/s  n= 400  
  [reason] reason_probability       41.47 tok/s  n= 400  
  [reason] reason_invariant         41.41 tok/s  n= 400  
  [chat  ] chat_travel              41.21 tok/s  n= 400  
  [chat  ] chat_disagree            41.21 tok/s  n= 400  
  [zh    ] zh_moving                40.80 tok/s  n= 400  
  [zh    ] zh_review                41.08 tok/s  n= 400  

=== pass01_mtp-n2@pw420 ===
  gpu condition 'pw420': mem_off=0 core_off=0 pl=420.0W mem_clk=9751.0MHz
  settled: 66.0C -> 60.0C in 20.1s (clock 210.0 MHz)
  drafter: 0.30.795.613 I common_speculative_init_result: creating MTP draft context against the target model '/home/thc1006/dev/qw
  ready in 31.6s
  [code  ] code_py_ratelimiter      79.77 tok/s  n= 400  
  [code  ] code_rust_mergesort      78.88 tok/s  n= 400  
  [code  ] code_nginx_cfg           78.46 tok/s  n= 400  
  [prose ] prose_rainbow            66.09 tok/s  n= 400  
  [prose ] prose_bookshelves        59.74 tok/s  n= 400  
  [prose ] prose_letter             59.54 tok/s  n= 400  
  [reason] reason_trains            75.91 tok/s  n= 400  
  [reason] reason_zebra             67.03 tok/s  n= 400  
  [reason] reason_scheduling        70.80 tok/s  n= 400  
  [chat  ] chat_desk_robot          57.15 tok/s  n= 400  
  [chat  ] chat_music               61.71 tok/s  n= 400  
  [chat  ] chat_advice              57.21 tok/s  n= 400  
  [zh    ] zh_self_intro            55.72 tok/s  n= 400  
  [zh    ] zh_tea                   53.47 tok/s  n= 400  
  [zh    ] zh_debug                 62.68 tok/s  n= 400  
  [code  ] code_go_worker           77.48 tok/s  n= 400  
  [code  ] code_sql_report          78.28 tok/s  n= 400  
  [prose ] prose_market             56.71 tok/s  n= 400  
  [prose ] prose_argument           59.53 tok/s  n= 400  
  [reason] reason_probability       76.76 tok/s  n= 400  
  [reason] reason_invariant         67.05 tok/s  n= 400  
  [chat  ] chat_travel              62.67 tok/s  n= 400  
  [chat  ] chat_disagree            61.41 tok/s  n= 400  
  [zh    ] zh_moving                51.22 tok/s  n= 400  
  [zh    ] zh_review                56.11 tok/s  n= 400  
[gpustate] restored stock clocks
=== round 2  interval 0.20  -> results/phase_e3_iv020_r2.json  2026-08-30T21:06:39+08:00 ===
device: [0] NVIDIA GeForce RTX 3090  24 GB  sm_86  420 W default (100-450)  mem 9751 MHz

=== pass01_baseline@pw420 ===
  gpu condition 'pw420': mem_off=0 core_off=0 pl=420.0W mem_clk=9751.0MHz
  settled: 65.0C -> 60.0C in 25.2s (clock 210.0 MHz)
  ready in 30.1s
  [code  ] code_py_ratelimiter      41.12 tok/s  n= 400  
  [code  ] code_rust_mergesort      41.00 tok/s  n= 400  
  [code  ] code_nginx_cfg           40.95 tok/s  n= 400  
  [prose ] prose_rainbow            40.78 tok/s  n= 400  
  [prose ] prose_bookshelves        40.52 tok/s  n= 400  
  [prose ] prose_letter             40.79 tok/s  n= 400  
  [reason] reason_trains            41.23 tok/s  n= 400  
  [reason] reason_zebra             41.13 tok/s  n= 400  
  [reason] reason_scheduling        41.18 tok/s  n= 400  
  [chat  ] chat_desk_robot          40.86 tok/s  n= 400  
  [chat  ] chat_music               40.86 tok/s  n= 400  
  [chat  ] chat_advice              40.91 tok/s  n= 400  
  [zh    ] zh_self_intro            40.54 tok/s  n= 400  
  [zh    ] zh_tea                   40.69 tok/s  n= 400  
  [zh    ] zh_debug                 40.94 tok/s  n= 400  
  [code  ] code_go_worker           41.18 tok/s  n= 400  
  [code  ] code_sql_report          41.31 tok/s  n= 400  
  [prose ] prose_market             41.04 tok/s  n= 400  
  [prose ] prose_argument           40.94 tok/s  n= 400  
  [reason] reason_probability       41.47 tok/s  n= 400  
  [reason] reason_invariant         41.41 tok/s  n= 400  
  [chat  ] chat_travel              41.28 tok/s  n= 400  
  [chat  ] chat_disagree            41.32 tok/s  n= 400  
  [zh    ] zh_moving                40.85 tok/s  n= 400  
  [zh    ] zh_review                41.01 tok/s  n= 400  

=== pass01_mtp-n2@pw420 ===
  gpu condition 'pw420': mem_off=0 core_off=0 pl=420.0W mem_clk=9751.0MHz
  settled: 66.0C -> 60.0C in 25.2s (clock 210.0 MHz)
  drafter: 0.27.597.378 I common_speculative_init_result: creating MTP draft context against the target model '/home/thc1006/dev/qw
  ready in 28.0s
  [code  ] code_py_ratelimiter      80.50 tok/s  n= 400  
  [code  ] code_rust_mergesort      78.66 tok/s  n= 400  
  [code  ] code_nginx_cfg           78.40 tok/s  n= 400  
  [prose ] prose_rainbow            66.33 tok/s  n= 400  
  [prose ] prose_bookshelves        60.08 tok/s  n= 400  
  [prose ] prose_letter             59.61 tok/s  n= 400  
  [reason] reason_trains            76.09 tok/s  n= 400  
  [reason] reason_zebra             67.09 tok/s  n= 400  
  [reason] reason_scheduling        70.81 tok/s  n= 400  
  [chat  ] chat_desk_robot          57.17 tok/s  n= 400  
  [chat  ] chat_music               61.63 tok/s  n= 400  
  [chat  ] chat_advice              57.30 tok/s  n= 400  
  [zh    ] zh_self_intro            56.10 tok/s  n= 400  
  [zh    ] zh_tea                   53.67 tok/s  n= 400  
  [zh    ] zh_debug                 62.80 tok/s  n= 400  
  [code  ] code_go_worker           77.54 tok/s  n= 400  
  [code  ] code_sql_report          78.11 tok/s  n= 400  
  [prose ] prose_market             56.82 tok/s  n= 400  
  [prose ] prose_argument           59.63 tok/s  n= 400  
  [reason] reason_probability       76.96 tok/s  n= 400  
  [reason] reason_invariant         67.21 tok/s  n= 400  
  [chat  ] chat_travel              62.67 tok/s  n= 400  
  [chat  ] chat_disagree            61.45 tok/s  n= 400  
  [zh    ] zh_moving                51.32 tok/s  n= 400  
  [zh    ] zh_review                56.23 tok/s  n= 400  
[gpustate] restored stock clocks
=== round 2  interval 0.05  -> results/phase_e3_iv005_r2.json  2026-08-30T21:17:13+08:00 ===
device: [0] NVIDIA GeForce RTX 3090  24 GB  sm_86  420 W default (100-450)  mem 9751 MHz

=== pass01_baseline@pw420 ===
  gpu condition 'pw420': mem_off=0 core_off=0 pl=420.0W mem_clk=9751.0MHz
  settled: 65.0C -> 60.0C in 20.1s (clock 210.0 MHz)
  ready in 31.1s
  [code  ] code_py_ratelimiter      41.16 tok/s  n= 400  
  [code  ] code_rust_mergesort      40.93 tok/s  n= 400  
  [code  ] code_nginx_cfg           41.01 tok/s  n= 400  
  [prose ] prose_rainbow            40.94 tok/s  n= 400  
  [prose ] prose_bookshelves        40.68 tok/s  n= 400  
  [prose ] prose_letter             40.81 tok/s  n= 400  
  [reason] reason_trains            41.32 tok/s  n= 400  
  [reason] reason_zebra             41.24 tok/s  n= 400  
  [reason] reason_scheduling        41.30 tok/s  n= 400  
  [chat  ] chat_desk_robot          40.82 tok/s  n= 400  
  [chat  ] chat_music               40.91 tok/s  n= 400  
  [chat  ] chat_advice              40.84 tok/s  n= 400  
  [zh    ] zh_self_intro            40.58 tok/s  n= 400  
  [zh    ] zh_tea                   40.64 tok/s  n= 400  
  [zh    ] zh_debug                 41.06 tok/s  n= 400  
  [code  ] code_go_worker           41.19 tok/s  n= 400  
  [code  ] code_sql_report          41.27 tok/s  n= 400  
  [prose ] prose_market             40.98 tok/s  n= 400  
  [prose ] prose_argument           41.07 tok/s  n= 400  
  [reason] reason_probability       41.47 tok/s  n= 400  
  [reason] reason_invariant         41.42 tok/s  n= 400  
  [chat  ] chat_travel              41.16 tok/s  n= 400  
  [chat  ] chat_disagree            41.25 tok/s  n= 400  
  [zh    ] zh_moving                40.77 tok/s  n= 400  
  [zh    ] zh_review                41.08 tok/s  n= 400  

=== pass01_mtp-n2@pw420 ===
  gpu condition 'pw420': mem_off=0 core_off=0 pl=420.0W mem_clk=9751.0MHz
  settled: 68.0C -> 59.0C in 30.2s (clock 210.0 MHz)
  drafter: 0.28.921.206 I common_speculative_init_result: creating MTP draft context against the target model '/home/thc1006/dev/qw
  ready in 29.6s
  [code  ] code_py_ratelimiter      79.54 tok/s  n= 400  
  [code  ] code_rust_mergesort      78.67 tok/s  n= 400  
  [code  ] code_nginx_cfg           78.09 tok/s  n= 400  
  [prose ] prose_rainbow            66.14 tok/s  n= 400  
  [prose ] prose_bookshelves        59.94 tok/s  n= 400  
  [prose ] prose_letter             59.52 tok/s  n= 400  
  [reason] reason_trains            76.16 tok/s  n= 400  
  [reason] reason_zebra             66.99 tok/s  n= 400  
  [reason] reason_scheduling        70.74 tok/s  n= 400  
  [chat  ] chat_desk_robot          57.04 tok/s  n= 400  
  [chat  ] chat_music               61.70 tok/s  n= 400  
  [chat  ] chat_advice              57.68 tok/s  n= 400  
  [zh    ] zh_self_intro            56.13 tok/s  n= 400  
  [zh    ] zh_tea                   53.73 tok/s  n= 400  
  [zh    ] zh_debug                 62.65 tok/s  n= 400  
  [code  ] code_go_worker           77.49 tok/s  n= 400  
  [code  ] code_sql_report          78.27 tok/s  n= 400  
  [prose ] prose_market             56.71 tok/s  n= 400  
  [prose ] prose_argument           59.69 tok/s  n= 400  
  [reason] reason_probability       76.65 tok/s  n= 400  
  [reason] reason_invariant         67.40 tok/s  n= 400  
  [chat  ] chat_travel              62.77 tok/s  n= 400  
  [chat  ] chat_disagree            61.17 tok/s  n= 400  
  [zh    ] zh_moving                51.27 tok/s  n= 400  
  [zh    ] zh_review                56.12 tok/s  n= 400  
[gpustate] restored stock clocks
=== round 3  interval 0.20  -> results/phase_e3_iv020_r3.json  2026-08-30T21:27:56+08:00 ===
device: [0] NVIDIA GeForce RTX 3090  24 GB  sm_86  420 W default (100-450)  mem 9751 MHz

=== pass01_baseline@pw420 ===
  gpu condition 'pw420': mem_off=0 core_off=0 pl=420.0W mem_clk=9751.0MHz
  settled: 65.0C -> 60.0C in 25.1s (clock 210.0 MHz)
  ready in 30.0s
  [code  ] code_py_ratelimiter      41.00 tok/s  n= 400  
  [code  ] code_rust_mergesort      40.97 tok/s  n= 400  
  [code  ] code_nginx_cfg           40.92 tok/s  n= 400  
  [prose ] prose_rainbow            40.98 tok/s  n= 400  
  [prose ] prose_bookshelves        40.65 tok/s  n= 400  
  [prose ] prose_letter             40.68 tok/s  n= 400  
  [reason] reason_trains            41.32 tok/s  n= 400  
  [reason] reason_zebra             41.11 tok/s  n= 400  
  [reason] reason_scheduling        41.19 tok/s  n= 400  
  [chat  ] chat_desk_robot          40.89 tok/s  n= 400  
  [chat  ] chat_music               41.00 tok/s  n= 400  
  [chat  ] chat_advice              40.99 tok/s  n= 400  
  [zh    ] zh_self_intro            40.65 tok/s  n= 400  
  [zh    ] zh_tea                   40.83 tok/s  n= 400  
  [zh    ] zh_debug                 41.14 tok/s  n= 400  
  [code  ] code_go_worker           41.20 tok/s  n= 400  
  [code  ] code_sql_report          41.41 tok/s  n= 400  
  [prose ] prose_market             41.04 tok/s  n= 400  
  [prose ] prose_argument           41.07 tok/s  n= 400  
  [reason] reason_probability       41.45 tok/s  n= 400  
  [reason] reason_invariant         41.43 tok/s  n= 400  
  [chat  ] chat_travel              41.21 tok/s  n= 400  
  [chat  ] chat_disagree            41.17 tok/s  n= 400  
  [zh    ] zh_moving                40.75 tok/s  n= 400  
  [zh    ] zh_review                41.01 tok/s  n= 400  

=== pass01_mtp-n2@pw420 ===
  gpu condition 'pw420': mem_off=0 core_off=0 pl=420.0W mem_clk=9751.0MHz
  settled: 68.0C -> 60.0C in 25.1s (clock 210.0 MHz)
  drafter: 0.28.991.043 I common_speculative_init_result: creating MTP draft context against the target model '/home/thc1006/dev/qw
  ready in 29.5s
  [code  ] code_py_ratelimiter      79.48 tok/s  n= 400  
  [code  ] code_rust_mergesort      79.05 tok/s  n= 400  
  [code  ] code_nginx_cfg           78.39 tok/s  n= 400  
  [prose ] prose_rainbow            65.91 tok/s  n= 400  
  [prose ] prose_bookshelves        59.91 tok/s  n= 400  
  [prose ] prose_letter             59.52 tok/s  n= 400  
  [reason] reason_trains            76.28 tok/s  n= 400  
  [reason] reason_zebra             67.06 tok/s  n= 400  
  [reason] reason_scheduling        70.93 tok/s  n= 400  
  [chat  ] chat_desk_robot          57.12 tok/s  n= 400  
  [chat  ] chat_music               61.56 tok/s  n= 400  
  [chat  ] chat_advice              57.48 tok/s  n= 400  
  [zh    ] zh_self_intro            56.15 tok/s  n= 400  
  [zh    ] zh_tea                   53.66 tok/s  n= 400  
  [zh    ] zh_debug                 62.52 tok/s  n= 400  
  [code  ] code_go_worker           77.73 tok/s  n= 400  
  [code  ] code_sql_report          78.24 tok/s  n= 400  
  [prose ] prose_market             56.63 tok/s  n= 400  
  [prose ] prose_argument           59.58 tok/s  n= 400  
  [reason] reason_probability       76.59 tok/s  n= 400  
  [reason] reason_invariant         67.37 tok/s  n= 400  
  [chat  ] chat_travel              62.78 tok/s  n= 400  
  [chat  ] chat_disagree            61.40 tok/s  n= 400  
  [zh    ] zh_moving                51.19 tok/s  n= 400  
  [zh    ] zh_review                56.23 tok/s  n= 400  
[gpustate] restored stock clocks
=== round 3  interval 0.05  -> results/phase_e3_iv005_r3.json  2026-08-30T21:38:27+08:00 ===
device: [0] NVIDIA GeForce RTX 3090  24 GB  sm_86  420 W default (100-450)  mem 9751 MHz

=== pass01_baseline@pw420 ===
  gpu condition 'pw420': mem_off=0 core_off=0 pl=420.0W mem_clk=9751.0MHz
  settled: 64.0C -> 60.0C in 25.2s (clock 210.0 MHz)
  ready in 30.1s
  [code  ] code_py_ratelimiter      40.85 tok/s  n= 400  
  [code  ] code_rust_mergesort      41.00 tok/s  n= 400  
  [code  ] code_nginx_cfg           40.96 tok/s  n= 400  
  [prose ] prose_rainbow            40.92 tok/s  n= 400  
  [prose ] prose_bookshelves        40.66 tok/s  n= 400  
  [prose ] prose_letter             40.82 tok/s  n= 400  
  [reason] reason_trains            41.38 tok/s  n= 400  
  [reason] reason_zebra             41.11 tok/s  n= 400  
  [reason] reason_scheduling        41.18 tok/s  n= 400  
  [chat  ] chat_desk_robot          41.11 tok/s  n= 400  
  [chat  ] chat_music               40.93 tok/s  n= 400  
  [chat  ] chat_advice              40.91 tok/s  n= 400  
  [zh    ] zh_self_intro            40.63 tok/s  n= 400  
  [zh    ] zh_tea                   40.74 tok/s  n= 400  
  [zh    ] zh_debug                 41.03 tok/s  n= 400  
  [code  ] code_go_worker           41.26 tok/s  n= 400  
  [code  ] code_sql_report          41.28 tok/s  n= 400  
  [prose ] prose_market             41.04 tok/s  n= 400  
  [prose ] prose_argument           41.08 tok/s  n= 400  
  [reason] reason_probability       41.41 tok/s  n= 400  
  [reason] reason_invariant         41.33 tok/s  n= 400  
  [chat  ] chat_travel              41.22 tok/s  n= 400  
  [chat  ] chat_disagree            41.22 tok/s  n= 400  
  [zh    ] zh_moving                40.71 tok/s  n= 400  
  [zh    ] zh_review                41.11 tok/s  n= 400  

=== pass01_mtp-n2@pw420 ===
  gpu condition 'pw420': mem_off=0 core_off=0 pl=420.0W mem_clk=9751.0MHz
  settled: 67.0C -> 60.0C in 30.2s (clock 210.0 MHz)
  drafter: 0.28.150.591 I common_speculative_init_result: creating MTP draft context against the target model '/home/thc1006/dev/qw
  ready in 28.5s
  [code  ] code_py_ratelimiter      79.70 tok/s  n= 400  
  [code  ] code_rust_mergesort      78.65 tok/s  n= 400  
  [code  ] code_nginx_cfg           78.32 tok/s  n= 400  
  [prose ] prose_rainbow            66.08 tok/s  n= 400  
  [prose ] prose_bookshelves        59.91 tok/s  n= 400  
  [prose ] prose_letter             59.62 tok/s  n= 400  
  [reason] reason_trains            75.96 tok/s  n= 400  
  [reason] reason_zebra             66.89 tok/s  n= 400  
  [reason] reason_scheduling        70.84 tok/s  n= 400  
  [chat  ] chat_desk_robot          57.04 tok/s  n= 400  
  [chat  ] chat_music               61.70 tok/s  n= 400  
  [chat  ] chat_advice              57.46 tok/s  n= 400  
  [zh    ] zh_self_intro            56.27 tok/s  n= 400  
  [zh    ] zh_tea                   53.67 tok/s  n= 400  
  [zh    ] zh_debug                 62.89 tok/s  n= 400  
  [code  ] code_go_worker           77.42 tok/s  n= 400  
  [code  ] code_sql_report          77.99 tok/s  n= 400  
  [prose ] prose_market             56.54 tok/s  n= 400  
  [prose ] prose_argument           59.65 tok/s  n= 400  
  [reason] reason_probability       76.86 tok/s  n= 400  
  [reason] reason_invariant         67.35 tok/s  n= 400  
  [chat  ] chat_travel              62.77 tok/s  n= 400  
  [chat  ] chat_disagree            61.35 tok/s  n= 400  
  [zh    ] zh_moving                51.15 tok/s  n= 400  
  [zh    ] zh_review                56.04 tok/s  n= 400  
[gpustate] restored stock clocks
=== round 3  interval 0.10  -> results/phase_e3_iv010_r3.json  2026-08-30T21:49:12+08:00 ===
device: [0] NVIDIA GeForce RTX 3090  24 GB  sm_86  420 W default (100-450)  mem 9751 MHz

=== pass01_baseline@pw420 ===
  gpu condition 'pw420': mem_off=0 core_off=0 pl=420.0W mem_clk=9751.0MHz
  settled: 65.0C -> 60.0C in 25.2s (clock 210.0 MHz)
  ready in 30.1s
  [code  ] code_py_ratelimiter      40.96 tok/s  n= 400  
  [code  ] code_rust_mergesort      41.03 tok/s  n= 400  
  [code  ] code_nginx_cfg           40.97 tok/s  n= 400  
  [prose ] prose_rainbow            40.90 tok/s  n= 400  
  [prose ] prose_bookshelves        40.45 tok/s  n= 400  
  [prose ] prose_letter             40.78 tok/s  n= 400  
  [reason] reason_trains            41.30 tok/s  n= 400  
  [reason] reason_zebra             41.20 tok/s  n= 400  
  [reason] reason_scheduling        41.24 tok/s  n= 400  
  [chat  ] chat_desk_robot          40.94 tok/s  n= 400  
  [chat  ] chat_music               40.91 tok/s  n= 400  
  [chat  ] chat_advice              40.87 tok/s  n= 400  
  [zh    ] zh_self_intro            40.57 tok/s  n= 400  
  [zh    ] zh_tea                   40.74 tok/s  n= 400  
  [zh    ] zh_debug                 40.90 tok/s  n= 400  
  [code  ] code_go_worker           41.22 tok/s  n= 400  
  [code  ] code_sql_report          41.28 tok/s  n= 400  
  [prose ] prose_market             40.90 tok/s  n= 400  
  [prose ] prose_argument           41.04 tok/s  n= 400  
  [reason] reason_probability       41.36 tok/s  n= 400  
  [reason] reason_invariant         41.27 tok/s  n= 400  
  [chat  ] chat_travel              41.17 tok/s  n= 400  
  [chat  ] chat_disagree            41.20 tok/s  n= 400  
  [zh    ] zh_moving                40.80 tok/s  n= 400  
  [zh    ] zh_review                41.01 tok/s  n= 400  

=== pass01_mtp-n2@pw420 ===
  gpu condition 'pw420': mem_off=0 core_off=0 pl=420.0W mem_clk=9751.0MHz
  settled: 66.0C -> 60.0C in 25.1s (clock 210.0 MHz)
  drafter: 0.28.370.967 I common_speculative_init_result: creating MTP draft context against the target model '/home/thc1006/dev/qw
  ready in 29.0s
  [code  ] code_py_ratelimiter      80.00 tok/s  n= 400  
  [code  ] code_rust_mergesort      78.96 tok/s  n= 400  
  [code  ] code_nginx_cfg           78.44 tok/s  n= 400  
  [prose ] prose_rainbow            66.00 tok/s  n= 400  
  [prose ] prose_bookshelves        59.83 tok/s  n= 400  
  [prose ] prose_letter             59.45 tok/s  n= 400  
  [reason] reason_trains            76.26 tok/s  n= 400  
  [reason] reason_zebra             67.09 tok/s  n= 400  
  [reason] reason_scheduling        70.42 tok/s  n= 400  
  [chat  ] chat_desk_robot          56.93 tok/s  n= 400  
  [chat  ] chat_music               61.65 tok/s  n= 400  
  [chat  ] chat_advice              57.32 tok/s  n= 400  
  [zh    ] zh_self_intro            55.90 tok/s  n= 400  
  [zh    ] zh_tea                   53.58 tok/s  n= 400  
  [zh    ] zh_debug                 62.95 tok/s  n= 400  
  [code  ] code_go_worker           77.44 tok/s  n= 400  
  [code  ] code_sql_report          78.14 tok/s  n= 400  
  [prose ] prose_market             56.44 tok/s  n= 400  
  [prose ] prose_argument           59.67 tok/s  n= 400  
  [reason] reason_probability       76.83 tok/s  n= 400  
  [reason] reason_invariant         67.30 tok/s  n= 400  
  [chat  ] chat_travel              62.84 tok/s  n= 400  
  [chat  ] chat_disagree            61.45 tok/s  n= 400  
  [zh    ] zh_moving                51.24 tok/s  n= 400  
  [zh    ] zh_review                56.00 tok/s  n= 400  
[gpustate] restored stock clocks
=== E3 done 2026-08-30T21:59:47+08:00, 0 failed invocation(s) ===
