device: [0] NVIDIA GeForce RTX 3090  24 GB  sm_86  420 W default (100-450)  mem 9751 MHz
[devices] idle floor 40 C on GPU 0 (stabilised after 15s, 4 samples, 40 -> 40 C, last 4 span 0 C)
thermal gate targets 48 C (measured floor 40 C + 8 C margin)

=== pass01_baseline@UD-Q5_K_XL ===
  settled: 40.0C -> 40.0C in 0.1s (clock 210.0 MHz)
  ready in 34.1s
  [code  ] code_py_ratelimiter      36.02 tok/s  n= 400  
  [code  ] code_rust_mergesort      36.05 tok/s  n= 400  
  [code  ] code_nginx_cfg           35.92 tok/s  n= 400  
  [prose ] prose_rainbow            35.73 tok/s  n= 400  
  [prose ] prose_bookshelves        35.77 tok/s  n= 400  
  [prose ] prose_letter             35.83 tok/s  n= 400  
  [reason] reason_trains            36.23 tok/s  n= 400  
  [reason] reason_zebra             36.00 tok/s  n= 400  
  [reason] reason_scheduling        36.04 tok/s  n= 400  
  [chat  ] chat_desk_robot          35.92 tok/s  n= 400  
  [chat  ] chat_music               35.75 tok/s  n= 400  
  [chat  ] chat_advice              35.75 tok/s  n= 400  
  [zh    ] zh_self_intro            35.47 tok/s  n= 400  
  [zh    ] zh_tea                   35.53 tok/s  n= 400  
  [zh    ] zh_debug                 35.70 tok/s  n= 400  
  [code  ] code_go_worker           35.76 tok/s  n= 400  
  [code  ] code_sql_report          35.92 tok/s  n= 400  
  [prose ] prose_market             35.62 tok/s  n= 400  
  [prose ] prose_argument           35.88 tok/s  n= 400  
  [reason] reason_probability       36.22 tok/s  n= 400  
  [reason] reason_invariant         36.17 tok/s  n= 400  
  [chat  ] chat_travel              36.03 tok/s  n= 400  
  [chat  ] chat_disagree            36.04 tok/s  n= 400  
  [zh    ] zh_moving                35.78 tok/s  n= 400  
  [zh    ] zh_review                35.79 tok/s  n= 400  

=== pass01_mtp-n2@UD-Q5_K_XL ===
  settled: 70.0C -> 48.0C in 130.6s (clock 210.0 MHz)
  drafter: 0.25.227.352 I common_speculative_init_result: creating MTP draft context against the target model '/home/thc1006/dev/qw
  ready in 26.0s
  [code  ] code_py_ratelimiter      72.82 tok/s  n= 400  
  [code  ] code_rust_mergesort      72.79 tok/s  n= 400  
  [code  ] code_nginx_cfg           71.85 tok/s  n= 400  
  [prose ] prose_rainbow            61.48 tok/s  n= 400  
  [prose ] prose_bookshelves        52.38 tok/s  n= 400  
  [prose ] prose_letter             59.16 tok/s  n= 400  
  [reason] reason_trains            69.00 tok/s  n= 400  
  [reason] reason_zebra             59.63 tok/s  n= 400  
  [reason] reason_scheduling        64.47 tok/s  n= 400  
  [chat  ] chat_desk_robot          51.96 tok/s  n= 400  
  [chat  ] chat_music               53.88 tok/s  n= 400  
  [chat  ] chat_advice              55.44 tok/s  n= 400  
  [zh    ] zh_self_intro            49.85 tok/s  n= 377  SHORT(377)
  [zh    ] zh_tea                   51.38 tok/s  n= 400  
  [zh    ] zh_debug                 58.12 tok/s  n= 400  
  [code  ] code_go_worker           70.60 tok/s  n= 400  
  [code  ] code_sql_report          72.41 tok/s  n= 400  
  [prose ] prose_market             51.59 tok/s  n= 400  
  [prose ] prose_argument           56.19 tok/s  n= 400  
  [reason] reason_probability       71.24 tok/s  n= 400  
  [reason] reason_invariant         57.46 tok/s  n= 400  
  [chat  ] chat_travel              56.16 tok/s  n= 400  
  [chat  ] chat_disagree            54.21 tok/s  n= 400  
  [zh    ] zh_moving                47.18 tok/s  n= 400  
  [zh    ] zh_review                51.55 tok/s  n= 400  

=== pass01_mtp-n3@UD-Q5_K_XL ===
  settled: 75.0C -> 48.0C in 150.7s (clock 210.0 MHz)
  drafter: 0.26.396.282 I common_speculative_init_result: creating MTP draft context against the target model '/home/thc1006/dev/qw
  ready in 27.0s
  [code  ] code_py_ratelimiter      76.64 tok/s  n= 400  
  [code  ] code_rust_mergesort      72.09 tok/s  n= 400  
  [code  ] code_nginx_cfg           74.39 tok/s  n= 400  
  [prose ] prose_rainbow            59.05 tok/s  n= 400  
  [prose ] prose_bookshelves        47.00 tok/s  n= 400  
  [prose ] prose_letter             52.75 tok/s  n= 400  
  [reason] reason_trains            71.31 tok/s  n= 400  
  [reason] reason_zebra             56.98 tok/s  n= 400  
  [reason] reason_scheduling        62.78 tok/s  n= 400  
  [chat  ] chat_desk_robot          46.60 tok/s  n= 400  
  [chat  ] chat_music               49.83 tok/s  n= 400  
  [chat  ] chat_advice              52.65 tok/s  n= 400  
  [zh    ] zh_self_intro            45.17 tok/s  n= 377  SHORT(377)
  [zh    ] zh_tea                   46.43 tok/s  n= 400  
  [zh    ] zh_debug                 55.17 tok/s  n= 400  
  [code  ] code_go_worker           71.54 tok/s  n= 400  
  [code  ] code_sql_report          77.94 tok/s  n= 400  
  [prose ] prose_market             46.37 tok/s  n= 400  
  [prose ] prose_argument           51.86 tok/s  n= 400  
  [reason] reason_probability       74.79 tok/s  n= 400  
  [reason] reason_invariant         54.68 tok/s  n= 400  
  [chat  ] chat_travel              52.55 tok/s  n= 400  
  [chat  ] chat_disagree            50.18 tok/s  n= 400  
  [zh    ] zh_moving                40.85 tok/s  n= 400  
  [zh    ] zh_review                46.44 tok/s  n= 400  

=== pass01_mtp-n5@UD-Q5_K_XL ===
  settled: 75.0C -> 48.0C in 140.7s (clock 210.0 MHz)
  drafter: 0.25.040.377 I common_speculative_init_result: creating MTP draft context against the target model '/home/thc1006/dev/qw
  ready in 25.5s
  [code  ] code_py_ratelimiter      79.74 tok/s  n= 400  
  [code  ] code_rust_mergesort      70.66 tok/s  n= 400  
  [code  ] code_nginx_cfg           71.98 tok/s  n= 400  
  [prose ] prose_rainbow            43.39 tok/s  n= 400  
  [prose ] prose_bookshelves        37.99 tok/s  n= 400  
  [prose ] prose_letter             38.96 tok/s  n= 400  
  [reason] reason_trains            69.27 tok/s  n= 400  
  [reason] reason_zebra             54.09 tok/s  n= 400  
  [reason] reason_scheduling        57.04 tok/s  n= 400  
  [chat  ] chat_desk_robot          37.13 tok/s  n= 400  
  [chat  ] chat_music               39.12 tok/s  n= 400  
  [chat  ] chat_advice              40.01 tok/s  n= 400  
  [zh    ] zh_self_intro            34.65 tok/s  n= 400  
  [zh    ] zh_tea                   38.78 tok/s  n= 400  
  [zh    ] zh_debug                 45.87 tok/s  n= 400  
  [code  ] code_go_worker           69.05 tok/s  n= 400  
  [code  ] code_sql_report          76.94 tok/s  n= 400  
  [prose ] prose_market             38.83 tok/s  n= 400  
  [prose ] prose_argument           42.16 tok/s  n= 400  
  [reason] reason_probability       75.00 tok/s  n= 400  
  [reason] reason_invariant         47.73 tok/s  n= 400  
  [chat  ] chat_travel              40.41 tok/s  n= 400  
  [chat  ] chat_disagree            40.28 tok/s  n= 400  
  [zh    ] zh_moving                32.94 tok/s  n= 400  
  [zh    ] zh_review                37.44 tok/s  n= 400  

=== pass02_mtp-n2@UD-Q5_K_XL ===
  settled: 73.0C -> 48.0C in 150.7s (clock 210.0 MHz)
  drafter: 0.24.026.094 I common_speculative_init_result: creating MTP draft context against the target model '/home/thc1006/dev/qw
  ready in 24.5s
  [code  ] code_py_ratelimiter      73.09 tok/s  n= 400  
  [code  ] code_rust_mergesort      73.41 tok/s  n= 400  
  [code  ] code_nginx_cfg           71.64 tok/s  n= 400  
  [prose ] prose_rainbow            61.42 tok/s  n= 400  
  [prose ] prose_bookshelves        52.42 tok/s  n= 400  
  [prose ] prose_letter             59.51 tok/s  n= 400  
  [reason] reason_trains            69.52 tok/s  n= 400  
  [reason] reason_zebra             59.94 tok/s  n= 400  
  [reason] reason_scheduling        64.54 tok/s  n= 400  
  [chat  ] chat_desk_robot          51.88 tok/s  n= 400  
  [chat  ] chat_music               53.86 tok/s  n= 400  
  [chat  ] chat_advice              55.77 tok/s  n= 400  
  [zh    ] zh_self_intro            49.92 tok/s  n= 377  SHORT(377)
  [zh    ] zh_tea                   51.43 tok/s  n= 400  
  [zh    ] zh_debug                 58.29 tok/s  n= 400  
  [code  ] code_go_worker           70.56 tok/s  n= 400  
  [code  ] code_sql_report          72.76 tok/s  n= 400  
  [prose ] prose_market             51.48 tok/s  n= 400  
  [prose ] prose_argument           56.27 tok/s  n= 400  
  [reason] reason_probability       71.29 tok/s  n= 400  
  [reason] reason_invariant         57.35 tok/s  n= 400  
  [chat  ] chat_travel              56.05 tok/s  n= 400  
  [chat  ] chat_disagree            54.41 tok/s  n= 400  
  [zh    ] zh_moving                47.11 tok/s  n= 400  
  [zh    ] zh_review                51.58 tok/s  n= 400  

=== pass02_mtp-n3@UD-Q5_K_XL ===
  settled: 75.0C -> 48.0C in 150.7s (clock 210.0 MHz)
  drafter: 0.23.414.253 I common_speculative_init_result: creating MTP draft context against the target model '/home/thc1006/dev/qw
  ready in 24.0s
  [code  ] code_py_ratelimiter      76.46 tok/s  n= 400  
  [code  ] code_rust_mergesort      72.41 tok/s  n= 400  
  [code  ] code_nginx_cfg           74.49 tok/s  n= 400  
  [prose ] prose_rainbow            59.10 tok/s  n= 400  
  [prose ] prose_bookshelves        46.96 tok/s  n= 400  
  [prose ] prose_letter             52.86 tok/s  n= 400  
  [reason] reason_trains            71.37 tok/s  n= 400  
  [reason] reason_zebra             56.85 tok/s  n= 400  
  [reason] reason_scheduling        62.87 tok/s  n= 400  
  [chat  ] chat_desk_robot          46.71 tok/s  n= 400  
  [chat  ] chat_music               49.74 tok/s  n= 400  
  [chat  ] chat_advice              52.79 tok/s  n= 400  
  [zh    ] zh_self_intro            45.07 tok/s  n= 377  SHORT(377)
  [zh    ] zh_tea                   46.35 tok/s  n= 400  
  [zh    ] zh_debug                 54.97 tok/s  n= 400  
  [code  ] code_go_worker           71.51 tok/s  n= 400  
  [code  ] code_sql_report          77.32 tok/s  n= 400  
  [prose ] prose_market             46.29 tok/s  n= 400  
  [prose ] prose_argument           51.88 tok/s  n= 400  
  [reason] reason_probability       74.81 tok/s  n= 400  
  [reason] reason_invariant         54.66 tok/s  n= 400  
  [chat  ] chat_travel              52.70 tok/s  n= 400  
  [chat  ] chat_disagree            50.18 tok/s  n= 400  
  [zh    ] zh_moving                40.90 tok/s  n= 400  
  [zh    ] zh_review                46.35 tok/s  n= 400  

=== pass02_mtp-n5@UD-Q5_K_XL ===
  settled: 74.0C -> 48.0C in 145.7s (clock 210.0 MHz)
  drafter: 0.20.292.565 I common_speculative_init_result: creating MTP draft context against the target model '/home/thc1006/dev/qw
  ready in 21.0s
  [code  ] code_py_ratelimiter      79.26 tok/s  n= 400  
  [code  ] code_rust_mergesort      70.68 tok/s  n= 400  
  [code  ] code_nginx_cfg           71.92 tok/s  n= 400  
  [prose ] prose_rainbow            43.39 tok/s  n= 400  
  [prose ] prose_bookshelves        37.90 tok/s  n= 400  
  [prose ] prose_letter             39.05 tok/s  n= 400  
  [reason] reason_trains            69.28 tok/s  n= 400  
  [reason] reason_zebra             53.94 tok/s  n= 400  
  [reason] reason_scheduling        57.15 tok/s  n= 400  
  [chat  ] chat_desk_robot          37.16 tok/s  n= 400  
  [chat  ] chat_music               39.03 tok/s  n= 400  
  [chat  ] chat_advice              40.07 tok/s  n= 400  
  [zh    ] zh_self_intro            34.74 tok/s  n= 400  
  [zh    ] zh_tea                   38.69 tok/s  n= 400  
  [zh    ] zh_debug                 45.82 tok/s  n= 400  
  [code  ] code_go_worker           68.94 tok/s  n= 400  
  [code  ] code_sql_report          77.39 tok/s  n= 400  
  [prose ] prose_market             38.85 tok/s  n= 400  
  [prose ] prose_argument           42.27 tok/s  n= 400  
  [reason] reason_probability       74.94 tok/s  n= 400  
  [reason] reason_invariant         47.79 tok/s  n= 400  
  [chat  ] chat_travel              40.53 tok/s  n= 400  
  [chat  ] chat_disagree            40.30 tok/s  n= 400  
  [zh    ] zh_moving                32.91 tok/s  n= 400  
  [zh    ] zh_review                37.47 tok/s  n= 400  

=== pass02_baseline@UD-Q5_K_XL ===
  settled: 74.0C -> 48.0C in 155.7s (clock 210.0 MHz)
  ready in 24.5s
  [code  ] code_py_ratelimiter      35.97 tok/s  n= 400  
  [code  ] code_rust_mergesort      35.87 tok/s  n= 400  
  [code  ] code_nginx_cfg           35.95 tok/s  n= 400  
  [prose ] prose_rainbow            35.72 tok/s  n= 400  
  [prose ] prose_bookshelves        35.65 tok/s  n= 400  
  [prose ] prose_letter             35.75 tok/s  n= 400  
  [reason] reason_trains            36.18 tok/s  n= 400  
  [reason] reason_zebra             35.93 tok/s  n= 400  
  [reason] reason_scheduling        36.09 tok/s  n= 400  
  [chat  ] chat_desk_robot          35.96 tok/s  n= 400  
  [chat  ] chat_music               35.75 tok/s  n= 400  
  [chat  ] chat_advice              35.76 tok/s  n= 400  
  [zh    ] zh_self_intro            35.54 tok/s  n= 400  
  [zh    ] zh_tea                   35.50 tok/s  n= 400  
  [zh    ] zh_debug                 35.83 tok/s  n= 400  
  [code  ] code_go_worker           35.85 tok/s  n= 400  
  [code  ] code_sql_report          35.96 tok/s  n= 400  
  [prose ] prose_market             35.64 tok/s  n= 400  
  [prose ] prose_argument           35.78 tok/s  n= 400  
  [reason] reason_probability       36.19 tok/s  n= 400  
  [reason] reason_invariant         36.16 tok/s  n= 400  
  [chat  ] chat_travel              36.08 tok/s  n= 400  
  [chat  ] chat_disagree            35.97 tok/s  n= 400  
  [zh    ] zh_moving                35.70 tok/s  n= 400  
  [zh    ] zh_review                35.66 tok/s  n= 400  

=== pass03_mtp-n3@UD-Q5_K_XL ===
  settled: 70.0C -> 48.0C in 140.7s (clock 210.0 MHz)
  drafter: 0.25.512.785 I common_speculative_init_result: creating MTP draft context against the target model '/home/thc1006/dev/qw
  ready in 26.0s
  [code  ] code_py_ratelimiter      76.43 tok/s  n= 400  
  [code  ] code_rust_mergesort      71.84 tok/s  n= 400  
  [code  ] code_nginx_cfg           74.12 tok/s  n= 400  
  [prose ] prose_rainbow            59.15 tok/s  n= 400  
  [prose ] prose_bookshelves        46.96 tok/s  n= 400  
  [prose ] prose_letter             52.85 tok/s  n= 400  
  [reason] reason_trains            71.50 tok/s  n= 400  
  [reason] reason_zebra             57.01 tok/s  n= 400  
  [reason] reason_scheduling        62.80 tok/s  n= 400  
  [chat  ] chat_desk_robot          46.56 tok/s  n= 400  
  [chat  ] chat_music               49.64 tok/s  n= 400  
  [chat  ] chat_advice              52.80 tok/s  n= 400  
  [zh    ] zh_self_intro            45.28 tok/s  n= 377  SHORT(377)
  [zh    ] zh_tea                   46.55 tok/s  n= 400  
  [zh    ] zh_debug                 55.17 tok/s  n= 400  
  [code  ] code_go_worker           71.68 tok/s  n= 400  
  [code  ] code_sql_report          77.85 tok/s  n= 400  
  [prose ] prose_market             46.55 tok/s  n= 400  
  [prose ] prose_argument           52.05 tok/s  n= 400  
  [reason] reason_probability       74.81 tok/s  n= 400  
  [reason] reason_invariant         54.76 tok/s  n= 400  
  [chat  ] chat_travel              52.70 tok/s  n= 400  
  [chat  ] chat_disagree            50.20 tok/s  n= 400  
  [zh    ] zh_moving                40.78 tok/s  n= 400  
  [zh    ] zh_review                46.34 tok/s  n= 400  

=== pass03_mtp-n5@UD-Q5_K_XL ===
  settled: 74.0C -> 48.0C in 150.7s (clock 210.0 MHz)
  drafter: 0.24.864.787 I common_speculative_init_result: creating MTP draft context against the target model '/home/thc1006/dev/qw
  ready in 25.5s
  [code  ] code_py_ratelimiter      79.09 tok/s  n= 400  
  [code  ] code_rust_mergesort      70.74 tok/s  n= 400  
  [code  ] code_nginx_cfg           71.92 tok/s  n= 400  
  [prose ] prose_rainbow            43.44 tok/s  n= 400  
  [prose ] prose_bookshelves        38.06 tok/s  n= 400  
  [prose ] prose_letter             38.93 tok/s  n= 400  
  [reason] reason_trains            69.35 tok/s  n= 400  
  [reason] reason_zebra             54.17 tok/s  n= 400  
  [reason] reason_scheduling        57.29 tok/s  n= 400  
  [chat  ] chat_desk_robot          37.30 tok/s  n= 400  
  [chat  ] chat_music               39.11 tok/s  n= 400  
  [chat  ] chat_advice              40.13 tok/s  n= 400  
  [zh    ] zh_self_intro            34.76 tok/s  n= 400  
  [zh    ] zh_tea                   38.88 tok/s  n= 400  
  [zh    ] zh_debug                 45.95 tok/s  n= 400  
  [code  ] code_go_worker           68.88 tok/s  n= 400  
  [code  ] code_sql_report          77.21 tok/s  n= 400  
  [prose ] prose_market             38.94 tok/s  n= 400  
  [prose ] prose_argument           42.29 tok/s  n= 400  
  [reason] reason_probability       75.12 tok/s  n= 400  
  [reason] reason_invariant         47.62 tok/s  n= 400  
  [chat  ] chat_travel              40.36 tok/s  n= 400  
  [chat  ] chat_disagree            40.29 tok/s  n= 400  
  [zh    ] zh_moving                32.93 tok/s  n= 400  
  [zh    ] zh_review                37.44 tok/s  n= 400  

=== pass03_baseline@UD-Q5_K_XL ===
  settled: 74.0C -> 48.0C in 150.7s (clock 210.0 MHz)
  ready in 23.5s
  [code  ] code_py_ratelimiter      35.93 tok/s  n= 400  
  [code  ] code_rust_mergesort      35.82 tok/s  n= 400  
  [code  ] code_nginx_cfg           35.92 tok/s  n= 400  
  [prose ] prose_rainbow            35.66 tok/s  n= 400  
  [prose ] prose_bookshelves        35.60 tok/s  n= 400  
  [prose ] prose_letter             35.72 tok/s  n= 400  
  [reason] reason_trains            36.12 tok/s  n= 400  
  [reason] reason_zebra             36.02 tok/s  n= 400  
  [reason] reason_scheduling        36.08 tok/s  n= 400  
  [chat  ] chat_desk_robot          35.90 tok/s  n= 400  
  [chat  ] chat_music               35.74 tok/s  n= 400  
  [chat  ] chat_advice              35.64 tok/s  n= 400  
  [zh    ] zh_self_intro            35.28 tok/s  n= 400  
  [zh    ] zh_tea                   35.54 tok/s  n= 400  
  [zh    ] zh_debug                 35.76 tok/s  n= 400  
  [code  ] code_go_worker           35.87 tok/s  n= 400  
  [code  ] code_sql_report          36.03 tok/s  n= 400  
  [prose ] prose_market             35.77 tok/s  n= 400  
  [prose ] prose_argument           35.81 tok/s  n= 400  
  [reason] reason_probability       36.21 tok/s  n= 400  
  [reason] reason_invariant         36.20 tok/s  n= 400  
  [chat  ] chat_travel              36.11 tok/s  n= 400  
  [chat  ] chat_disagree            35.98 tok/s  n= 400  
  [zh    ] zh_moving                35.66 tok/s  n= 400  
  [zh    ] zh_review                35.75 tok/s  n= 400  

=== pass03_mtp-n2@UD-Q5_K_XL ===
  settled: 72.0C -> 48.0C in 145.7s (clock 210.0 MHz)
  drafter: 0.22.142.322 I common_speculative_init_result: creating MTP draft context against the target model '/home/thc1006/dev/qw
  ready in 22.5s
  [code  ] code_py_ratelimiter      72.69 tok/s  n= 400  
  [code  ] code_rust_mergesort      73.17 tok/s  n= 400  
  [code  ] code_nginx_cfg           71.93 tok/s  n= 400  
  [prose ] prose_rainbow            61.38 tok/s  n= 400  
  [prose ] prose_bookshelves        52.42 tok/s  n= 400  
  [prose ] prose_letter             59.34 tok/s  n= 400  
  [reason] reason_trains            69.01 tok/s  n= 400  
  [reason] reason_zebra             59.83 tok/s  n= 400  
  [reason] reason_scheduling        64.48 tok/s  n= 400  
  [chat  ] chat_desk_robot          51.94 tok/s  n= 400  
  [chat  ] chat_music               53.84 tok/s  n= 400  
  [chat  ] chat_advice              55.68 tok/s  n= 400  
  [zh    ] zh_self_intro            49.69 tok/s  n= 377  SHORT(377)
  [zh    ] zh_tea                   51.37 tok/s  n= 400  
  [zh    ] zh_debug                 58.22 tok/s  n= 400  
  [code  ] code_go_worker           70.49 tok/s  n= 400  
  [code  ] code_sql_report          72.62 tok/s  n= 400  
  [prose ] prose_market             51.65 tok/s  n= 400  
  [prose ] prose_argument           56.19 tok/s  n= 400  
  [reason] reason_probability       71.46 tok/s  n= 400  
  [reason] reason_invariant         57.46 tok/s  n= 400  
  [chat  ] chat_travel              56.16 tok/s  n= 400  
  [chat  ] chat_disagree            54.26 tok/s  n= 400  
  [zh    ] zh_moving                47.12 tok/s  n= 400  
  [zh    ] zh_review                51.63 tok/s  n= 400  
