device: [0] NVIDIA GeForce RTX 3090  24 GB  sm_86  420 W default (100-450)  mem 9751 MHz
[devices] idle floor 48 C on GPU 0 (stabilised after 15s, 4 samples, 49 -> 48 C, last 4 span 1 C)
thermal gate targets 56 C (measured floor 48 C + 8 C margin)

=== pass01_baseline@BF16 ===
  settled: 47.0C -> 47.0C in 0.0s (clock 210.0 MHz)
  ready in 9.5s
  [code  ] code_py_ratelimiter      49.99 tok/s  n= 400  
  [code  ] code_rust_mergesort      49.98 tok/s  n= 400  
  [code  ] code_nginx_cfg           49.92 tok/s  n= 400  
  [prose ] prose_rainbow            49.87 tok/s  n= 400  
  [prose ] prose_bookshelves        49.89 tok/s  n= 400  
  [prose ] prose_letter             49.93 tok/s  n= 400  
  [reason] reason_trains            49.84 tok/s  n= 400  
  [reason] reason_zebra             49.88 tok/s  n= 400  
  [reason] reason_scheduling        49.85 tok/s  n= 400  
  [chat  ] chat_desk_robot          49.87 tok/s  n= 400  
  [chat  ] chat_music               49.79 tok/s  n= 400  
  [chat  ] chat_advice              49.45 tok/s  n= 400  
  [zh    ] zh_self_intro            49.73 tok/s  n= 390  SHORT(390)
  [zh    ] zh_tea                   49.65 tok/s  n= 400  
  [zh    ] zh_debug                 49.16 tok/s  n= 400  
  [code  ] code_go_worker           48.48 tok/s  n= 400  
  [code  ] code_sql_report          48.67 tok/s  n= 400  
  [prose ] prose_market             48.64 tok/s  n= 400  
  [prose ] prose_argument           48.40 tok/s  n= 400  
  [reason] reason_probability       49.26 tok/s  n= 400  
  [reason] reason_invariant         49.11 tok/s  n= 400  
  [chat  ] chat_travel              48.71 tok/s  n= 400  
  [chat  ] chat_disagree            48.72 tok/s  n= 400  
  [zh    ] zh_moving                48.55 tok/s  n= 400  
  [zh    ] zh_review                48.37 tok/s  n= 400  

=== pass01_mtp-n2@BF16 ===
  settled: 74.0C -> 56.0C in 60.3s (clock 210.0 MHz)
  drafter: 0.05.397.365 I common_speculative_init_result: creating MTP draft context against the target model '/home/thc1006/dev/qw
  ready in 5.7s
  [code  ] code_py_ratelimiter      95.72 tok/s  n= 400  
  [code  ] code_rust_mergesort      90.70 tok/s  n= 400  
  [code  ] code_nginx_cfg           90.24 tok/s  n= 400  
  [prose ] prose_rainbow            75.25 tok/s  n= 400  
  [prose ] prose_bookshelves        71.65 tok/s  n= 400  
  [prose ] prose_letter             67.07 tok/s  n= 400  
  [reason] reason_trains            96.71 tok/s  n= 400  
  [reason] reason_zebra             89.49 tok/s  n= 400  
  [reason] reason_scheduling        89.69 tok/s  n= 400  
  [chat  ] chat_desk_robot          68.21 tok/s  n= 400  
  [chat  ] chat_music               71.71 tok/s  n= 400  
  [chat  ] chat_advice              74.82 tok/s  n= 400  
  [zh    ] zh_self_intro            66.32 tok/s  n= 390  SHORT(390)
  [zh    ] zh_tea                   74.42 tok/s  n= 400  
  [zh    ] zh_debug                 77.71 tok/s  n= 400  
  [code  ] code_go_worker           84.77 tok/s  n= 400  
  [code  ] code_sql_report          92.64 tok/s  n= 400  
  [prose ] prose_market             71.01 tok/s  n= 400  
  [prose ] prose_argument           68.87 tok/s  n= 400  
  [reason] reason_probability       98.40 tok/s  n= 400  
  [reason] reason_invariant         90.06 tok/s  n= 400  
  [chat  ] chat_travel              74.27 tok/s  n= 400  
  [chat  ] chat_disagree            73.87 tok/s  n= 400  
  [zh    ] zh_moving                63.82 tok/s  n= 400  
  [zh    ] zh_review                63.58 tok/s  n= 400  

=== pass01_mtp-n3@BF16 ===
  settled: 80.0C -> 56.0C in 60.3s (clock 210.0 MHz)
  drafter: 0.05.236.425 I common_speculative_init_result: creating MTP draft context against the target model '/home/thc1006/dev/qw
  ready in 5.5s
  [code  ] code_py_ratelimiter     103.86 tok/s  n= 400  
  [code  ] code_rust_mergesort      97.60 tok/s  n= 400  
  [code  ] code_nginx_cfg           97.08 tok/s  n= 400  
  [prose ] prose_rainbow            75.10 tok/s  n= 400  
  [prose ] prose_bookshelves        68.37 tok/s  n= 400  
  [prose ] prose_letter             64.02 tok/s  n= 400  
  [reason] reason_trains           108.14 tok/s  n= 400  
  [reason] reason_zebra            102.84 tok/s  n= 400  
  [reason] reason_scheduling        99.19 tok/s  n= 400  
  [chat  ] chat_desk_robot          66.68 tok/s  n= 400  
  [chat  ] chat_music               71.91 tok/s  n= 400  
  [chat  ] chat_advice              74.98 tok/s  n= 400  
  [zh    ] zh_self_intro            63.61 tok/s  n= 390  SHORT(390)
  [zh    ] zh_tea                   72.86 tok/s  n= 400  
  [zh    ] zh_debug                 76.28 tok/s  n= 400  
  [code  ] code_go_worker           89.88 tok/s  n= 400  
  [code  ] code_sql_report          97.60 tok/s  n= 400  
  [prose ] prose_market             67.18 tok/s  n= 400  
  [prose ] prose_argument           65.42 tok/s  n= 400  
  [reason] reason_probability      112.05 tok/s  n= 400  
  [reason] reason_invariant         96.08 tok/s  n= 400  
  [chat  ] chat_travel              71.56 tok/s  n= 400  
  [chat  ] chat_disagree            71.74 tok/s  n= 400  
  [zh    ] zh_moving                59.36 tok/s  n= 400  
  [zh    ] zh_review                59.41 tok/s  n= 400  

=== pass01_mtp-n5@BF16 ===
  settled: 81.0C -> 56.0C in 65.3s (clock 210.0 MHz)
  drafter: 0.05.526.718 I common_speculative_init_result: creating MTP draft context against the target model '/home/thc1006/dev/qw
  ready in 6.0s
  [code  ] code_py_ratelimiter     107.57 tok/s  n= 400  
  [code  ] code_rust_mergesort      94.94 tok/s  n= 400  
  [code  ] code_nginx_cfg           88.14 tok/s  n= 400  
  [prose ] prose_rainbow            65.71 tok/s  n= 400  
  [prose ] prose_bookshelves        57.90 tok/s  n= 400  
  [prose ] prose_letter             55.09 tok/s  n= 400  
  [reason] reason_trains           119.18 tok/s  n= 400  
  [reason] reason_zebra            104.17 tok/s  n= 400  
  [reason] reason_scheduling       101.91 tok/s  n= 400  
  [chat  ] chat_desk_robot          56.83 tok/s  n= 400  
  [chat  ] chat_music               62.18 tok/s  n= 400  
  [chat  ] chat_advice              66.87 tok/s  n= 400  
  [zh    ] zh_self_intro            54.00 tok/s  n= 390  SHORT(390)
  [zh    ] zh_tea                   66.39 tok/s  n= 400  
  [zh    ] zh_debug                 69.08 tok/s  n= 400  
  [code  ] code_go_worker           87.81 tok/s  n= 400  
  [code  ] code_sql_report          98.94 tok/s  n= 400  
  [prose ] prose_market             57.51 tok/s  n= 400  
  [prose ] prose_argument           55.49 tok/s  n= 400  
  [reason] reason_probability      120.62 tok/s  n= 400  
  [reason] reason_invariant         99.37 tok/s  n= 400  
  [chat  ] chat_travel              60.94 tok/s  n= 400  
  [chat  ] chat_disagree            63.80 tok/s  n= 400  
  [zh    ] zh_moving                49.91 tok/s  n= 400  
  [zh    ] zh_review                51.28 tok/s  n= 400  

=== pass01_mtp-n6@BF16 ===
  settled: 75.0C -> 56.0C in 60.3s (clock 210.0 MHz)
  drafter: 0.05.565.367 I common_speculative_init_result: creating MTP draft context against the target model '/home/thc1006/dev/qw
  ready in 6.0s
  [code  ] code_py_ratelimiter     105.08 tok/s  n= 400  
  [code  ] code_rust_mergesort      86.74 tok/s  n= 400  
  [code  ] code_nginx_cfg           85.34 tok/s  n= 400  
  [prose ] prose_rainbow            61.62 tok/s  n= 400  
  [prose ] prose_bookshelves        53.73 tok/s  n= 400  
  [prose ] prose_letter             50.78 tok/s  n= 400  
  [reason] reason_trains           117.15 tok/s  n= 400  
  [reason] reason_zebra            103.42 tok/s  n= 400  
  [reason] reason_scheduling        99.87 tok/s  n= 400  
  [chat  ] chat_desk_robot          52.30 tok/s  n= 400  
  [chat  ] chat_music               58.35 tok/s  n= 400  
  [chat  ] chat_advice              62.95 tok/s  n= 400  
  [zh    ] zh_self_intro            50.17 tok/s  n= 390  SHORT(390)
  [zh    ] zh_tea                   61.89 tok/s  n= 400  
  [zh    ] zh_debug                 64.60 tok/s  n= 400  
  [code  ] code_go_worker           83.78 tok/s  n= 400  
  [code  ] code_sql_report          98.57 tok/s  n= 400  
  [prose ] prose_market             53.09 tok/s  n= 400  
  [prose ] prose_argument           51.24 tok/s  n= 400  
  [reason] reason_probability      123.84 tok/s  n= 400  
  [reason] reason_invariant         98.85 tok/s  n= 400  
  [chat  ] chat_travel              56.57 tok/s  n= 400  
  [chat  ] chat_disagree            59.15 tok/s  n= 400  
  [zh    ] zh_moving                46.00 tok/s  n= 400  
  [zh    ] zh_review                47.46 tok/s  n= 400  

=== pass02_mtp-n2@BF16 ===
  settled: 73.0C -> 56.0C in 55.3s (clock 210.0 MHz)
  drafter: 0.05.030.818 I common_speculative_init_result: creating MTP draft context against the target model '/home/thc1006/dev/qw
  ready in 5.5s
  [code  ] code_py_ratelimiter      95.90 tok/s  n= 400  
  [code  ] code_rust_mergesort      90.93 tok/s  n= 400  
  [code  ] code_nginx_cfg           90.11 tok/s  n= 400  
  [prose ] prose_rainbow            75.36 tok/s  n= 400  
  [prose ] prose_bookshelves        71.61 tok/s  n= 400  
  [prose ] prose_letter             67.11 tok/s  n= 400  
  [reason] reason_trains            97.12 tok/s  n= 400  
  [reason] reason_zebra             89.51 tok/s  n= 400  
  [reason] reason_scheduling        90.04 tok/s  n= 400  
  [chat  ] chat_desk_robot          68.24 tok/s  n= 400  
  [chat  ] chat_music               71.58 tok/s  n= 400  
  [chat  ] chat_advice              74.87 tok/s  n= 400  
  [zh    ] zh_self_intro            66.13 tok/s  n= 390  SHORT(390)
  [zh    ] zh_tea                   74.48 tok/s  n= 400  
  [zh    ] zh_debug                 77.71 tok/s  n= 400  
  [code  ] code_go_worker           84.60 tok/s  n= 400  
  [code  ] code_sql_report          93.04 tok/s  n= 400  
  [prose ] prose_market             71.15 tok/s  n= 400  
  [prose ] prose_argument           68.83 tok/s  n= 400  
  [reason] reason_probability       98.59 tok/s  n= 400  
  [reason] reason_invariant         90.17 tok/s  n= 400  
  [chat  ] chat_travel              74.07 tok/s  n= 400  
  [chat  ] chat_disagree            74.18 tok/s  n= 400  
  [zh    ] zh_moving                63.94 tok/s  n= 400  
  [zh    ] zh_review                63.71 tok/s  n= 400  

=== pass02_mtp-n3@BF16 ===
  settled: 75.0C -> 56.0C in 60.3s (clock 210.0 MHz)
  drafter: 0.04.749.247 I common_speculative_init_result: creating MTP draft context against the target model '/home/thc1006/dev/qw
  ready in 5.1s
  [code  ] code_py_ratelimiter     103.32 tok/s  n= 400  
  [code  ] code_rust_mergesort      97.85 tok/s  n= 400  
  [code  ] code_nginx_cfg           97.24 tok/s  n= 400  
  [prose ] prose_rainbow            75.25 tok/s  n= 400  
  [prose ] prose_bookshelves        68.31 tok/s  n= 400  
  [prose ] prose_letter             64.15 tok/s  n= 400  
  [reason] reason_trains           108.97 tok/s  n= 400  
  [reason] reason_zebra            103.23 tok/s  n= 400  
  [reason] reason_scheduling        99.38 tok/s  n= 400  
  [chat  ] chat_desk_robot          66.66 tok/s  n= 400  
  [chat  ] chat_music               72.00 tok/s  n= 400  
  [chat  ] chat_advice              74.81 tok/s  n= 400  
  [zh    ] zh_self_intro            63.59 tok/s  n= 390  SHORT(390)
  [zh    ] zh_tea                   73.00 tok/s  n= 400  
  [zh    ] zh_debug                 76.49 tok/s  n= 400  
  [code  ] code_go_worker           89.91 tok/s  n= 400  
  [code  ] code_sql_report          97.99 tok/s  n= 400  
  [prose ] prose_market             67.17 tok/s  n= 400  
  [prose ] prose_argument           65.61 tok/s  n= 400  
  [reason] reason_probability      112.31 tok/s  n= 400  
  [reason] reason_invariant         96.05 tok/s  n= 400  
  [chat  ] chat_travel              71.60 tok/s  n= 400  
  [chat  ] chat_disagree            71.50 tok/s  n= 400  
  [zh    ] zh_moving                59.29 tok/s  n= 400  
  [zh    ] zh_review                59.50 tok/s  n= 400  

=== pass02_mtp-n5@BF16 ===
  settled: 76.0C -> 56.0C in 65.3s (clock 210.0 MHz)
  drafter: 0.05.321.360 I common_speculative_init_result: creating MTP draft context against the target model '/home/thc1006/dev/qw
  ready in 5.5s
  [code  ] code_py_ratelimiter     107.58 tok/s  n= 400  
  [code  ] code_rust_mergesort      94.93 tok/s  n= 400  
  [code  ] code_nginx_cfg           88.39 tok/s  n= 400  
  [prose ] prose_rainbow            65.49 tok/s  n= 400  
  [prose ] prose_bookshelves        57.81 tok/s  n= 400  
  [prose ] prose_letter             55.08 tok/s  n= 400  
  [reason] reason_trains           119.61 tok/s  n= 400  
  [reason] reason_zebra            104.24 tok/s  n= 400  
  [reason] reason_scheduling       101.82 tok/s  n= 400  
  [chat  ] chat_desk_robot          56.83 tok/s  n= 400  
  [chat  ] chat_music               62.25 tok/s  n= 400  
  [chat  ] chat_advice              67.08 tok/s  n= 400  
  [zh    ] zh_self_intro            53.93 tok/s  n= 390  SHORT(390)
  [zh    ] zh_tea                   66.30 tok/s  n= 400  
  [zh    ] zh_debug                 69.24 tok/s  n= 400  
  [code  ] code_go_worker           87.76 tok/s  n= 400  
  [code  ] code_sql_report          98.68 tok/s  n= 400  
  [prose ] prose_market             57.61 tok/s  n= 400  
  [prose ] prose_argument           55.60 tok/s  n= 400  
  [reason] reason_probability      120.23 tok/s  n= 400  
  [reason] reason_invariant         99.20 tok/s  n= 400  
  [chat  ] chat_travel              61.08 tok/s  n= 400  
  [chat  ] chat_disagree            63.89 tok/s  n= 400  
  [zh    ] zh_moving                49.87 tok/s  n= 400  
  [zh    ] zh_review                51.32 tok/s  n= 400  

=== pass02_mtp-n6@BF16 ===
  settled: 75.0C -> 56.0C in 60.3s (clock 210.0 MHz)
  drafter: 0.05.772.162 I common_speculative_init_result: creating MTP draft context against the target model '/home/thc1006/dev/qw
  ready in 6.0s
  [code  ] code_py_ratelimiter     104.76 tok/s  n= 400  
  [code  ] code_rust_mergesort      86.86 tok/s  n= 400  
  [code  ] code_nginx_cfg           85.21 tok/s  n= 400  
  [prose ] prose_rainbow            61.54 tok/s  n= 400  
  [prose ] prose_bookshelves        53.69 tok/s  n= 400  
  [prose ] prose_letter             50.80 tok/s  n= 400  
  [reason] reason_trains           117.21 tok/s  n= 400  
  [reason] reason_zebra            103.61 tok/s  n= 400  
  [reason] reason_scheduling        99.64 tok/s  n= 400  
  [chat  ] chat_desk_robot          52.28 tok/s  n= 400  
  [chat  ] chat_music               58.36 tok/s  n= 400  
  [chat  ] chat_advice              62.96 tok/s  n= 400  
  [zh    ] zh_self_intro            49.99 tok/s  n= 390  SHORT(390)
  [zh    ] zh_tea                   61.77 tok/s  n= 400  
  [zh    ] zh_debug                 64.61 tok/s  n= 400  
  [code  ] code_go_worker           83.70 tok/s  n= 400  
  [code  ] code_sql_report          98.56 tok/s  n= 400  
  [prose ] prose_market             52.97 tok/s  n= 400  
  [prose ] prose_argument           51.19 tok/s  n= 400  
  [reason] reason_probability      123.48 tok/s  n= 400  
  [reason] reason_invariant         99.10 tok/s  n= 400  
  [chat  ] chat_travel              56.51 tok/s  n= 400  
  [chat  ] chat_disagree            59.13 tok/s  n= 400  
  [zh    ] zh_moving                45.89 tok/s  n= 400  
  [zh    ] zh_review                47.38 tok/s  n= 400  

=== pass02_baseline@BF16 ===
  settled: 74.0C -> 56.0C in 60.3s (clock 210.0 MHz)
  ready in 5.5s
  [code  ] code_py_ratelimiter      49.98 tok/s  n= 400  
  [code  ] code_rust_mergesort      49.94 tok/s  n= 400  
  [code  ] code_nginx_cfg           49.97 tok/s  n= 400  
  [prose ] prose_rainbow            49.91 tok/s  n= 400  
  [prose ] prose_bookshelves        49.89 tok/s  n= 400  
  [prose ] prose_letter             49.85 tok/s  n= 400  
  [reason] reason_trains            49.86 tok/s  n= 400  
  [reason] reason_zebra             49.85 tok/s  n= 400  
  [reason] reason_scheduling        49.90 tok/s  n= 400  
  [chat  ] chat_desk_robot          49.86 tok/s  n= 400  
  [chat  ] chat_music               49.81 tok/s  n= 400  
  [chat  ] chat_advice              49.85 tok/s  n= 400  
  [zh    ] zh_self_intro            49.76 tok/s  n= 390  SHORT(390)
  [zh    ] zh_tea                   49.87 tok/s  n= 400  
  [zh    ] zh_debug                 49.86 tok/s  n= 400  
  [code  ] code_go_worker           49.79 tok/s  n= 400  
  [code  ] code_sql_report          49.90 tok/s  n= 400  
  [prose ] prose_market             49.89 tok/s  n= 400  
  [prose ] prose_argument           49.88 tok/s  n= 400  
  [reason] reason_probability       49.83 tok/s  n= 400  
  [reason] reason_invariant         49.82 tok/s  n= 400  
  [chat  ] chat_travel              49.85 tok/s  n= 400  
  [chat  ] chat_disagree            49.78 tok/s  n= 400  
  [zh    ] zh_moving                49.89 tok/s  n= 400  
  [zh    ] zh_review                49.85 tok/s  n= 400  

=== pass03_mtp-n3@BF16 ===
  settled: 75.0C -> 56.0C in 35.2s (clock 210.0 MHz)
  drafter: 0.05.136.488 I common_speculative_init_result: creating MTP draft context against the target model '/home/thc1006/dev/qw
  ready in 5.5s
  [code  ] code_py_ratelimiter     103.83 tok/s  n= 400  
  [code  ] code_rust_mergesort      97.72 tok/s  n= 400  
  [code  ] code_nginx_cfg           97.22 tok/s  n= 400  
  [prose ] prose_rainbow            75.31 tok/s  n= 400  
  [prose ] prose_bookshelves        68.24 tok/s  n= 400  
  [prose ] prose_letter             64.01 tok/s  n= 400  
  [reason] reason_trains           108.65 tok/s  n= 400  
  [reason] reason_zebra            103.09 tok/s  n= 400  
  [reason] reason_scheduling        99.34 tok/s  n= 400  
  [chat  ] chat_desk_robot          66.70 tok/s  n= 400  
  [chat  ] chat_music               72.07 tok/s  n= 400  
  [chat  ] chat_advice              74.94 tok/s  n= 400  
  [zh    ] zh_self_intro            63.67 tok/s  n= 390  SHORT(390)
  [zh    ] zh_tea                   72.97 tok/s  n= 400  
  [zh    ] zh_debug                 76.27 tok/s  n= 400  
  [code  ] code_go_worker           89.91 tok/s  n= 400  
  [code  ] code_sql_report          97.72 tok/s  n= 400  
  [prose ] prose_market             67.03 tok/s  n= 400  
  [prose ] prose_argument           65.53 tok/s  n= 400  
  [reason] reason_probability      112.55 tok/s  n= 400  
  [reason] reason_invariant         96.14 tok/s  n= 400  
  [chat  ] chat_travel              71.48 tok/s  n= 400  
  [chat  ] chat_disagree            71.40 tok/s  n= 400  
  [zh    ] zh_moving                59.43 tok/s  n= 400  
  [zh    ] zh_review                59.50 tok/s  n= 400  

=== pass03_mtp-n5@BF16 ===
  settled: 81.0C -> 56.0C in 60.3s (clock 210.0 MHz)
  drafter: 0.05.559.456 I common_speculative_init_result: creating MTP draft context against the target model '/home/thc1006/dev/qw
  ready in 6.0s
  [code  ] code_py_ratelimiter     107.83 tok/s  n= 400  
  [code  ] code_rust_mergesort      94.93 tok/s  n= 400  
  [code  ] code_nginx_cfg           88.29 tok/s  n= 400  
  [prose ] prose_rainbow            65.48 tok/s  n= 400  
  [prose ] prose_bookshelves        57.86 tok/s  n= 400  
  [prose ] prose_letter             55.16 tok/s  n= 400  
  [reason] reason_trains           119.46 tok/s  n= 400  
  [reason] reason_zebra            104.16 tok/s  n= 400  
  [reason] reason_scheduling       101.71 tok/s  n= 400  
  [chat  ] chat_desk_robot          56.85 tok/s  n= 400  
  [chat  ] chat_music               62.38 tok/s  n= 400  
  [chat  ] chat_advice              67.04 tok/s  n= 400  
  [zh    ] zh_self_intro            53.93 tok/s  n= 390  SHORT(390)
  [zh    ] zh_tea                   66.34 tok/s  n= 400  
  [zh    ] zh_debug                 69.08 tok/s  n= 400  
  [code  ] code_go_worker           87.74 tok/s  n= 400  
  [code  ] code_sql_report          98.70 tok/s  n= 400  
  [prose ] prose_market             57.55 tok/s  n= 400  
  [prose ] prose_argument           55.54 tok/s  n= 400  
  [reason] reason_probability      120.42 tok/s  n= 400  
  [reason] reason_invariant         99.21 tok/s  n= 400  
  [chat  ] chat_travel              61.09 tok/s  n= 400  
  [chat  ] chat_disagree            63.88 tok/s  n= 400  
  [zh    ] zh_moving                50.00 tok/s  n= 400  
  [zh    ] zh_review                51.29 tok/s  n= 400  

=== pass03_mtp-n6@BF16 ===
  settled: 74.0C -> 56.0C in 60.3s (clock 210.0 MHz)
  drafter: 0.05.294.244 I common_speculative_init_result: creating MTP draft context against the target model '/home/thc1006/dev/qw
  ready in 5.5s
  [code  ] code_py_ratelimiter     104.72 tok/s  n= 400  
  [code  ] code_rust_mergesort      87.03 tok/s  n= 400  
  [code  ] code_nginx_cfg           85.40 tok/s  n= 400  
  [prose ] prose_rainbow            61.58 tok/s  n= 400  
  [prose ] prose_bookshelves        53.67 tok/s  n= 400  
  [prose ] prose_letter             50.79 tok/s  n= 400  
  [reason] reason_trains           117.09 tok/s  n= 400  
  [reason] reason_zebra            103.40 tok/s  n= 400  
  [reason] reason_scheduling        99.57 tok/s  n= 400  
  [chat  ] chat_desk_robot          52.20 tok/s  n= 400  
  [chat  ] chat_music               58.35 tok/s  n= 400  
  [chat  ] chat_advice              62.89 tok/s  n= 400  
  [zh    ] zh_self_intro            50.17 tok/s  n= 390  SHORT(390)
  [zh    ] zh_tea                   61.81 tok/s  n= 400  
  [zh    ] zh_debug                 64.57 tok/s  n= 400  
  [code  ] code_go_worker           83.70 tok/s  n= 400  
  [code  ] code_sql_report          98.52 tok/s  n= 400  
  [prose ] prose_market             52.98 tok/s  n= 400  
  [prose ] prose_argument           51.19 tok/s  n= 400  
  [reason] reason_probability      123.72 tok/s  n= 400  
  [reason] reason_invariant         99.22 tok/s  n= 400  
  [chat  ] chat_travel              56.63 tok/s  n= 400  
  [chat  ] chat_disagree            59.17 tok/s  n= 400  
  [zh    ] zh_moving                45.93 tok/s  n= 400  
  [zh    ] zh_review                47.50 tok/s  n= 400  

=== pass03_baseline@BF16 ===
  settled: 71.0C -> 56.0C in 50.3s (clock 210.0 MHz)
  ready in 5.5s
  [code  ] code_py_ratelimiter      49.96 tok/s  n= 400  
  [code  ] code_rust_mergesort      49.90 tok/s  n= 400  
  [code  ] code_nginx_cfg           49.88 tok/s  n= 400  
  [prose ] prose_rainbow            49.90 tok/s  n= 400  
  [prose ] prose_bookshelves        49.90 tok/s  n= 400  
  [prose ] prose_letter             49.87 tok/s  n= 400  
  [reason] reason_trains            49.84 tok/s  n= 400  
  [reason] reason_zebra             49.84 tok/s  n= 400  
  [reason] reason_scheduling        49.81 tok/s  n= 400  
  [chat  ] chat_desk_robot          49.81 tok/s  n= 400  
  [chat  ] chat_music               49.78 tok/s  n= 400  
  [chat  ] chat_advice              49.79 tok/s  n= 400  
  [zh    ] zh_self_intro            49.72 tok/s  n= 390  SHORT(390)
  [zh    ] zh_tea                   49.76 tok/s  n= 400  
  [zh    ] zh_debug                 49.80 tok/s  n= 400  
  [code  ] code_go_worker           49.81 tok/s  n= 400  
  [code  ] code_sql_report          49.83 tok/s  n= 400  
  [prose ] prose_market             49.92 tok/s  n= 400  
  [prose ] prose_argument           49.87 tok/s  n= 400  
  [reason] reason_probability       49.87 tok/s  n= 400  
  [reason] reason_invariant         49.82 tok/s  n= 400  
  [chat  ] chat_travel              49.80 tok/s  n= 400  
  [chat  ] chat_disagree            49.85 tok/s  n= 400  
  [zh    ] zh_moving                49.86 tok/s  n= 400  
  [zh    ] zh_review                49.87 tok/s  n= 400  

=== pass03_mtp-n2@BF16 ===
  settled: 73.0C -> 56.0C in 35.2s (clock 210.0 MHz)
  drafter: 0.05.155.712 I common_speculative_init_result: creating MTP draft context against the target model '/home/thc1006/dev/qw
  ready in 5.5s
  [code  ] code_py_ratelimiter      96.04 tok/s  n= 400  
  [code  ] code_rust_mergesort      90.87 tok/s  n= 400  
  [code  ] code_nginx_cfg           90.38 tok/s  n= 400  
  [prose ] prose_rainbow            75.40 tok/s  n= 400  
  [prose ] prose_bookshelves        71.44 tok/s  n= 400  
  [prose ] prose_letter             67.04 tok/s  n= 400  
  [reason] reason_trains            97.04 tok/s  n= 400  
  [reason] reason_zebra             89.41 tok/s  n= 400  
  [reason] reason_scheduling        90.12 tok/s  n= 400  
  [chat  ] chat_desk_robot          68.27 tok/s  n= 400  
  [chat  ] chat_music               71.83 tok/s  n= 400  
  [chat  ] chat_advice              74.69 tok/s  n= 400  
  [zh    ] zh_self_intro            66.22 tok/s  n= 390  SHORT(390)
  [zh    ] zh_tea                   74.43 tok/s  n= 400  
  [zh    ] zh_debug                 77.80 tok/s  n= 400  
  [code  ] code_go_worker           84.77 tok/s  n= 400  
  [code  ] code_sql_report          92.97 tok/s  n= 400  
  [prose ] prose_market             71.00 tok/s  n= 400  
  [prose ] prose_argument           68.95 tok/s  n= 400  
  [reason] reason_probability       98.41 tok/s  n= 400  
  [reason] reason_invariant         90.17 tok/s  n= 400  
  [chat  ] chat_travel              74.33 tok/s  n= 400  
  [chat  ] chat_disagree            74.11 tok/s  n= 400  
  [zh    ] zh_moving                63.88 tok/s  n= 400  
  [zh    ] zh_review                63.62 tok/s  n= 400  
