device: [0] NVIDIA GeForce RTX 3090  24 GB  sm_86  420 W default (100-450)  mem 9751 MHz
[devices] idle floor 56 C on GPU 0 (stabilised after 55s, 12 samples, 65 -> 56 C, last 4 span 1 C)
thermal gate targets 64 C (measured floor 56 C + 8 C margin)

=== pass01_baseline@UD-Q4_K_XL ===
  settled: 56.0C -> 56.0C in 0.0s (clock 210.0 MHz)
  ready in 6.0s
  [code  ] code_py_ratelimiter      41.77 tok/s  n= 400  
  [code  ] code_rust_mergesort      41.70 tok/s  n= 400  
  [code  ] code_nginx_cfg           41.64 tok/s  n= 400  
  [prose ] prose_rainbow            41.62 tok/s  n= 400  
  [prose ] prose_bookshelves        41.61 tok/s  n= 400  
  [prose ] prose_letter             41.56 tok/s  n= 400  
  [reason] reason_trains            41.55 tok/s  n= 400  
  [reason] reason_zebra             41.43 tok/s  n= 400  
  [reason] reason_scheduling        41.52 tok/s  n= 400  
  [chat  ] chat_desk_robot          41.58 tok/s  n= 400  
  [chat  ] chat_music               41.52 tok/s  n= 400  
  [chat  ] chat_advice              41.54 tok/s  n= 400  
  [zh    ] zh_self_intro            41.51 tok/s  n= 400  
  [zh    ] zh_tea                   41.55 tok/s  n= 400  
  [zh    ] zh_debug                 41.54 tok/s  n= 400  
  [code  ] code_go_worker           41.55 tok/s  n= 400  
  [code  ] code_sql_report          41.57 tok/s  n= 400  
  [prose ] prose_market             41.56 tok/s  n= 400  
  [prose ] prose_argument           41.64 tok/s  n= 400  
  [reason] reason_probability       41.60 tok/s  n= 400  
  [reason] reason_invariant         41.60 tok/s  n= 400  
  [chat  ] chat_travel              41.64 tok/s  n= 400  
  [chat  ] chat_disagree            41.64 tok/s  n= 400  
  [zh    ] zh_moving                41.58 tok/s  n= 400  
  [zh    ] zh_review                41.59 tok/s  n= 400  

=== pass01_mtp-n2@UD-Q4_K_XL ===
  settled: 78.0C -> 64.0C in 5.0s (clock 240.0 MHz)
  drafter: 0.06.013.785 I common_speculative_init_result: creating MTP draft context against the target model '/home/thc1006/dev/qw
  ready in 6.5s
  [code  ] code_py_ratelimiter      81.29 tok/s  n= 400  
  [code  ] code_rust_mergesort      80.53 tok/s  n= 400  
  [code  ] code_nginx_cfg           79.94 tok/s  n= 400  
  [prose ] prose_rainbow            67.63 tok/s  n= 400  
  [prose ] prose_bookshelves        61.58 tok/s  n= 400  
  [prose ] prose_letter             60.69 tok/s  n= 400  
  [reason] reason_trains            76.43 tok/s  n= 400  
  [reason] reason_zebra             67.41 tok/s  n= 400  
  [reason] reason_scheduling        71.67 tok/s  n= 400  
  [chat  ] chat_desk_robot          57.92 tok/s  n= 400  
  [chat  ] chat_music               63.07 tok/s  n= 400  
  [chat  ] chat_advice              58.78 tok/s  n= 400  
  [zh    ] zh_self_intro            57.93 tok/s  n= 400  
  [zh    ] zh_tea                   55.11 tok/s  n= 400  
  [zh    ] zh_debug                 64.20 tok/s  n= 400  
  [code  ] code_go_worker           78.49 tok/s  n= 400  
  [code  ] code_sql_report          79.26 tok/s  n= 400  
  [prose ] prose_market             57.92 tok/s  n= 400  
  [prose ] prose_argument           60.97 tok/s  n= 400  
  [reason] reason_probability       77.44 tok/s  n= 400  
  [reason] reason_invariant         67.98 tok/s  n= 400  
  [chat  ] chat_travel              63.67 tok/s  n= 400  
  [chat  ] chat_disagree            62.05 tok/s  n= 400  
  [zh    ] zh_moving                52.51 tok/s  n= 400  
  [zh    ] zh_review                57.11 tok/s  n= 400  

=== pass01_mtp-n3@UD-Q4_K_XL ===
  settled: 81.0C -> 64.0C in 10.1s (clock 210.0 MHz)
  drafter: 0.07.179.152 I common_speculative_init_result: creating MTP draft context against the target model '/home/thc1006/dev/qw
  ready in 7.5s
  [code  ] code_py_ratelimiter      84.29 tok/s  n= 400  
  [code  ] code_rust_mergesort      81.74 tok/s  n= 400  
  [code  ] code_nginx_cfg           83.03 tok/s  n= 400  
  [prose ] prose_rainbow            64.57 tok/s  n= 400  
  [prose ] prose_bookshelves        57.00 tok/s  n= 400  
  [prose ] prose_letter             54.94 tok/s  n= 400  
  [reason] reason_trains            78.10 tok/s  n= 400  
  [reason] reason_zebra             64.95 tok/s  n= 400  
  [reason] reason_scheduling        67.03 tok/s  n= 400  
  [chat  ] chat_desk_robot          49.90 tok/s  n= 400  
  [chat  ] chat_music               55.15 tok/s  n= 400  
  [chat  ] chat_advice              54.46 tok/s  n= 400  
  [zh    ] zh_self_intro            50.75 tok/s  n= 400  
  [zh    ] zh_tea                   47.98 tok/s  n= 400  
  [zh    ] zh_debug                 60.40 tok/s  n= 400  
  [code  ] code_go_worker           79.84 tok/s  n= 400  
  [code  ] code_sql_report          84.19 tok/s  n= 400  
  [prose ] prose_market             52.47 tok/s  n= 400  
  [prose ] prose_argument           55.51 tok/s  n= 400  
  [reason] reason_probability       80.04 tok/s  n= 400  
  [reason] reason_invariant         65.24 tok/s  n= 400  
  [chat  ] chat_travel              58.14 tok/s  n= 400  
  [chat  ] chat_disagree            55.56 tok/s  n= 400  
  [zh    ] zh_moving                46.93 tok/s  n= 400  
  [zh    ] zh_review                50.83 tok/s  n= 400  

=== pass01_mtp-n5@UD-Q4_K_XL ===
  settled: 76.0C -> 64.0C in 10.1s (clock 210.0 MHz)
  drafter: 0.05.926.474 I common_speculative_init_result: creating MTP draft context against the target model '/home/thc1006/dev/qw
  ready in 6.2s
  [code  ] code_py_ratelimiter      82.21 tok/s  n= 400  
  [code  ] code_rust_mergesort      79.26 tok/s  n= 400  
  [code  ] code_nginx_cfg           78.77 tok/s  n= 400  
  [prose ] prose_rainbow            51.70 tok/s  n= 400  
  [prose ] prose_bookshelves        44.57 tok/s  n= 400  
  [prose ] prose_letter             43.70 tok/s  n= 400  
  [reason] reason_trains            74.07 tok/s  n= 400  
  [reason] reason_zebra             55.93 tok/s  n= 400  
  [reason] reason_scheduling        66.27 tok/s  n= 400  
  [chat  ] chat_desk_robot          40.76 tok/s  n= 400  
  [chat  ] chat_music               42.66 tok/s  n= 400  
  [chat  ] chat_advice              43.56 tok/s  n= 400  
  [zh    ] zh_self_intro            37.46 tok/s  n= 400  
  [zh    ] zh_tea                   40.27 tok/s  n= 400  
  [zh    ] zh_debug                 56.14 tok/s  n= 400  
  [code  ] code_go_worker           74.72 tok/s  n= 400  
  [code  ] code_sql_report          81.19 tok/s  n= 400  
  [prose ] prose_market             38.34 tok/s  n= 400  
  [prose ] prose_argument           44.16 tok/s  n= 400  
  [reason] reason_probability       74.37 tok/s  n= 400  
  [reason] reason_invariant         51.06 tok/s  n= 400  
  [chat  ] chat_travel              48.65 tok/s  n= 400  
  [chat  ] chat_disagree            47.19 tok/s  n= 400  
  [zh    ] zh_moving                33.62 tok/s  n= 400  
  [zh    ] zh_review                42.09 tok/s  n= 400  

=== pass02_mtp-n2@UD-Q4_K_XL ===
  settled: 73.0C -> 64.0C in 10.1s (clock 210.0 MHz)
  drafter: 0.09.428.733 I common_speculative_init_result: creating MTP draft context against the target model '/home/thc1006/dev/qw
  ready in 9.6s
  [code  ] code_py_ratelimiter      81.09 tok/s  n= 400  
  [code  ] code_rust_mergesort      80.49 tok/s  n= 400  
  [code  ] code_nginx_cfg           79.90 tok/s  n= 400  
  [prose ] prose_rainbow            67.60 tok/s  n= 400  
  [prose ] prose_bookshelves        61.46 tok/s  n= 400  
  [prose ] prose_letter             60.67 tok/s  n= 400  
  [reason] reason_trains            76.39 tok/s  n= 400  
  [reason] reason_zebra             67.27 tok/s  n= 400  
  [reason] reason_scheduling        71.50 tok/s  n= 400  
  [chat  ] chat_desk_robot          57.96 tok/s  n= 400  
  [chat  ] chat_music               62.86 tok/s  n= 400  
  [chat  ] chat_advice              58.74 tok/s  n= 400  
  [zh    ] zh_self_intro            57.85 tok/s  n= 400  
  [zh    ] zh_tea                   55.13 tok/s  n= 400  
  [zh    ] zh_debug                 64.03 tok/s  n= 400  
  [code  ] code_go_worker           78.19 tok/s  n= 400  
  [code  ] code_sql_report          79.34 tok/s  n= 400  
  [prose ] prose_market             57.87 tok/s  n= 400  
  [prose ] prose_argument           60.94 tok/s  n= 400  
  [reason] reason_probability       77.40 tok/s  n= 400  
  [reason] reason_invariant         67.85 tok/s  n= 400  
  [chat  ] chat_travel              63.71 tok/s  n= 400  
  [chat  ] chat_disagree            62.07 tok/s  n= 400  
  [zh    ] zh_moving                52.44 tok/s  n= 400  
  [zh    ] zh_review                57.07 tok/s  n= 400  

=== pass02_mtp-n3@UD-Q4_K_XL ===
  settled: 74.0C -> 63.0C in 10.1s (clock 210.0 MHz)
  drafter: 0.07.869.928 I common_speculative_init_result: creating MTP draft context against the target model '/home/thc1006/dev/qw
  ready in 8.0s
  [code  ] code_py_ratelimiter      84.31 tok/s  n= 400  
  [code  ] code_rust_mergesort      81.78 tok/s  n= 400  
  [code  ] code_nginx_cfg           83.19 tok/s  n= 400  
  [prose ] prose_rainbow            64.64 tok/s  n= 400  
  [prose ] prose_bookshelves        57.00 tok/s  n= 400  
  [prose ] prose_letter             55.00 tok/s  n= 400  
  [reason] reason_trains            78.35 tok/s  n= 400  
  [reason] reason_zebra             64.87 tok/s  n= 400  
  [reason] reason_scheduling        67.13 tok/s  n= 400  
  [chat  ] chat_desk_robot          49.92 tok/s  n= 400  
  [chat  ] chat_music               55.18 tok/s  n= 400  
  [chat  ] chat_advice              54.45 tok/s  n= 400  
  [zh    ] zh_self_intro            50.73 tok/s  n= 400  
  [zh    ] zh_tea                   47.91 tok/s  n= 400  
  [zh    ] zh_debug                 60.33 tok/s  n= 400  
  [code  ] code_go_worker           80.00 tok/s  n= 400  
  [code  ] code_sql_report          84.18 tok/s  n= 400  
  [prose ] prose_market             52.40 tok/s  n= 400  
  [prose ] prose_argument           55.50 tok/s  n= 400  
  [reason] reason_probability       79.93 tok/s  n= 400  
  [reason] reason_invariant         65.28 tok/s  n= 400  
  [chat  ] chat_travel              58.19 tok/s  n= 400  
  [chat  ] chat_disagree            55.55 tok/s  n= 400  
  [zh    ] zh_moving                46.89 tok/s  n= 400  
  [zh    ] zh_review                50.73 tok/s  n= 400  

=== pass02_mtp-n5@UD-Q4_K_XL ===
  settled: 76.0C -> 64.0C in 10.1s (clock 210.0 MHz)
  drafter: 0.06.687.202 I common_speculative_init_result: creating MTP draft context against the target model '/home/thc1006/dev/qw
  ready in 7.0s
  [code  ] code_py_ratelimiter      82.29 tok/s  n= 400  
  [code  ] code_rust_mergesort      79.31 tok/s  n= 400  
  [code  ] code_nginx_cfg           78.80 tok/s  n= 400  
  [prose ] prose_rainbow            51.69 tok/s  n= 400  
  [prose ] prose_bookshelves        44.52 tok/s  n= 400  
  [prose ] prose_letter             43.60 tok/s  n= 400  
  [reason] reason_trains            73.84 tok/s  n= 400  
  [reason] reason_zebra             55.78 tok/s  n= 400  
  [reason] reason_scheduling        66.07 tok/s  n= 400  
  [chat  ] chat_desk_robot          40.69 tok/s  n= 400  
  [chat  ] chat_music               42.63 tok/s  n= 400  
  [chat  ] chat_advice              43.58 tok/s  n= 400  
  [zh    ] zh_self_intro            37.44 tok/s  n= 400  
  [zh    ] zh_tea                   40.32 tok/s  n= 400  
  [zh    ] zh_debug                 56.25 tok/s  n= 400  
  [code  ] code_go_worker           74.50 tok/s  n= 400  
  [code  ] code_sql_report          81.47 tok/s  n= 400  
  [prose ] prose_market             38.35 tok/s  n= 400  
  [prose ] prose_argument           44.17 tok/s  n= 400  
  [reason] reason_probability       74.45 tok/s  n= 400  
  [reason] reason_invariant         51.08 tok/s  n= 400  
  [chat  ] chat_travel              48.70 tok/s  n= 400  
  [chat  ] chat_disagree            47.25 tok/s  n= 400  
  [zh    ] zh_moving                33.62 tok/s  n= 400  
  [zh    ] zh_review                42.08 tok/s  n= 400  

=== pass02_baseline@UD-Q4_K_XL ===
  settled: 76.0C -> 64.0C in 10.1s (clock 210.0 MHz)
  ready in 191.8s
  [code  ] code_py_ratelimiter      41.86 tok/s  n= 400  
  [code  ] code_rust_mergesort      41.88 tok/s  n= 400  
  [code  ] code_nginx_cfg           41.75 tok/s  n= 400  
  [prose ] prose_rainbow            41.70 tok/s  n= 400  
  [prose ] prose_bookshelves        41.74 tok/s  n= 400  
  [prose ] prose_letter             41.68 tok/s  n= 400  
  [reason] reason_trains            41.64 tok/s  n= 400  
  [reason] reason_zebra             41.59 tok/s  n= 400  
  [reason] reason_scheduling        41.57 tok/s  n= 400  
  [chat  ] chat_desk_robot          41.61 tok/s  n= 400  
  [chat  ] chat_music               41.60 tok/s  n= 400  
  [chat  ] chat_advice              41.54 tok/s  n= 400  
  [zh    ] zh_self_intro            41.51 tok/s  n= 400  
  [zh    ] zh_tea                   41.53 tok/s  n= 400  
  [zh    ] zh_debug                 41.54 tok/s  n= 400  
  [code  ] code_go_worker           41.51 tok/s  n= 400  
  [code  ] code_sql_report          41.50 tok/s  n= 400  
  [prose ] prose_market             41.51 tok/s  n= 400  
  [prose ] prose_argument           41.56 tok/s  n= 400  
  [reason] reason_probability       41.51 tok/s  n= 400  
  [reason] reason_invariant         41.55 tok/s  n= 400  
  [chat  ] chat_travel              41.58 tok/s  n= 400  
  [chat  ] chat_disagree            41.62 tok/s  n= 400  
  [zh    ] zh_moving                41.61 tok/s  n= 400  
  [zh    ] zh_review                41.56 tok/s  n= 400  

=== pass03_mtp-n3@UD-Q4_K_XL ===
  settled: 69.0C -> 62.0C in 5.1s (clock 210.0 MHz)
  drafter: 0.30.099.192 I common_speculative_init_result: creating MTP draft context against the target model '/home/thc1006/dev/qw
  ready in 30.5s
  [code  ] code_py_ratelimiter      84.77 tok/s  n= 400  
  [code  ] code_rust_mergesort      82.48 tok/s  n= 400  
  [code  ] code_nginx_cfg           83.83 tok/s  n= 400  
  [prose ] prose_rainbow            64.91 tok/s  n= 400  
  [prose ] prose_bookshelves        57.28 tok/s  n= 400  
  [prose ] prose_letter             55.26 tok/s  n= 400  
  [reason] reason_trains            78.57 tok/s  n= 400  
  [reason] reason_zebra             65.16 tok/s  n= 400  
  [reason] reason_scheduling        67.42 tok/s  n= 400  
  [chat  ] chat_desk_robot          50.01 tok/s  n= 400  
  [chat  ] chat_music               55.23 tok/s  n= 400  
  [chat  ] chat_advice              54.48 tok/s  n= 400  
  [zh    ] zh_self_intro            50.72 tok/s  n= 400  
  [zh    ] zh_tea                   47.97 tok/s  n= 400  
  [zh    ] zh_debug                 60.28 tok/s  n= 400  
  [code  ] code_go_worker           79.93 tok/s  n= 400  
  [code  ] code_sql_report          84.17 tok/s  n= 400  
  [prose ] prose_market             52.50 tok/s  n= 400  
  [prose ] prose_argument           55.50 tok/s  n= 400  
  [reason] reason_probability       80.06 tok/s  n= 400  
  [reason] reason_invariant         65.21 tok/s  n= 400  
  [chat  ] chat_travel              58.05 tok/s  n= 400  
  [chat  ] chat_disagree            55.56 tok/s  n= 400  
  [zh    ] zh_moving                46.89 tok/s  n= 400  
  [zh    ] zh_review                50.81 tok/s  n= 400  

=== pass03_mtp-n5@UD-Q4_K_XL ===
  settled: 76.0C -> 64.0C in 10.1s (clock 210.0 MHz)
  drafter: 0.06.272.164 I common_speculative_init_result: creating MTP draft context against the target model '/home/thc1006/dev/qw
  ready in 6.5s
  [code  ] code_py_ratelimiter      82.39 tok/s  n= 400  
  [code  ] code_rust_mergesort      79.31 tok/s  n= 400  
  [code  ] code_nginx_cfg           78.83 tok/s  n= 400  
  [prose ] prose_rainbow            51.77 tok/s  n= 400  
  [prose ] prose_bookshelves        44.63 tok/s  n= 400  
  [prose ] prose_letter             43.78 tok/s  n= 400  
  [reason] reason_trains            74.12 tok/s  n= 400  
  [reason] reason_zebra             55.92 tok/s  n= 400  
  [reason] reason_scheduling        66.32 tok/s  n= 400  
  [chat  ] chat_desk_robot          40.80 tok/s  n= 400  
  [chat  ] chat_music               42.65 tok/s  n= 400  
  [chat  ] chat_advice              43.60 tok/s  n= 400  
  [zh    ] zh_self_intro            37.47 tok/s  n= 400  
  [zh    ] zh_tea                   40.34 tok/s  n= 400  
  [zh    ] zh_debug                 56.16 tok/s  n= 400  
  [code  ] code_go_worker           74.69 tok/s  n= 400  
  [code  ] code_sql_report          81.46 tok/s  n= 400  
  [prose ] prose_market             38.30 tok/s  n= 400  
  [prose ] prose_argument           44.16 tok/s  n= 400  
  [reason] reason_probability       74.48 tok/s  n= 400  
  [reason] reason_invariant         51.06 tok/s  n= 400  
  [chat  ] chat_travel              48.65 tok/s  n= 400  
  [chat  ] chat_disagree            47.21 tok/s  n= 400  
  [zh    ] zh_moving                33.62 tok/s  n= 400  
  [zh    ] zh_review                42.15 tok/s  n= 400  

=== pass03_baseline@UD-Q4_K_XL ===
  settled: 82.0C -> 64.0C in 10.1s (clock 210.0 MHz)
  ready in 8.0s
  [code  ] code_py_ratelimiter      41.63 tok/s  n= 400  
  [code  ] code_rust_mergesort      41.62 tok/s  n= 400  
  [code  ] code_nginx_cfg           41.56 tok/s  n= 400  
  [prose ] prose_rainbow            41.54 tok/s  n= 400  
  [prose ] prose_bookshelves        41.51 tok/s  n= 400  
  [prose ] prose_letter             41.48 tok/s  n= 400  
  [reason] reason_trains            41.47 tok/s  n= 400  
  [reason] reason_zebra             41.52 tok/s  n= 400  
  [reason] reason_scheduling        41.47 tok/s  n= 400  
  [chat  ] chat_desk_robot          41.58 tok/s  n= 400  
  [chat  ] chat_music               41.62 tok/s  n= 400  
  [chat  ] chat_advice              41.61 tok/s  n= 400  
  [zh    ] zh_self_intro            41.61 tok/s  n= 400  
  [zh    ] zh_tea                   41.60 tok/s  n= 400  
  [zh    ] zh_debug                 41.56 tok/s  n= 400  
  [code  ] code_go_worker           41.66 tok/s  n= 400  
  [code  ] code_sql_report          41.60 tok/s  n= 400  
  [prose ] prose_market             41.59 tok/s  n= 400  
  [prose ] prose_argument           41.61 tok/s  n= 400  
  [reason] reason_probability       41.56 tok/s  n= 400  
  [reason] reason_invariant         41.54 tok/s  n= 400  
  [chat  ] chat_travel              41.57 tok/s  n= 400  
  [chat  ] chat_disagree            41.57 tok/s  n= 400  
  [zh    ] zh_moving                41.53 tok/s  n= 400  
  [zh    ] zh_review                41.55 tok/s  n= 400  

=== pass03_mtp-n2@UD-Q4_K_XL ===
  settled: 75.0C -> 64.0C in 10.1s (clock 210.0 MHz)
  drafter: 3.02.845.665 I common_speculative_init_result: creating MTP draft context against the target model '/home/thc1006/dev/qw
  ready in 183.2s
  [code  ] code_py_ratelimiter      83.10 tok/s  n= 400  
  [code  ] code_rust_mergesort      82.38 tok/s  n= 400  
  [code  ] code_nginx_cfg           81.42 tok/s  n= 400  
  [prose ] prose_rainbow            69.00 tok/s  n= 400  
  [prose ] prose_bookshelves        62.68 tok/s  n= 400  
  [prose ] prose_letter             61.69 tok/s  n= 400  
  [reason] reason_trains            77.41 tok/s  n= 400  
  [reason] reason_zebra             68.27 tok/s  n= 400  
  [reason] reason_scheduling        72.62 tok/s  n= 400  
  [chat  ] chat_desk_robot          58.63 tok/s  n= 400  
  [chat  ] chat_music               63.60 tok/s  n= 400  
  [chat  ] chat_advice              59.18 tok/s  n= 400  
  [zh    ] zh_self_intro            58.33 tok/s  n= 400  
  [zh    ] zh_tea                   55.54 tok/s  n= 400  
  [zh    ] zh_debug                 64.47 tok/s  n= 400  
  [code  ] code_go_worker           78.80 tok/s  n= 400  
  [code  ] code_sql_report          79.79 tok/s  n= 400  
  [prose ] prose_market             58.12 tok/s  n= 400  
  [prose ] prose_argument           61.08 tok/s  n= 400  
  [reason] reason_probability       77.29 tok/s  n= 400  
  [reason] reason_invariant         67.94 tok/s  n= 400  
  [chat  ] chat_travel              63.69 tok/s  n= 400  
  [chat  ] chat_disagree            61.96 tok/s  n= 400  
  [zh    ] zh_moving                52.32 tok/s  n= 400  
  [zh    ] zh_review                57.03 tok/s  n= 400  
