device: [0] NVIDIA GeForce RTX 3090  24 GB  sm_86  420 W default (100-450)  mem 9751 MHz
[devices] idle floor 51 C on GPU 0 (stabilised after 20s, 5 samples, 53 -> 51 C, last 4 span 1 C)
thermal gate targets 59 C (measured floor 51 C + 8 C margin)

=== pass01_baseline@Q6_K ===
  settled: 51.0C -> 51.0C in 0.0s (clock 210.0 MHz)
  ready in 1.6s
  [code  ] code_py_ratelimiter      99.58 tok/s  n= 400  
  [code  ] code_rust_mergesort      99.43 tok/s  n= 400  
  [code  ] code_nginx_cfg           99.28 tok/s  n= 400  
  [prose ] prose_rainbow            98.86 tok/s  n= 400  
  [prose ] prose_bookshelves        99.03 tok/s  n= 400  
  [prose ] prose_letter             99.01 tok/s  n= 400  
  [reason] reason_trains            99.02 tok/s  n= 400  
  [reason] reason_zebra             98.92 tok/s  n= 400  
  [reason] reason_scheduling        99.01 tok/s  n= 400  
  [chat  ] chat_desk_robot          98.93 tok/s  n= 400  
  [chat  ] chat_music               98.82 tok/s  n= 400  
  [chat  ] chat_advice              98.91 tok/s  n= 400  
  [zh    ] zh_self_intro            98.92 tok/s  n= 400  
  [zh    ] zh_tea                   98.70 tok/s  n= 400  
  [zh    ] zh_debug                 98.29 tok/s  n= 400  
  [code  ] code_go_worker           98.64 tok/s  n= 400  
  [code  ] code_sql_report          98.60 tok/s  n= 400  
  [prose ] prose_market             98.63 tok/s  n= 400  
  [prose ] prose_argument           98.31 tok/s  n= 400  
  [reason] reason_probability       98.62 tok/s  n= 400  
  [reason] reason_invariant         98.43 tok/s  n= 400  
  [chat  ] chat_travel              98.51 tok/s  n= 400  
  [chat  ] chat_disagree            98.51 tok/s  n= 400  
  [zh    ] zh_moving                98.42 tok/s  n= 400  
  [zh    ] zh_review                98.37 tok/s  n= 400  

=== pass01_mtp-n2@Q6_K ===
  settled: 82.0C -> 59.0C in 40.2s (clock 210.0 MHz)
  drafter: 0.01.979.484 I common_speculative_init_result: creating MTP draft context against the target model '/home/thc1006/dev/qw
  ready in 2.5s
  [code  ] code_py_ratelimiter     171.79 tok/s  n= 400  
  [code  ] code_rust_mergesort     172.92 tok/s  n= 400  
  [code  ] code_nginx_cfg          163.09 tok/s  n= 400  
  [prose ] prose_rainbow           139.29 tok/s  n= 400  
  [prose ] prose_bookshelves       128.99 tok/s  n= 400  
  [prose ] prose_letter            133.29 tok/s  n= 400  
  [reason] reason_trains           181.38 tok/s  n= 400  
  [reason] reason_zebra            173.30 tok/s  n= 400  
  [reason] reason_scheduling       170.41 tok/s  n= 400  
  [chat  ] chat_desk_robot         125.96 tok/s  n= 400  
  [chat  ] chat_music              131.08 tok/s  n= 400  
  [chat  ] chat_advice             138.27 tok/s  n= 400  
  [zh    ] zh_self_intro           124.26 tok/s  n= 328  SHORT(328)
  [zh    ] zh_tea                  126.60 tok/s  n= 400  
  [zh    ] zh_debug                148.47 tok/s  n= 400  
  [code  ] code_go_worker          158.14 tok/s  n= 400  
  [code  ] code_sql_report         166.55 tok/s  n= 400  
  [prose ] prose_market            131.89 tok/s  n= 400  
  [prose ] prose_argument          126.86 tok/s  n= 400  
  [reason] reason_probability      181.73 tok/s  n= 400  
  [reason] reason_invariant        166.48 tok/s  n= 400  
  [chat  ] chat_travel             143.17 tok/s  n= 400  
  [chat  ] chat_disagree           140.41 tok/s  n= 400  
  [zh    ] zh_moving               120.18 tok/s  n= 400  
  [zh    ] zh_review               130.90 tok/s  n= 400  

=== pass01_mtp-n3@Q6_K ===
  settled: 81.0C -> 59.0C in 35.2s (clock 210.0 MHz)
  drafter: 0.01.835.166 I common_speculative_init_result: creating MTP draft context against the target model '/home/thc1006/dev/qw
  ready in 2.0s
  [code  ] code_py_ratelimiter     168.88 tok/s  n= 400  
  [code  ] code_rust_mergesort     169.83 tok/s  n= 400  
  [code  ] code_nginx_cfg          152.99 tok/s  n= 400  
  [prose ] prose_rainbow           125.17 tok/s  n= 400  
  [prose ] prose_bookshelves       113.61 tok/s  n= 400  
  [prose ] prose_letter            114.46 tok/s  n= 400  
  [reason] reason_trains           183.13 tok/s  n= 400  
  [reason] reason_zebra            167.78 tok/s  n= 400  
  [reason] reason_scheduling       169.66 tok/s  n= 400  
  [chat  ] chat_desk_robot         117.99 tok/s  n= 400  
  [chat  ] chat_music              127.83 tok/s  n= 400  
  [chat  ] chat_advice             126.06 tok/s  n= 400  
  [zh    ] zh_self_intro           106.04 tok/s  n= 314  SHORT(314)
  [zh    ] zh_tea                  125.20 tok/s  n= 400  
  [zh    ] zh_debug                133.99 tok/s  n= 400  
  [code  ] code_go_worker          151.16 tok/s  n= 400  
  [code  ] code_sql_report         163.40 tok/s  n= 400  
  [prose ] prose_market            115.21 tok/s  n= 400  
  [prose ] prose_argument          113.38 tok/s  n= 400  
  [reason] reason_probability      187.65 tok/s  n= 400  
  [reason] reason_invariant        167.03 tok/s  n= 400  
  [chat  ] chat_travel             116.43 tok/s  n= 400  
  [chat  ] chat_disagree           128.30 tok/s  n= 400  
  [zh    ] zh_moving                98.95 tok/s  n= 400  
  [zh    ] zh_review               111.67 tok/s  n= 400  

=== pass01_mtp-n5@Q6_K ===
  settled: 76.0C -> 59.0C in 40.2s (clock 210.0 MHz)
  drafter: 0.01.360.090 I common_speculative_init_result: creating MTP draft context against the target model '/home/thc1006/dev/qw
  ready in 1.5s
  [code  ] code_py_ratelimiter     154.51 tok/s  n= 400  
  [code  ] code_rust_mergesort     157.70 tok/s  n= 400  
  [code  ] code_nginx_cfg          132.17 tok/s  n= 400  
  [prose ] prose_rainbow           101.07 tok/s  n= 400  
  [prose ] prose_bookshelves       100.92 tok/s  n= 400  
  [prose ] prose_letter             92.07 tok/s  n= 400  
  [reason] reason_trains           189.74 tok/s  n= 400  
  [reason] reason_zebra            166.45 tok/s  n= 400  
  [reason] reason_scheduling       155.29 tok/s  n= 400  
  [chat  ] chat_desk_robot          86.28 tok/s  n= 400  
  [chat  ] chat_music              105.32 tok/s  n= 400  
  [chat  ] chat_advice             101.30 tok/s  n= 400  
  [zh    ] zh_self_intro            80.87 tok/s  n= 351  SHORT(351)
  [zh    ] zh_tea                   89.07 tok/s  n= 400  
  [zh    ] zh_debug                106.93 tok/s  n= 400  
  [code  ] code_go_worker          137.27 tok/s  n= 400  
  [code  ] code_sql_report         155.08 tok/s  n= 400  
  [prose ] prose_market             90.02 tok/s  n= 400  
  [prose ] prose_argument           87.50 tok/s  n= 400  
  [reason] reason_probability      194.88 tok/s  n= 400  
  [reason] reason_invariant        163.54 tok/s  n= 400  
  [chat  ] chat_travel             100.80 tok/s  n= 400  
  [chat  ] chat_disagree           102.02 tok/s  n= 400  
  [zh    ] zh_moving                82.66 tok/s  n= 400  
  [zh    ] zh_review                91.75 tok/s  n= 400  

=== pass01_mtp-n6@Q6_K ===
  settled: 82.0C -> 59.0C in 40.2s (clock 210.0 MHz)
  drafter: 0.01.332.931 I common_speculative_init_result: creating MTP draft context against the target model '/home/thc1006/dev/qw
  ready in 1.5s
  [code  ] code_py_ratelimiter     146.14 tok/s  n= 400  
  [code  ] code_rust_mergesort     145.77 tok/s  n= 400  
  [code  ] code_nginx_cfg          120.54 tok/s  n= 400  
  [prose ] prose_rainbow            92.83 tok/s  n= 400  
  [prose ] prose_bookshelves        89.83 tok/s  n= 400  
  [prose ] prose_letter             82.26 tok/s  n= 400  
  [reason] reason_trains           185.88 tok/s  n= 400  
  [reason] reason_zebra            158.35 tok/s  n= 400  
  [reason] reason_scheduling       148.03 tok/s  n= 400  
  [chat  ] chat_desk_robot          76.61 tok/s  n= 400  
  [chat  ] chat_music               95.84 tok/s  n= 400  
  [chat  ] chat_advice              92.18 tok/s  n= 400  
  [zh    ] zh_self_intro            71.79 tok/s  n= 351  SHORT(351)
  [zh    ] zh_tea                   80.13 tok/s  n= 400  
  [zh    ] zh_debug                 98.02 tok/s  n= 400  
  [code  ] code_go_worker          128.43 tok/s  n= 400  
  [code  ] code_sql_report         147.20 tok/s  n= 400  
  [prose ] prose_market             80.30 tok/s  n= 400  
  [prose ] prose_argument           77.86 tok/s  n= 400  
  [reason] reason_probability      197.37 tok/s  n= 400  
  [reason] reason_invariant        151.49 tok/s  n= 400  
  [chat  ] chat_travel              90.64 tok/s  n= 400  
  [chat  ] chat_disagree            89.91 tok/s  n= 400  
  [zh    ] zh_moving                73.38 tok/s  n= 400  
  [zh    ] zh_review                81.45 tok/s  n= 400  

=== pass02_mtp-n2@Q6_K ===
  settled: 82.0C -> 59.0C in 40.2s (clock 210.0 MHz)
  drafter: 0.01.129.427 I common_speculative_init_result: creating MTP draft context against the target model '/home/thc1006/dev/qw
  ready in 1.6s
  [code  ] code_py_ratelimiter     171.70 tok/s  n= 400  
  [code  ] code_rust_mergesort     172.22 tok/s  n= 400  
  [code  ] code_nginx_cfg          162.62 tok/s  n= 400  
  [prose ] prose_rainbow           139.23 tok/s  n= 400  
  [prose ] prose_bookshelves       128.39 tok/s  n= 400  
  [prose ] prose_letter            133.54 tok/s  n= 400  
  [reason] reason_trains           181.32 tok/s  n= 400  
  [reason] reason_zebra            173.51 tok/s  n= 400  
  [reason] reason_scheduling       170.72 tok/s  n= 400  
  [chat  ] chat_desk_robot         125.85 tok/s  n= 400  
  [chat  ] chat_music              131.22 tok/s  n= 400  
  [chat  ] chat_advice             138.12 tok/s  n= 400  
  [zh    ] zh_self_intro           123.48 tok/s  n= 328  SHORT(328)
  [zh    ] zh_tea                  126.51 tok/s  n= 400  
  [zh    ] zh_debug                148.01 tok/s  n= 400  
  [code  ] code_go_worker          157.23 tok/s  n= 400  
  [code  ] code_sql_report         166.43 tok/s  n= 400  
  [prose ] prose_market            131.64 tok/s  n= 400  
  [prose ] prose_argument          126.05 tok/s  n= 400  
  [reason] reason_probability      181.67 tok/s  n= 400  
  [reason] reason_invariant        167.02 tok/s  n= 400  
  [chat  ] chat_travel             142.65 tok/s  n= 400  
  [chat  ] chat_disagree           140.20 tok/s  n= 400  
  [zh    ] zh_moving               120.63 tok/s  n= 400  
  [zh    ] zh_review               130.55 tok/s  n= 400  

=== pass02_mtp-n3@Q6_K ===
  settled: 76.0C -> 59.0C in 40.2s (clock 210.0 MHz)
  drafter: 0.01.143.302 I common_speculative_init_result: creating MTP draft context against the target model '/home/thc1006/dev/qw
  ready in 1.6s
  [code  ] code_py_ratelimiter     169.86 tok/s  n= 400  
  [code  ] code_rust_mergesort     169.91 tok/s  n= 400  
  [code  ] code_nginx_cfg          154.03 tok/s  n= 400  
  [prose ] prose_rainbow           125.34 tok/s  n= 400  
  [prose ] prose_bookshelves       113.71 tok/s  n= 400  
  [prose ] prose_letter            115.39 tok/s  n= 400  
  [reason] reason_trains           183.14 tok/s  n= 400  
  [reason] reason_zebra            168.39 tok/s  n= 400  
  [reason] reason_scheduling       169.68 tok/s  n= 400  
  [chat  ] chat_desk_robot         117.81 tok/s  n= 400  
  [chat  ] chat_music              127.79 tok/s  n= 400  
  [chat  ] chat_advice             126.05 tok/s  n= 400  
  [zh    ] zh_self_intro           106.21 tok/s  n= 314  SHORT(314)
  [zh    ] zh_tea                  125.23 tok/s  n= 400  
  [zh    ] zh_debug                133.82 tok/s  n= 400  
  [code  ] code_go_worker          150.90 tok/s  n= 400  
  [code  ] code_sql_report         163.31 tok/s  n= 400  
  [prose ] prose_market            114.93 tok/s  n= 400  
  [prose ] prose_argument          113.16 tok/s  n= 400  
  [reason] reason_probability      188.53 tok/s  n= 400  
  [reason] reason_invariant        166.51 tok/s  n= 400  
  [chat  ] chat_travel             116.62 tok/s  n= 400  
  [chat  ] chat_disagree           128.22 tok/s  n= 400  
  [zh    ] zh_moving                99.00 tok/s  n= 400  
  [zh    ] zh_review               111.87 tok/s  n= 400  

=== pass02_mtp-n5@Q6_K ===
  settled: 82.0C -> 59.0C in 40.2s (clock 210.0 MHz)
  drafter: 0.01.124.686 I common_speculative_init_result: creating MTP draft context against the target model '/home/thc1006/dev/qw
  ready in 1.6s
  [code  ] code_py_ratelimiter     154.37 tok/s  n= 400  
  [code  ] code_rust_mergesort     158.44 tok/s  n= 400  
  [code  ] code_nginx_cfg          131.69 tok/s  n= 400  
  [prose ] prose_rainbow           101.45 tok/s  n= 400  
  [prose ] prose_bookshelves       100.85 tok/s  n= 400  
  [prose ] prose_letter             92.05 tok/s  n= 400  
  [reason] reason_trains           188.74 tok/s  n= 400  
  [reason] reason_zebra            166.69 tok/s  n= 400  
  [reason] reason_scheduling       155.42 tok/s  n= 400  
  [chat  ] chat_desk_robot          86.08 tok/s  n= 400  
  [chat  ] chat_music              105.16 tok/s  n= 400  
  [chat  ] chat_advice             100.75 tok/s  n= 400  
  [zh    ] zh_self_intro            81.19 tok/s  n= 351  SHORT(351)
  [zh    ] zh_tea                   89.01 tok/s  n= 400  
  [zh    ] zh_debug                106.74 tok/s  n= 400  
  [code  ] code_go_worker          137.40 tok/s  n= 400  
  [code  ] code_sql_report         154.39 tok/s  n= 400  
  [prose ] prose_market             90.30 tok/s  n= 400  
  [prose ] prose_argument           87.28 tok/s  n= 400  
  [reason] reason_probability      194.51 tok/s  n= 400  
  [reason] reason_invariant        163.12 tok/s  n= 400  
  [chat  ] chat_travel             100.57 tok/s  n= 400  
  [chat  ] chat_disagree           102.02 tok/s  n= 400  
  [zh    ] zh_moving                82.69 tok/s  n= 400  
  [zh    ] zh_review                91.79 tok/s  n= 400  

=== pass02_mtp-n6@Q6_K ===
  settled: 83.0C -> 59.0C in 40.2s (clock 210.0 MHz)
  drafter: 0.01.127.331 I common_speculative_init_result: creating MTP draft context against the target model '/home/thc1006/dev/qw
  ready in 1.6s
  [code  ] code_py_ratelimiter     145.92 tok/s  n= 400  
  [code  ] code_rust_mergesort     144.99 tok/s  n= 400  
  [code  ] code_nginx_cfg          119.99 tok/s  n= 400  
  [prose ] prose_rainbow            93.03 tok/s  n= 400  
  [prose ] prose_bookshelves        89.62 tok/s  n= 400  
  [prose ] prose_letter             81.92 tok/s  n= 400  
  [reason] reason_trains           185.61 tok/s  n= 400  
  [reason] reason_zebra            158.43 tok/s  n= 400  
  [reason] reason_scheduling       147.61 tok/s  n= 400  
  [chat  ] chat_desk_robot          76.44 tok/s  n= 400  
  [chat  ] chat_music               95.71 tok/s  n= 400  
  [chat  ] chat_advice              92.47 tok/s  n= 400  
  [zh    ] zh_self_intro            71.69 tok/s  n= 351  SHORT(351)
  [zh    ] zh_tea                   80.31 tok/s  n= 400  
  [zh    ] zh_debug                 97.65 tok/s  n= 400  
  [code  ] code_go_worker          128.46 tok/s  n= 400  
  [code  ] code_sql_report         147.39 tok/s  n= 400  
  [prose ] prose_market             80.30 tok/s  n= 400  
  [prose ] prose_argument           77.79 tok/s  n= 400  
  [reason] reason_probability      196.64 tok/s  n= 400  
  [reason] reason_invariant        151.29 tok/s  n= 400  
  [chat  ] chat_travel              90.33 tok/s  n= 400  
  [chat  ] chat_disagree            89.88 tok/s  n= 400  
  [zh    ] zh_moving                73.31 tok/s  n= 400  
  [zh    ] zh_review                81.50 tok/s  n= 400  

=== pass02_baseline@Q6_K ===
  settled: 77.0C -> 59.0C in 40.2s (clock 210.0 MHz)
  ready in 1.6s
  [code  ] code_py_ratelimiter      98.87 tok/s  n= 400  
  [code  ] code_rust_mergesort      98.74 tok/s  n= 400  
  [code  ] code_nginx_cfg           98.79 tok/s  n= 400  
  [prose ] prose_rainbow            98.60 tok/s  n= 400  
  [prose ] prose_bookshelves        98.59 tok/s  n= 400  
  [prose ] prose_letter             98.50 tok/s  n= 400  
  [reason] reason_trains            98.46 tok/s  n= 400  
  [reason] reason_zebra             98.55 tok/s  n= 400  
  [reason] reason_scheduling        98.55 tok/s  n= 400  
  [chat  ] chat_desk_robot          98.53 tok/s  n= 400  
  [chat  ] chat_music               98.36 tok/s  n= 400  
  [chat  ] chat_advice              98.46 tok/s  n= 400  
  [zh    ] zh_self_intro            98.46 tok/s  n= 400  
  [zh    ] zh_tea                   98.36 tok/s  n= 400  
  [zh    ] zh_debug                 98.15 tok/s  n= 400  
  [code  ] code_go_worker           98.48 tok/s  n= 400  
  [code  ] code_sql_report          98.35 tok/s  n= 400  
  [prose ] prose_market             98.33 tok/s  n= 400  
  [prose ] prose_argument           98.19 tok/s  n= 400  
  [reason] reason_probability       98.28 tok/s  n= 400  
  [reason] reason_invariant         98.17 tok/s  n= 400  
  [chat  ] chat_travel              98.12 tok/s  n= 400  
  [chat  ] chat_disagree            98.18 tok/s  n= 400  
  [zh    ] zh_moving                98.28 tok/s  n= 400  
  [zh    ] zh_review                98.31 tok/s  n= 400  

=== pass03_mtp-n3@Q6_K ===
  settled: 81.0C -> 59.0C in 35.2s (clock 210.0 MHz)
  drafter: 0.01.132.360 I common_speculative_init_result: creating MTP draft context against the target model '/home/thc1006/dev/qw
  ready in 1.6s
  [code  ] code_py_ratelimiter     169.55 tok/s  n= 400  
  [code  ] code_rust_mergesort     170.17 tok/s  n= 400  
  [code  ] code_nginx_cfg          154.08 tok/s  n= 400  
  [prose ] prose_rainbow           125.38 tok/s  n= 400  
  [prose ] prose_bookshelves       113.75 tok/s  n= 400  
  [prose ] prose_letter            114.78 tok/s  n= 400  
  [reason] reason_trains           183.38 tok/s  n= 400  
  [reason] reason_zebra            168.14 tok/s  n= 400  
  [reason] reason_scheduling       169.94 tok/s  n= 400  
  [chat  ] chat_desk_robot         117.94 tok/s  n= 400  
  [chat  ] chat_music              128.12 tok/s  n= 400  
  [chat  ] chat_advice             126.37 tok/s  n= 400  
  [zh    ] zh_self_intro           105.87 tok/s  n= 314  SHORT(314)
  [zh    ] zh_tea                  124.79 tok/s  n= 400  
  [zh    ] zh_debug                133.79 tok/s  n= 400  
  [code  ] code_go_worker          151.06 tok/s  n= 400  
  [code  ] code_sql_report         163.56 tok/s  n= 400  
  [prose ] prose_market            115.38 tok/s  n= 400  
  [prose ] prose_argument          113.37 tok/s  n= 400  
  [reason] reason_probability      188.15 tok/s  n= 400  
  [reason] reason_invariant        166.76 tok/s  n= 400  
  [chat  ] chat_travel             116.50 tok/s  n= 400  
  [chat  ] chat_disagree           127.81 tok/s  n= 400  
  [zh    ] zh_moving                98.75 tok/s  n= 400  
  [zh    ] zh_review               111.55 tok/s  n= 400  

=== pass03_mtp-n5@Q6_K ===
  settled: 82.0C -> 59.0C in 40.2s (clock 210.0 MHz)
  drafter: 0.01.123.074 I common_speculative_init_result: creating MTP draft context against the target model '/home/thc1006/dev/qw
  ready in 1.6s
  [code  ] code_py_ratelimiter     154.39 tok/s  n= 400  
  [code  ] code_rust_mergesort     158.30 tok/s  n= 400  
  [code  ] code_nginx_cfg          132.42 tok/s  n= 400  
  [prose ] prose_rainbow           101.59 tok/s  n= 400  
  [prose ] prose_bookshelves       100.65 tok/s  n= 400  
  [prose ] prose_letter             92.03 tok/s  n= 400  
  [reason] reason_trains           188.23 tok/s  n= 400  
  [reason] reason_zebra            165.45 tok/s  n= 400  
  [reason] reason_scheduling       155.17 tok/s  n= 400  
  [chat  ] chat_desk_robot          86.24 tok/s  n= 400  
  [chat  ] chat_music              105.39 tok/s  n= 400  
  [chat  ] chat_advice             100.80 tok/s  n= 400  
  [zh    ] zh_self_intro            81.01 tok/s  n= 351  SHORT(351)
  [zh    ] zh_tea                   88.98 tok/s  n= 400  
  [zh    ] zh_debug                106.98 tok/s  n= 400  
  [code  ] code_go_worker          136.95 tok/s  n= 400  
  [code  ] code_sql_report         154.67 tok/s  n= 400  
  [prose ] prose_market             90.01 tok/s  n= 400  
  [prose ] prose_argument           87.24 tok/s  n= 400  
  [reason] reason_probability      194.44 tok/s  n= 400  
  [reason] reason_invariant        163.34 tok/s  n= 400  
  [chat  ] chat_travel             100.66 tok/s  n= 400  
  [chat  ] chat_disagree           101.78 tok/s  n= 400  
  [zh    ] zh_moving                82.65 tok/s  n= 400  
  [zh    ] zh_review                91.62 tok/s  n= 400  

=== pass03_mtp-n6@Q6_K ===
  settled: 76.0C -> 59.0C in 45.2s (clock 210.0 MHz)
  drafter: 0.01.131.335 I common_speculative_init_result: creating MTP draft context against the target model '/home/thc1006/dev/qw
  ready in 1.6s
  [code  ] code_py_ratelimiter     145.94 tok/s  n= 400  
  [code  ] code_rust_mergesort     145.71 tok/s  n= 400  
  [code  ] code_nginx_cfg          120.15 tok/s  n= 400  
  [prose ] prose_rainbow            93.01 tok/s  n= 400  
  [prose ] prose_bookshelves        89.41 tok/s  n= 400  
  [prose ] prose_letter             82.02 tok/s  n= 400  
  [reason] reason_trains           185.65 tok/s  n= 400  
  [reason] reason_zebra            158.47 tok/s  n= 400  
  [reason] reason_scheduling       148.54 tok/s  n= 400  
  [chat  ] chat_desk_robot          76.58 tok/s  n= 400  
  [chat  ] chat_music               96.04 tok/s  n= 400  
  [chat  ] chat_advice              92.73 tok/s  n= 400  
  [zh    ] zh_self_intro            71.99 tok/s  n= 351  SHORT(351)
  [zh    ] zh_tea                   80.12 tok/s  n= 400  
  [zh    ] zh_debug                 98.25 tok/s  n= 400  
  [code  ] code_go_worker          128.33 tok/s  n= 400  
  [code  ] code_sql_report         147.56 tok/s  n= 400  
  [prose ] prose_market             80.32 tok/s  n= 400  
  [prose ] prose_argument           78.11 tok/s  n= 400  
  [reason] reason_probability      197.04 tok/s  n= 400  
  [reason] reason_invariant        152.13 tok/s  n= 400  
  [chat  ] chat_travel              90.64 tok/s  n= 400  
  [chat  ] chat_disagree            90.04 tok/s  n= 400  
  [zh    ] zh_moving                73.43 tok/s  n= 400  
  [zh    ] zh_review                81.67 tok/s  n= 400  

=== pass03_baseline@Q6_K ===
  settled: 77.0C -> 59.0C in 40.2s (clock 210.0 MHz)
  ready in 1.6s
  [code  ] code_py_ratelimiter      98.60 tok/s  n= 400  
  [code  ] code_rust_mergesort      98.78 tok/s  n= 400  
  [code  ] code_nginx_cfg           98.72 tok/s  n= 400  
  [prose ] prose_rainbow            98.51 tok/s  n= 400  
  [prose ] prose_bookshelves        98.48 tok/s  n= 400  
  [prose ] prose_letter             98.53 tok/s  n= 400  
  [reason] reason_trains            98.52 tok/s  n= 400  
  [reason] reason_zebra             98.67 tok/s  n= 400  
  [reason] reason_scheduling        98.41 tok/s  n= 400  
  [chat  ] chat_desk_robot          98.31 tok/s  n= 400  
  [chat  ] chat_music               98.14 tok/s  n= 400  
  [chat  ] chat_advice              98.26 tok/s  n= 400  
  [zh    ] zh_self_intro            98.17 tok/s  n= 400  
  [zh    ] zh_tea                   98.35 tok/s  n= 400  
  [zh    ] zh_debug                 98.28 tok/s  n= 400  
  [code  ] code_go_worker           98.27 tok/s  n= 400  
  [code  ] code_sql_report          98.18 tok/s  n= 400  
  [prose ] prose_market             98.23 tok/s  n= 400  
  [prose ] prose_argument           98.40 tok/s  n= 400  
  [reason] reason_probability       98.20 tok/s  n= 400  
  [reason] reason_invariant         98.34 tok/s  n= 400  
  [chat  ] chat_travel              98.29 tok/s  n= 400  
  [chat  ] chat_disagree            98.07 tok/s  n= 400  
  [zh    ] zh_moving                98.12 tok/s  n= 400  
  [zh    ] zh_review                98.34 tok/s  n= 400  

=== pass03_mtp-n2@Q6_K ===
  settled: 81.0C -> 59.0C in 30.2s (clock 210.0 MHz)
  drafter: 0.01.137.801 I common_speculative_init_result: creating MTP draft context against the target model '/home/thc1006/dev/qw
  ready in 1.6s
  [code  ] code_py_ratelimiter     171.59 tok/s  n= 400  
  [code  ] code_rust_mergesort     172.42 tok/s  n= 400  
  [code  ] code_nginx_cfg          162.78 tok/s  n= 400  
  [prose ] prose_rainbow           138.92 tok/s  n= 400  
  [prose ] prose_bookshelves       128.77 tok/s  n= 400  
  [prose ] prose_letter            132.97 tok/s  n= 400  
  [reason] reason_trains           181.30 tok/s  n= 400  
  [reason] reason_zebra            173.38 tok/s  n= 400  
  [reason] reason_scheduling       169.94 tok/s  n= 400  
  [chat  ] chat_desk_robot         125.51 tok/s  n= 400  
  [chat  ] chat_music              131.43 tok/s  n= 400  
  [chat  ] chat_advice             137.87 tok/s  n= 400  
  [zh    ] zh_self_intro           124.23 tok/s  n= 328  SHORT(328)
  [zh    ] zh_tea                  126.87 tok/s  n= 400  
  [zh    ] zh_debug                147.95 tok/s  n= 400  
  [code  ] code_go_worker          157.67 tok/s  n= 400  
  [code  ] code_sql_report         166.21 tok/s  n= 400  
  [prose ] prose_market            131.72 tok/s  n= 400  
  [prose ] prose_argument          126.61 tok/s  n= 400  
  [reason] reason_probability      181.19 tok/s  n= 400  
  [reason] reason_invariant        166.65 tok/s  n= 400  
  [chat  ] chat_travel             142.62 tok/s  n= 400  
  [chat  ] chat_disagree           139.86 tok/s  n= 400  
  [zh    ] zh_moving               120.10 tok/s  n= 400  
  [zh    ] zh_review               130.91 tok/s  n= 400  
