
=== pass01_baseline@master ===
  settled: 50.0C -> 50.0C in 0.0s (clock 210.0 MHz)
  ready in 2.3s
  [code  ] code_py_ratelimiter      43.60 tok/s  n= 400  
  [code  ] code_rust_mergesort      43.56 tok/s  n= 400  
  [code  ] code_nginx_cfg           43.51 tok/s  n= 400  
  [prose ] prose_rainbow            43.47 tok/s  n= 400  
  [prose ] prose_bookshelves        43.44 tok/s  n= 400  
  [prose ] prose_letter             43.44 tok/s  n= 400  
  [reason] reason_trains            43.36 tok/s  n= 400  
  [reason] reason_zebra             43.31 tok/s  n= 400  
  [reason] reason_scheduling        43.35 tok/s  n= 400  
  [chat  ] chat_desk_robot          43.36 tok/s  n= 400  
  [chat  ] chat_music               43.31 tok/s  n= 400  
  [chat  ] chat_advice              43.29 tok/s  n= 400  
  [zh    ] zh_self_intro            43.33 tok/s  n= 400  
  [zh    ] zh_tea                   43.35 tok/s  n= 400  
  [zh    ] zh_debug                 43.38 tok/s  n= 400  
  [code  ] code_go_worker           43.37 tok/s  n= 400  
  [code  ] code_sql_report          43.39 tok/s  n= 400  
  [prose ] prose_market             43.40 tok/s  n= 400  
  [prose ] prose_argument           43.42 tok/s  n= 400  
  [reason] reason_probability       43.38 tok/s  n= 400  
  [reason] reason_invariant         43.39 tok/s  n= 400  
