device: [0] NVIDIA GeForce RTX 3090  24 GB  sm_86  420 W default (100-450)  mem 9751 MHz

=== pass01_baseline@master ===
  settled: 73.0C -> 60.0C in 25.1s (clock 210.0 MHz)
  ready in 2.3s
  [code  ] code_py_ratelimiter      41.62 tok/s  n= 400  
  [code  ] code_rust_mergesort      41.62 tok/s  n= 400  
  [code  ] code_nginx_cfg           41.57 tok/s  n= 400  
  [prose ] prose_rainbow            41.52 tok/s  n= 400  
  [prose ] prose_bookshelves        41.50 tok/s  n= 400  
  [prose ] prose_letter             41.48 tok/s  n= 400  
  [reason] reason_trains            41.42 tok/s  n= 400  
  [reason] reason_zebra             41.47 tok/s  n= 400  
  [reason] reason_scheduling        41.44 tok/s  n= 400  
  [chat  ] chat_desk_robot          41.50 tok/s  n= 400  
  [chat  ] chat_music               41.53 tok/s  n= 400  
  [chat  ] chat_advice              41.47 tok/s  n= 400  
  [zh    ] zh_self_intro            41.54 tok/s  n= 400  
  [zh    ] zh_tea                   41.54 tok/s  n= 400  
  [zh    ] zh_debug                 41.60 tok/s  n= 400  
  [code  ] code_go_worker           41.61 tok/s  n= 400  
  [code  ] code_sql_report          41.57 tok/s  n= 400  
  [prose ] prose_market             41.58 tok/s  n= 400  
  [prose ] prose_argument           41.58 tok/s  n= 400  
  [reason] reason_probability       41.58 tok/s  n= 400  
  [reason] reason_invariant         41.61 tok/s  n= 400  
  [chat  ] chat_travel              41.58 tok/s  n= 400  
  [chat  ] chat_disagree            41.53 tok/s  n= 400  
  [zh    ] zh_moving                41.49 tok/s  n= 400  
  [zh    ] zh_review                41.50 tok/s  n= 400  

=== pass01_baseline@pr27342 ===
  settled: 73.0C -> 60.0C in 25.1s (clock 210.0 MHz)
  ready in 2.6s
  [code  ] code_py_ratelimiter      41.60 tok/s  n= 400  
  [code  ] code_rust_mergesort      41.60 tok/s  n= 400  
  [code  ] code_nginx_cfg           41.54 tok/s  n= 400  
  [prose ] prose_rainbow            41.54 tok/s  n= 400  
  [prose ] prose_bookshelves        41.55 tok/s  n= 400  
  [prose ] prose_letter             41.52 tok/s  n= 400  
  [reason] reason_trains            41.48 tok/s  n= 400  
  [reason] reason_zebra             41.49 tok/s  n= 400  
  [reason] reason_scheduling        41.45 tok/s  n= 400  
  [chat  ] chat_desk_robot          41.51 tok/s  n= 400  
  [chat  ] chat_music               41.52 tok/s  n= 400  
  [chat  ] chat_advice              41.53 tok/s  n= 400  
  [zh    ] zh_self_intro            41.55 tok/s  n= 400  
  [zh    ] zh_tea                   41.57 tok/s  n= 400  
  [zh    ] zh_debug                 41.56 tok/s  n= 400  
  [code  ] code_go_worker           41.60 tok/s  n= 400  
  [code  ] code_sql_report          41.59 tok/s  n= 400  
  [prose ] prose_market             41.58 tok/s  n= 400  
  [prose ] prose_argument           41.60 tok/s  n= 400  
  [reason] reason_probability       41.57 tok/s  n= 400  
  [reason] reason_invariant         41.65 tok/s  n= 400  
  [chat  ] chat_travel              41.56 tok/s  n= 400  
  [chat  ] chat_disagree            41.59 tok/s  n= 400  
  [zh    ] zh_moving                41.55 tok/s  n= 400  
  [zh    ] zh_review                41.52 tok/s  n= 400  

=== pass01_mtp-n1 ===
  settled: 79.0C -> 60.0C in 25.1s (clock 210.0 MHz)
  drafter: 0.02.047.700 I common_speculative_init_result: creating MTP draft context against the target model '/home/thc1006/dev/qw
  ready in 2.3s
  drafting confirmed: t_draft_n=1 on warmup
  [code  ] code_py_ratelimiter      66.64 tok/s  n= 400  
  [code  ] code_rust_mergesort      67.25 tok/s  n= 400  
  [code  ] code_nginx_cfg           66.16 tok/s  n= 400  
  [prose ] prose_rainbow            61.91 tok/s  n= 400  
  [prose ] prose_bookshelves        58.76 tok/s  n= 400  
