[2026-08-25T10:43:23+08:00] depth ladder:8192 32768 65536 81920 98304 - expecting 180 records each
[2026-08-25T10:43:23+08:00] === depth 8192 tokens ===
[2026-08-25T11:21:37+08:00] depth 8192 took 2294s for 180 records
[2026-08-25T11:21:37+08:00]   12s per record; rung 1/5 done, each rung is 180 records,
[2026-08-25T11:21:37+08:00]   so at this rate one more rung is about 36 min
[2026-08-25T11:21:37+08:00] depth 8192 exited rc=0 with 180/180 records
[2026-08-25T11:21:37+08:00] depth 8192 complete; report written
[2026-08-25T11:21:37+08:00] === depth 32768 tokens ===
[2026-08-25T12:42:11+08:00] depth 32768 took 4834s for 180 records
[2026-08-25T12:42:11+08:00]   26s per record; rung 2/5 done, each rung is 180 records,
[2026-08-25T12:42:11+08:00]   so at this rate one more rung is about 78 min
[2026-08-25T12:42:11+08:00] depth 32768 exited rc=0 with 180/180 records
[2026-08-25T12:42:11+08:00] depth 32768 complete; report written
[2026-08-25T12:42:11+08:00] === depth 65536 tokens ===
[2026-08-25T15:25:50+08:00] depth 65536 took 9819s for 180 records
[2026-08-25T15:25:50+08:00]   54s per record; rung 3/5 done, each rung is 180 records,
[2026-08-25T15:25:50+08:00]   so at this rate one more rung is about 162 min
[2026-08-25T15:25:50+08:00] depth 65536 exited rc=0 with 180/180 records
[2026-08-25T15:25:51+08:00] depth 65536 complete; report written
[2026-08-25T15:25:51+08:00] === depth 81920 tokens ===
[2026-08-25T19:00:57+08:00] depth 81920 took 12906s for 180 records
[2026-08-25T19:00:57+08:00]   71s per record; rung 4/5 done, each rung is 180 records,
[2026-08-25T19:00:57+08:00]   so at this rate one more rung is about 213 min
[2026-08-25T19:00:57+08:00] depth 81920 exited rc=0 with 180/180 records
[2026-08-25T19:00:57+08:00] depth 81920 complete; report written
[2026-08-25T19:00:57+08:00] === depth 98304 tokens ===
