=== phase E5  -> results/phase_e5.json  2026-08-31T22:37:43+08:00 ===
device: [0] NVIDIA GeForce RTX 3090  24 GB  sm_86  420 W default (100-450)  mem 9751 MHz

=== pass01_baseline@pw420 ===
  gpu condition 'pw420': mem_off=0 core_off=0 pl=420.0W mem_clk=9751.0MHz
  settled: 49.0C -> 49.0C in 0.0s (clock 210.0 MHz)
  ready in 30.0s
  [code  ] code_py_ratelimiter      41.42 tok/s  n= 400  
  [code  ] code_rust_mergesort      41.14 tok/s  n= 400  
  [code  ] code_nginx_cfg           41.17 tok/s  n= 400  
  [prose ] prose_rainbow            40.99 tok/s  n= 400  
  [prose ] prose_bookshelves        40.70 tok/s  n= 400  
  [prose ] prose_letter             40.90 tok/s  n= 400  
  [reason] reason_trains            41.48 tok/s  n= 400  
  [reason] reason_zebra             41.33 tok/s  n= 400  
  [reason] reason_scheduling        41.37 tok/s  n= 400  
  [chat  ] chat_desk_robot          41.02 tok/s  n= 400  
  [chat  ] chat_music               41.02 tok/s  n= 400  
  [chat  ] chat_advice              40.99 tok/s  n= 400  
  [zh    ] zh_self_intro            40.73 tok/s  n= 400  
  [zh    ] zh_tea                   40.78 tok/s  n= 400  
  [zh    ] zh_debug                 41.15 tok/s  n= 400  
  [code  ] code_go_worker           41.28 tok/s  n= 400  
  [code  ] code_sql_report          41.34 tok/s  n= 400  
  [prose ] prose_market             41.00 tok/s  n= 400  
  [prose ] prose_argument           41.04 tok/s  n= 400  
  [reason] reason_probability       41.45 tok/s  n= 400  
  [reason] reason_invariant         41.44 tok/s  n= 400  
  [chat  ] chat_travel              41.22 tok/s  n= 400  
  [chat  ] chat_disagree            41.22 tok/s  n= 400  
  [zh    ] zh_moving                40.85 tok/s  n= 400  
  [zh    ] zh_review                41.09 tok/s  n= 400  

=== pass01_baseline@pw250 ===
  gpu condition 'pw250': mem_off=0 core_off=0 pl=250.0W mem_clk=9751.0MHz
  settled: 66.0C -> 60.0C in 25.2s (clock 210.0 MHz)
  ready in 30.0s
  [code  ] code_py_ratelimiter      30.74 tok/s  n= 400  
  [code  ] code_rust_mergesort      30.69 tok/s  n= 400  
  [code  ] code_nginx_cfg           30.64 tok/s  n= 400  
  [prose ] prose_rainbow            30.60 tok/s  n= 400  
  [prose ] prose_bookshelves        30.52 tok/s  n= 400  
  [prose ] prose_letter             30.48 tok/s  n= 400  
  [reason] reason_trains            30.44 tok/s  n= 400  
  [reason] reason_zebra             30.46 tok/s  n= 400  
  [reason] reason_scheduling        30.47 tok/s  n= 400  
  [chat  ] chat_desk_robot          30.40 tok/s  n= 400  
  [chat  ] chat_music               30.40 tok/s  n= 400  
  [chat  ] chat_advice              30.39 tok/s  n= 400  
  [zh    ] zh_self_intro            30.41 tok/s  n= 400  
  [zh    ] zh_tea                   30.36 tok/s  n= 400  
  [zh    ] zh_debug                 30.36 tok/s  n= 400  
  [code  ] code_go_worker           30.36 tok/s  n= 400  
  [code  ] code_sql_report          30.34 tok/s  n= 400  
  [prose ] prose_market             30.33 tok/s  n= 400  
  [prose ] prose_argument           30.22 tok/s  n= 400  
  [reason] reason_probability       30.34 tok/s  n= 400  
  [reason] reason_invariant         30.36 tok/s  n= 400  
  [chat  ] chat_travel              30.28 tok/s  n= 400  
  [chat  ] chat_disagree            30.28 tok/s  n= 400  
  [zh    ] zh_moving                30.28 tok/s  n= 400  
  [zh    ] zh_review                30.28 tok/s  n= 400  

=== pass01_baseline@pw150 ===
  gpu condition 'pw150': mem_off=0 core_off=0 pl=150.0W mem_clk=9751.0MHz
  settled: 61.0C -> 60.0C in 5.1s (clock 210.0 MHz)
  ready in 31.5s
  [code  ] code_py_ratelimiter       8.86 tok/s  n= 400  
  [code  ] code_rust_mergesort       8.89 tok/s  n= 400  
  [code  ] code_nginx_cfg            8.90 tok/s  n= 400  
  [prose ] prose_rainbow             8.90 tok/s  n= 400  
  [prose ] prose_bookshelves         8.89 tok/s  n= 400  
  [prose ] prose_letter              8.89 tok/s  n= 400  
  [reason] reason_trains             8.89 tok/s  n= 400  
  [reason] reason_zebra              8.88 tok/s  n= 400  
  [reason] reason_scheduling         8.89 tok/s  n= 400  
  [chat  ] chat_desk_robot           8.87 tok/s  n= 400  
  [chat  ] chat_music                8.87 tok/s  n= 400  
  [chat  ] chat_advice               8.87 tok/s  n= 400  
  [zh    ] zh_self_intro             8.78 tok/s  n= 400  
  [zh    ] zh_tea                    8.85 tok/s  n= 400  
  [zh    ] zh_debug                  8.88 tok/s  n= 400  
  [code  ] code_go_worker            8.90 tok/s  n= 400  
  [code  ] code_sql_report           8.90 tok/s  n= 400  
  [prose ] prose_market              8.90 tok/s  n= 400  
  [prose ] prose_argument            8.90 tok/s  n= 400  
  [reason] reason_probability        8.90 tok/s  n= 400  
  [reason] reason_invariant          8.91 tok/s  n= 400  
  [chat  ] chat_travel               8.91 tok/s  n= 400  
  [chat  ] chat_disagree             8.91 tok/s  n= 400  
  [zh    ] zh_moving                 8.90 tok/s  n= 400  
  [zh    ] zh_review                 8.90 tok/s  n= 400  

=== pass02_baseline@pw250 ===
  gpu condition 'pw250': mem_off=0 core_off=0 pl=250.0W mem_clk=9751.0MHz
  settled: 56.0C -> 56.0C in 0.0s (clock 210.0 MHz)
  ready in 30.5s
  [code  ] code_py_ratelimiter      30.99 tok/s  n= 400  
  [code  ] code_rust_mergesort      30.73 tok/s  n= 400  
  [code  ] code_nginx_cfg           30.57 tok/s  n= 400  
  [prose ] prose_rainbow            30.91 tok/s  n= 400  
  [prose ] prose_bookshelves        30.83 tok/s  n= 400  
  [prose ] prose_letter             30.72 tok/s  n= 400  
  [reason] reason_trains            30.58 tok/s  n= 400  
  [reason] reason_zebra             30.53 tok/s  n= 400  
  [reason] reason_scheduling        30.47 tok/s  n= 400  
  [chat  ] chat_desk_robot          30.47 tok/s  n= 400  
  [chat  ] chat_music               30.40 tok/s  n= 400  
  [chat  ] chat_advice              30.36 tok/s  n= 400  
  [zh    ] zh_self_intro            30.36 tok/s  n= 400  
  [zh    ] zh_tea                   30.41 tok/s  n= 400  
  [zh    ] zh_debug                 30.38 tok/s  n= 400  
  [code  ] code_go_worker           30.33 tok/s  n= 400  
  [code  ] code_sql_report          30.25 tok/s  n= 400  
  [prose ] prose_market             30.22 tok/s  n= 400  
  [prose ] prose_argument           30.26 tok/s  n= 400  
  [reason] reason_probability       30.30 tok/s  n= 400  
  [reason] reason_invariant         30.25 tok/s  n= 400  
  [chat  ] chat_travel              30.22 tok/s  n= 400  
  [chat  ] chat_disagree            30.25 tok/s  n= 400  
  [zh    ] zh_moving                30.26 tok/s  n= 400  
  [zh    ] zh_review                30.28 tok/s  n= 400  

=== pass02_baseline@pw150 ===
  gpu condition 'pw150': mem_off=0 core_off=0 pl=150.0W mem_clk=9751.0MHz
  settled: 61.0C -> 60.0C in 5.1s (clock 210.0 MHz)
  ready in 31.1s
  [code  ] code_py_ratelimiter       8.86 tok/s  n= 400  
  [code  ] code_rust_mergesort       8.87 tok/s  n= 400  
  [code  ] code_nginx_cfg            8.86 tok/s  n= 400  
  [prose ] prose_rainbow             8.86 tok/s  n= 400  
  [prose ] prose_bookshelves         8.83 tok/s  n= 400  
  [prose ] prose_letter              8.87 tok/s  n= 400  
  [reason] reason_trains             8.90 tok/s  n= 400  
  [reason] reason_zebra              8.89 tok/s  n= 400  
  [reason] reason_scheduling         8.89 tok/s  n= 400  
  [chat  ] chat_desk_robot           8.89 tok/s  n= 400  
  [chat  ] chat_music                8.89 tok/s  n= 400  
  [chat  ] chat_advice               8.90 tok/s  n= 400  
  [zh    ] zh_self_intro             8.84 tok/s  n= 400  
  [zh    ] zh_tea                    8.90 tok/s  n= 400  
  [zh    ] zh_debug                  8.90 tok/s  n= 400  
  [code  ] code_go_worker            8.91 tok/s  n= 400  
  [code  ] code_sql_report           8.91 tok/s  n= 400  
  [prose ] prose_market              8.90 tok/s  n= 400  
  [prose ] prose_argument            8.91 tok/s  n= 400  
  [reason] reason_probability        8.91 tok/s  n= 400  
  [reason] reason_invariant          8.91 tok/s  n= 400  
  [chat  ] chat_travel               8.91 tok/s  n= 400  
  [chat  ] chat_disagree             8.91 tok/s  n= 400  
  [zh    ] zh_moving                 8.92 tok/s  n= 400  
  [zh    ] zh_review                 8.92 tok/s  n= 400  

=== pass02_baseline@pw420 ===
  gpu condition 'pw420': mem_off=0 core_off=0 pl=420.0W mem_clk=9751.0MHz
  settled: 56.0C -> 56.0C in 0.0s (clock 240.0 MHz)
  ready in 30.0s
  [code  ] code_py_ratelimiter      40.97 tok/s  n= 400  
  [code  ] code_rust_mergesort      40.99 tok/s  n= 400  
  [code  ] code_nginx_cfg           41.00 tok/s  n= 400  
  [prose ] prose_rainbow            40.94 tok/s  n= 400  
  [prose ] prose_bookshelves        40.67 tok/s  n= 400  
  [prose ] prose_letter             40.89 tok/s  n= 400  
  [reason] reason_trains            41.47 tok/s  n= 400  
  [reason] reason_zebra             41.26 tok/s  n= 400  
  [reason] reason_scheduling        41.34 tok/s  n= 400  
  [chat  ] chat_desk_robot          41.07 tok/s  n= 400  
  [chat  ] chat_music               41.15 tok/s  n= 400  
  [chat  ] chat_advice              41.02 tok/s  n= 400  
  [zh    ] zh_self_intro            40.56 tok/s  n= 400  
  [zh    ] zh_tea                   40.71 tok/s  n= 400  
  [zh    ] zh_debug                 40.87 tok/s  n= 400  
  [code  ] code_go_worker           41.20 tok/s  n= 400  
  [code  ] code_sql_report          41.29 tok/s  n= 400  
  [prose ] prose_market             40.82 tok/s  n= 400  
  [prose ] prose_argument           40.96 tok/s  n= 400  
  [reason] reason_probability       41.33 tok/s  n= 400  
  [reason] reason_invariant         41.33 tok/s  n= 400  
  [chat  ] chat_travel              41.18 tok/s  n= 400  
  [chat  ] chat_disagree            41.12 tok/s  n= 400  
  [zh    ] zh_moving                40.80 tok/s  n= 400  
  [zh    ] zh_review                41.03 tok/s  n= 400  

=== pass03_baseline@pw150 ===
  gpu condition 'pw150': mem_off=0 core_off=0 pl=150.0W mem_clk=9751.0MHz
  settled: 68.0C -> 60.0C in 40.2s (clock 210.0 MHz)
  ready in 30.6s
  [code  ] code_py_ratelimiter       8.84 tok/s  n= 400  
  [code  ] code_rust_mergesort       8.87 tok/s  n= 400  
  [code  ] code_nginx_cfg            8.87 tok/s  n= 400  
  [prose ] prose_rainbow             8.87 tok/s  n= 400  
  [prose ] prose_bookshelves         8.88 tok/s  n= 400  
  [prose ] prose_letter              8.90 tok/s  n= 400  
  [reason] reason_trains             8.91 tok/s  n= 400  
  [reason] reason_zebra              8.91 tok/s  n= 400  
  [reason] reason_scheduling         8.91 tok/s  n= 400  
  [chat  ] chat_desk_robot           8.92 tok/s  n= 400  
  [chat  ] chat_music                8.92 tok/s  n= 400  
  [chat  ] chat_advice               8.92 tok/s  n= 400  
  [zh    ] zh_self_intro             8.94 tok/s  n= 400  
  [zh    ] zh_tea                    8.90 tok/s  n= 400  
  [zh    ] zh_debug                  8.90 tok/s  n= 400  
  [code  ] code_go_worker            8.91 tok/s  n= 400  
  [code  ] code_sql_report           8.91 tok/s  n= 400  
  [prose ] prose_market              8.91 tok/s  n= 400  
  [prose ] prose_argument            8.92 tok/s  n= 400  
  [reason] reason_probability        8.91 tok/s  n= 400  
  [reason] reason_invariant          8.92 tok/s  n= 400  
  [chat  ] chat_travel               8.91 tok/s  n= 400  
  [chat  ] chat_disagree             8.92 tok/s  n= 400  
  [zh    ] zh_moving                 8.91 tok/s  n= 400  
  [zh    ] zh_review                 8.91 tok/s  n= 400  

=== pass03_baseline@pw420 ===
  gpu condition 'pw420': mem_off=0 core_off=0 pl=420.0W mem_clk=9751.0MHz
  settled: 55.0C -> 55.0C in 0.0s (clock 210.0 MHz)
  ready in 30.5s
  [code  ] code_py_ratelimiter      41.12 tok/s  n= 400  
  [code  ] code_rust_mergesort      41.19 tok/s  n= 400  
  [code  ] code_nginx_cfg           41.09 tok/s  n= 400  
  [prose ] prose_rainbow            40.97 tok/s  n= 400  
  [prose ] prose_bookshelves        40.47 tok/s  n= 400  
  [prose ] prose_letter             40.74 tok/s  n= 400  
  [reason] reason_trains            41.33 tok/s  n= 400  
  [reason] reason_zebra             41.20 tok/s  n= 400  
  [reason] reason_scheduling        41.25 tok/s  n= 400  
  [chat  ] chat_desk_robot          40.90 tok/s  n= 400  
  [chat  ] chat_music               40.79 tok/s  n= 400  
  [chat  ] chat_advice              40.84 tok/s  n= 400  
  [zh    ] zh_self_intro            40.39 tok/s  n= 400  
  [zh    ] zh_tea                   40.65 tok/s  n= 400  
  [zh    ] zh_debug                 40.86 tok/s  n= 400  
  [code  ] code_go_worker           40.99 tok/s  n= 400  
  [code  ] code_sql_report          41.25 tok/s  n= 400  
  [prose ] prose_market             40.94 tok/s  n= 400  
  [prose ] prose_argument           41.06 tok/s  n= 400  
  [reason] reason_probability       41.38 tok/s  n= 400  
  [reason] reason_invariant         41.38 tok/s  n= 400  
  [chat  ] chat_travel              41.28 tok/s  n= 400  
  [chat  ] chat_disagree            41.11 tok/s  n= 400  
  [zh    ] zh_moving                40.78 tok/s  n= 400  
  [zh    ] zh_review                41.05 tok/s  n= 400  

=== pass03_baseline@pw250 ===
  gpu condition 'pw250': mem_off=0 core_off=0 pl=250.0W mem_clk=9751.0MHz
  settled: 67.0C -> 60.0C in 35.2s (clock 210.0 MHz)
  ready in 30.6s
  [code  ] code_py_ratelimiter      29.88 tok/s  n= 400  
  [code  ] code_rust_mergesort      30.24 tok/s  n= 400  
  [code  ] code_nginx_cfg           30.16 tok/s  n= 400  
  [prose ] prose_rainbow            30.16 tok/s  n= 400  
  [prose ] prose_bookshelves        30.17 tok/s  n= 400  
  [prose ] prose_letter             30.14 tok/s  n= 400  
  [reason] reason_trains            30.14 tok/s  n= 400  
  [reason] reason_zebra             30.11 tok/s  n= 400  
  [reason] reason_scheduling        30.07 tok/s  n= 400  
  [chat  ] chat_desk_robot          30.16 tok/s  n= 400  
  [chat  ] chat_music               30.21 tok/s  n= 400  
  [chat  ] chat_advice              30.15 tok/s  n= 400  
  [zh    ] zh_self_intro            30.20 tok/s  n= 400  
  [zh    ] zh_tea                   30.20 tok/s  n= 400  
  [zh    ] zh_debug                 30.23 tok/s  n= 400  
  [code  ] code_go_worker           30.27 tok/s  n= 400  
  [code  ] code_sql_report          30.20 tok/s  n= 400  
  [prose ] prose_market             30.23 tok/s  n= 400  
  [prose ] prose_argument           30.28 tok/s  n= 400  
  [reason] reason_probability       30.24 tok/s  n= 400  
  [reason] reason_invariant         30.28 tok/s  n= 400  
  [chat  ] chat_travel              30.32 tok/s  n= 400  
  [chat  ] chat_disagree            30.24 tok/s  n= 400  
  [zh    ] zh_moving                30.22 tok/s  n= 400  
  [zh    ] zh_review                30.21 tok/s  n= 400  
[gpustate] restored stock clocks
=== E5 done 2026-09-01T00:51:50+08:00, exit 0 ===
