device: [0] NVIDIA GeForce RTX 3090  24 GB  sm_86  420 W default (100-450)  mem 9751 MHz

=== pass01_baseline@stock ===
  gpu condition 'stock': mem_off=0 core_off=0 pl=420.0W mem_clk=9751.0MHz
  settled: 55.0C -> 55.0C in 0.0s (clock 210.0 MHz)
  ready in 2.3s
  [code  ] code_py_ratelimiter      41.78 tok/s  n= 400  
  [code  ] code_rust_mergesort      41.73 tok/s  n= 400  
  [code  ] code_nginx_cfg           41.66 tok/s  n= 400  
  [prose ] prose_rainbow            41.68 tok/s  n= 400  
  [prose ] prose_bookshelves        41.61 tok/s  n= 400  
  [prose ] prose_letter             41.59 tok/s  n= 400  
  [reason] reason_trains            41.52 tok/s  n= 400  
  [reason] reason_zebra             41.56 tok/s  n= 400  
  [reason] reason_scheduling        41.45 tok/s  n= 400  
  [chat  ] chat_desk_robot          41.50 tok/s  n= 400  
  [chat  ] chat_music               41.48 tok/s  n= 400  
  [chat  ] chat_advice              41.42 tok/s  n= 400  
  [zh    ] zh_self_intro            41.42 tok/s  n= 400  
  [zh    ] zh_tea                   41.47 tok/s  n= 400  
  [zh    ] zh_debug                 41.52 tok/s  n= 400  
  [code  ] code_go_worker           41.50 tok/s  n= 400  
  [code  ] code_sql_report          41.60 tok/s  n= 400  
  [prose ] prose_market             41.56 tok/s  n= 400  
  [prose ] prose_argument           41.51 tok/s  n= 400  
  [reason] reason_probability       41.50 tok/s  n= 400  
  [reason] reason_invariant         41.59 tok/s  n= 400  
  [chat  ] chat_travel              41.54 tok/s  n= 400  
  [chat  ] chat_disagree            41.57 tok/s  n= 400  
  [zh    ] zh_moving                41.53 tok/s  n= 400  
  [zh    ] zh_review                41.56 tok/s  n= 400  

=== pass01_mtp-n3@stock ===
  gpu condition 'stock': mem_off=0 core_off=0 pl=420.0W mem_clk=9751.0MHz
  settled: 66.0C -> 60.0C in 15.1s (clock 210.0 MHz)
  drafter: 0.02.061.488 I common_speculative_init_result: creating MTP draft context against the target model '/home/thc1006/dev/qw
  ready in 2.3s
  drafting confirmed: t_draft_n=3 on warmup
  [code  ] code_py_ratelimiter      84.58 tok/s  n= 400  
  [code  ] code_rust_mergesort      82.09 tok/s  n= 400  
  [code  ] code_nginx_cfg           83.31 tok/s  n= 400  
  [prose ] prose_rainbow            64.71 tok/s  n= 400  
  [prose ] prose_bookshelves        57.10 tok/s  n= 400  
  [prose ] prose_letter             55.12 tok/s  n= 400  
  [reason] reason_trains            78.46 tok/s  n= 400  
  [reason] reason_zebra             65.06 tok/s  n= 400  
  [reason] reason_scheduling        67.04 tok/s  n= 400  
  [chat  ] chat_desk_robot          49.81 tok/s  n= 400  
  [chat  ] chat_music               55.11 tok/s  n= 400  
  [chat  ] chat_advice              54.23 tok/s  n= 400  
  [zh    ] zh_self_intro            50.58 tok/s  n= 400  
  [zh    ] zh_tea                   47.77 tok/s  n= 400  
  [zh    ] zh_debug                 60.08 tok/s  n= 400  
  [code  ] code_go_worker           79.64 tok/s  n= 400  
  [code  ] code_sql_report          84.07 tok/s  n= 400  
  [prose ] prose_market             52.27 tok/s  n= 400  
  [prose ] prose_argument           55.31 tok/s  n= 400  
  [reason] reason_probability       79.76 tok/s  n= 400  
  [reason] reason_invariant         65.05 tok/s  n= 400  
  [chat  ] chat_travel              57.97 tok/s  n= 400  
  [chat  ] chat_disagree            55.41 tok/s  n= 400  
  [zh    ] zh_moving                46.72 tok/s  n= 400  
  [zh    ] zh_review                50.60 tok/s  n= 400  

=== pass01_mtp-n7@stock ===
  gpu condition 'stock': mem_off=0 core_off=0 pl=420.0W mem_clk=9751.0MHz
  settled: 70.0C -> 60.0C in 30.2s (clock 210.0 MHz)
  drafter: 0.01.996.755 I common_speculative_init_result: creating MTP draft context against the target model '/home/thc1006/dev/qw
  ready in 2.2s
  drafting confirmed: t_draft_n=7 on warmup
  [code  ] code_py_ratelimiter      71.54 tok/s  n= 400  
  [code  ] code_rust_mergesort      67.50 tok/s  n= 400  
  [code  ] code_nginx_cfg           69.03 tok/s  n= 400  
  [prose ] prose_rainbow            41.15 tok/s  n= 400  
  [prose ] prose_bookshelves        34.74 tok/s  n= 400  
  [prose ] prose_letter             34.59 tok/s  n= 400  
  [reason] reason_trains            64.22 tok/s  n= 400  
  [reason] reason_zebra             44.74 tok/s  n= 400  
  [reason] reason_scheduling        55.27 tok/s  n= 400  
  [chat  ] chat_desk_robot          31.56 tok/s  n= 400  
  [chat  ] chat_music               33.81 tok/s  n= 400  
  [chat  ] chat_advice              34.51 tok/s  n= 400  
  [zh    ] zh_self_intro            29.14 tok/s  n= 400  
  [zh    ] zh_tea                   31.49 tok/s  n= 400  
  [zh    ] zh_debug                 45.02 tok/s  n= 400  
  [code  ] code_go_worker           65.92 tok/s  n= 400  
  [code  ] code_sql_report          75.80 tok/s  n= 400  
  [prose ] prose_market             29.61 tok/s  n= 400  
  [prose ] prose_argument           34.18 tok/s  n= 400  
  [reason] reason_probability       63.44 tok/s  n= 400  
  [reason] reason_invariant         41.09 tok/s  n= 400  
  [chat  ] chat_travel              38.27 tok/s  n= 400  
  [chat  ] chat_disagree            36.43 tok/s  n= 400  
  [zh    ] zh_moving                26.23 tok/s  n= 400  
  [zh    ] zh_review                33.21 tok/s  n= 400  

=== pass01_baseline@bw-lo ===
  gpu condition 'bw-lo': mem_off=-800 core_off=0 pl=420.0W mem_clk=9351.0MHz
  settled: 70.0C -> 60.0C in 30.2s (clock 210.0 MHz)
  ready in 2.3s
  [code  ] code_py_ratelimiter      40.29 tok/s  n= 400  
  [code  ] code_rust_mergesort      40.25 tok/s  n= 400  
  [code  ] code_nginx_cfg           40.22 tok/s  n= 400  
  [prose ] prose_rainbow            40.18 tok/s  n= 400  
  [prose ] prose_bookshelves        40.24 tok/s  n= 400  
  [prose ] prose_letter             40.13 tok/s  n= 400  
  [reason] reason_trains            40.06 tok/s  n= 400  
  [reason] reason_zebra             40.08 tok/s  n= 400  
  [reason] reason_scheduling        40.06 tok/s  n= 400  
  [chat  ] chat_desk_robot          40.09 tok/s  n= 400  
  [chat  ] chat_music               40.13 tok/s  n= 400  
  [chat  ] chat_advice              40.16 tok/s  n= 400  
  [zh    ] zh_self_intro            40.16 tok/s  n= 400  
  [zh    ] zh_tea                   40.21 tok/s  n= 400  
  [zh    ] zh_debug                 40.18 tok/s  n= 400  
  [code  ] code_go_worker           40.17 tok/s  n= 400  
  [code  ] code_sql_report          40.15 tok/s  n= 400  
  [prose ] prose_market             40.15 tok/s  n= 400  
  [prose ] prose_argument           40.23 tok/s  n= 400  
  [reason] reason_probability       40.17 tok/s  n= 400  
  [reason] reason_invariant         40.28 tok/s  n= 400  
  [chat  ] chat_travel              40.24 tok/s  n= 400  
  [chat  ] chat_disagree            40.18 tok/s  n= 400  
  [zh    ] zh_moving                40.16 tok/s  n= 400  
  [zh    ] zh_review                40.20 tok/s  n= 400  

=== pass01_mtp-n3@bw-lo ===
  gpu condition 'bw-lo': mem_off=-800 core_off=0 pl=420.0W mem_clk=9351.0MHz
  settled: 69.0C -> 60.0C in 25.2s (clock 210.0 MHz)
  drafter: 0.02.049.428 I common_speculative_init_result: creating MTP draft context against the target model '/home/thc1006/dev/qw
  ready in 2.3s
  drafting confirmed: t_draft_n=3 on warmup
  [code  ] code_py_ratelimiter      83.91 tok/s  n= 400  
  [code  ] code_rust_mergesort      81.58 tok/s  n= 400  
  [code  ] code_nginx_cfg           82.78 tok/s  n= 400  
  [prose ] prose_rainbow            64.36 tok/s  n= 400  
  [prose ] prose_bookshelves        56.73 tok/s  n= 400  
  [prose ] prose_letter             54.69 tok/s  n= 400  
  [reason] reason_trains            77.72 tok/s  n= 400  
  [reason] reason_zebra             64.51 tok/s  n= 400  
  [reason] reason_scheduling        66.71 tok/s  n= 400  
  [chat  ] chat_desk_robot          49.54 tok/s  n= 400  
  [chat  ] chat_music               54.75 tok/s  n= 400  
  [chat  ] chat_advice              54.01 tok/s  n= 400  
  [zh    ] zh_self_intro            50.25 tok/s  n= 400  
  [zh    ] zh_tea                   47.47 tok/s  n= 400  
  [zh    ] zh_debug                 59.80 tok/s  n= 400  
  [code  ] code_go_worker           79.32 tok/s  n= 400  
  [code  ] code_sql_report          83.24 tok/s  n= 400  
  [prose ] prose_market             51.92 tok/s  n= 400  
  [prose ] prose_argument           54.98 tok/s  n= 400  
  [reason] reason_probability       79.21 tok/s  n= 400  
  [reason] reason_invariant         64.63 tok/s  n= 400  
  [chat  ] chat_travel              57.53 tok/s  n= 400  
  [chat  ] chat_disagree            54.97 tok/s  n= 400  
  [zh    ] zh_moving                46.39 tok/s  n= 400  
  [zh    ] zh_review                50.26 tok/s  n= 400  

=== pass01_mtp-n7@bw-lo ===
  gpu condition 'bw-lo': mem_off=-800 core_off=0 pl=420.0W mem_clk=9351.0MHz
  settled: 71.0C -> 60.0C in 30.2s (clock 210.0 MHz)
  drafter: 0.02.000.113 I common_speculative_init_result: creating MTP draft context against the target model '/home/thc1006/dev/qw
  ready in 2.3s
  drafting confirmed: t_draft_n=7 on warmup
  [code  ] code_py_ratelimiter      71.20 tok/s  n= 400  
  [code  ] code_rust_mergesort      67.08 tok/s  n= 400  
  [code  ] code_nginx_cfg           68.50 tok/s  n= 400  
  [prose ] prose_rainbow            40.91 tok/s  n= 400  
  [prose ] prose_bookshelves        34.55 tok/s  n= 400  
  [prose ] prose_letter             34.45 tok/s  n= 400  
  [reason] reason_trains            63.79 tok/s  n= 400  
  [reason] reason_zebra             44.50 tok/s  n= 400  
  [reason] reason_scheduling        54.97 tok/s  n= 400  
  [chat  ] chat_desk_robot          31.42 tok/s  n= 400  
  [chat  ] chat_music               33.67 tok/s  n= 400  
  [chat  ] chat_advice              34.35 tok/s  n= 400  
  [zh    ] zh_self_intro            29.01 tok/s  n= 400  
  [zh    ] zh_tea                   31.34 tok/s  n= 400  
  [zh    ] zh_debug                 44.81 tok/s  n= 400  
  [code  ] code_go_worker           65.66 tok/s  n= 400  
  [code  ] code_sql_report          75.44 tok/s  n= 400  
  [prose ] prose_market             29.45 tok/s  n= 400  
  [prose ] prose_argument           33.99 tok/s  n= 400  
  [reason] reason_probability       63.11 tok/s  n= 400  
  [reason] reason_invariant         40.90 tok/s  n= 400  
  [chat  ] chat_travel              38.07 tok/s  n= 400  
  [chat  ] chat_disagree            36.23 tok/s  n= 400  
  [zh    ] zh_moving                26.07 tok/s  n= 400  
  [zh    ] zh_review                33.04 tok/s  n= 400  

=== pass01_baseline@bw-hi ===
  gpu condition 'bw-hi': mem_off=800 core_off=0 pl=420.0W mem_clk=10151.0MHz
  settled: 69.0C -> 60.0C in 30.2s (clock 210.0 MHz)
  ready in 2.3s
  [code  ] code_py_ratelimiter      42.91 tok/s  n= 400  
  [code  ] code_rust_mergesort      42.87 tok/s  n= 400  
  [code  ] code_nginx_cfg           42.76 tok/s  n= 400  
  [prose ] prose_rainbow            42.81 tok/s  n= 400  
  [prose ] prose_bookshelves        42.73 tok/s  n= 400  
  [prose ] prose_letter             42.74 tok/s  n= 400  
  [reason] reason_trains            42.74 tok/s  n= 400  
  [reason] reason_zebra             42.70 tok/s  n= 400  
  [reason] reason_scheduling        42.69 tok/s  n= 400  
  [chat  ] chat_desk_robot          42.81 tok/s  n= 400  
  [chat  ] chat_music               42.83 tok/s  n= 400  
  [chat  ] chat_advice              42.72 tok/s  n= 400  
  [zh    ] zh_self_intro            42.86 tok/s  n= 400  
  [zh    ] zh_tea                   42.84 tok/s  n= 400  
  [zh    ] zh_debug                 42.83 tok/s  n= 400  
  [code  ] code_go_worker           42.85 tok/s  n= 400  
  [code  ] code_sql_report          42.87 tok/s  n= 400  
  [prose ] prose_market             42.86 tok/s  n= 400  
  [prose ] prose_argument           42.81 tok/s  n= 400  
  [reason] reason_probability       42.78 tok/s  n= 400  
  [reason] reason_invariant         42.88 tok/s  n= 400  
  [chat  ] chat_travel              42.80 tok/s  n= 400  
  [chat  ] chat_disagree            42.86 tok/s  n= 400  
  [zh    ] zh_moving                42.82 tok/s  n= 400  
  [zh    ] zh_review                42.80 tok/s  n= 400  

=== pass01_mtp-n3@bw-hi ===
  gpu condition 'bw-hi': mem_off=800 core_off=0 pl=420.0W mem_clk=10151.0MHz
  settled: 65.0C -> 60.0C in 15.1s (clock 210.0 MHz)
  drafter: 0.02.045.162 I common_speculative_init_result: creating MTP draft context against the target model '/home/thc1006/dev/qw
  ready in 2.3s
  drafting confirmed: t_draft_n=3 on warmup
  [code  ] code_py_ratelimiter      84.73 tok/s  n= 400  
  [code  ] code_rust_mergesort      82.26 tok/s  n= 400  
  [code  ] code_nginx_cfg           83.64 tok/s  n= 400  
  [prose ] prose_rainbow            64.95 tok/s  n= 400  
  [prose ] prose_bookshelves        57.27 tok/s  n= 400  
  [prose ] prose_letter             55.31 tok/s  n= 400  
  [reason] reason_trains            78.53 tok/s  n= 400  
  [reason] reason_zebra             65.26 tok/s  n= 400  
  [reason] reason_scheduling        67.39 tok/s  n= 400  
  [chat  ] chat_desk_robot          50.16 tok/s  n= 400  
  [chat  ] chat_music               55.42 tok/s  n= 400  
  [chat  ] chat_advice              54.64 tok/s  n= 400  
  [zh    ] zh_self_intro            50.94 tok/s  n= 400  
  [zh    ] zh_tea                   48.13 tok/s  n= 400  
  [zh    ] zh_debug                 60.41 tok/s  n= 400  
  [code  ] code_go_worker           80.21 tok/s  n= 400  
  [code  ] code_sql_report          84.47 tok/s  n= 400  
  [prose ] prose_market             52.60 tok/s  n= 400  
  [prose ] prose_argument           55.69 tok/s  n= 400  
  [reason] reason_probability       80.12 tok/s  n= 400  
  [reason] reason_invariant         65.47 tok/s  n= 400  
  [chat  ] chat_travel              58.27 tok/s  n= 400  
  [chat  ] chat_disagree            55.72 tok/s  n= 400  
  [zh    ] zh_moving                47.00 tok/s  n= 400  
  [zh    ] zh_review                50.85 tok/s  n= 400  

=== pass01_mtp-n7@bw-hi ===
  gpu condition 'bw-hi': mem_off=800 core_off=0 pl=420.0W mem_clk=10151.0MHz
  settled: 67.0C -> 60.0C in 30.2s (clock 210.0 MHz)
  drafter: 0.02.056.965 I common_speculative_init_result: creating MTP draft context against the target model '/home/thc1006/dev/qw
  ready in 2.3s
  drafting confirmed: t_draft_n=7 on warmup
  [code  ] code_py_ratelimiter      71.81 tok/s  n= 400  
  [code  ] code_rust_mergesort      67.80 tok/s  n= 400  
  [code  ] code_nginx_cfg           69.24 tok/s  n= 400  
  [prose ] prose_rainbow            41.25 tok/s  n= 400  
  [prose ] prose_bookshelves        34.84 tok/s  n= 400  
  [prose ] prose_letter             34.73 tok/s  n= 400  
  [reason] reason_trains            64.54 tok/s  n= 400  
  [reason] reason_zebra             44.96 tok/s  n= 400  
  [reason] reason_scheduling        55.50 tok/s  n= 400  
  [chat  ] chat_desk_robot          31.73 tok/s  n= 400  
  [chat  ] chat_music               33.99 tok/s  n= 400  
  [chat  ] chat_advice              34.70 tok/s  n= 400  
  [zh    ] zh_self_intro            29.27 tok/s  n= 400  
  [zh    ] zh_tea                   31.68 tok/s  n= 400  
  [zh    ] zh_debug                 45.23 tok/s  n= 400  
  [code  ] code_go_worker           66.39 tok/s  n= 400  
  [code  ] code_sql_report          76.29 tok/s  n= 400  
  [prose ] prose_market             29.76 tok/s  n= 400  
  [prose ] prose_argument           34.35 tok/s  n= 400  
  [reason] reason_probability       63.82 tok/s  n= 400  
  [reason] reason_invariant         41.22 tok/s  n= 400  
  [chat  ] chat_travel              38.34 tok/s  n= 400  
  [chat  ] chat_disagree            36.51 tok/s  n= 400  
  [zh    ] zh_moving                26.27 tok/s  n= 400  
  [zh    ] zh_review                33.30 tok/s  n= 400  

=== pass01_baseline@pw-lo ===
  gpu condition 'pw-lo': mem_off=0 core_off=0 pl=250.0W mem_clk=9751.0MHz
  settled: 69.0C -> 60.0C in 30.2s (clock 210.0 MHz)
  ready in 2.3s
  [code  ] code_py_ratelimiter      29.51 tok/s  n= 400  
  [code  ] code_rust_mergesort      29.90 tok/s  n= 400  
  [code  ] code_nginx_cfg           29.81 tok/s  n= 400  
  [prose ] prose_rainbow            29.75 tok/s  n= 400  
  [prose ] prose_bookshelves        29.70 tok/s  n= 400  
  [prose ] prose_letter             29.71 tok/s  n= 400  
  [reason] reason_trains            29.75 tok/s  n= 400  
  [reason] reason_zebra             29.69 tok/s  n= 400  
  [reason] reason_scheduling        29.62 tok/s  n= 400  
  [chat  ] chat_desk_robot          29.60 tok/s  n= 400  
  [chat  ] chat_music               29.60 tok/s  n= 400  
  [chat  ] chat_advice              29.63 tok/s  n= 400  
  [zh    ] zh_self_intro            29.67 tok/s  n= 400  
  [zh    ] zh_tea                   29.66 tok/s  n= 400  
  [zh    ] zh_debug                 29.66 tok/s  n= 400  
  [code  ] code_go_worker           29.66 tok/s  n= 400  
  [code  ] code_sql_report          29.66 tok/s  n= 400  
  [prose ] prose_market             29.62 tok/s  n= 400  
  [prose ] prose_argument           29.63 tok/s  n= 400  
  [reason] reason_probability       29.76 tok/s  n= 400  
  [reason] reason_invariant         29.72 tok/s  n= 400  
  [chat  ] chat_travel              29.62 tok/s  n= 400  
  [chat  ] chat_disagree            29.63 tok/s  n= 400  
  [zh    ] zh_moving                29.62 tok/s  n= 400  
  [zh    ] zh_review                29.69 tok/s  n= 400  

=== pass01_mtp-n3@pw-lo ===
  gpu condition 'pw-lo': mem_off=0 core_off=0 pl=250.0W mem_clk=9751.0MHz
  settled: 64.0C -> 60.0C in 10.1s (clock 210.0 MHz)
  drafter: 0.02.025.249 I common_speculative_init_result: creating MTP draft context against the target model '/home/thc1006/dev/qw
  ready in 2.3s
  drafting confirmed: t_draft_n=3 on warmup
  [code  ] code_py_ratelimiter      56.35 tok/s  n= 400  
  [code  ] code_rust_mergesort      55.68 tok/s  n= 400  
  [code  ] code_nginx_cfg           56.50 tok/s  n= 400  
  [prose ] prose_rainbow            43.69 tok/s  n= 400  
  [prose ] prose_bookshelves        38.49 tok/s  n= 400  
  [prose ] prose_letter             37.14 tok/s  n= 400  
  [reason] reason_trains            53.17 tok/s  n= 400  
  [reason] reason_zebra             43.93 tok/s  n= 400  
  [reason] reason_scheduling        45.43 tok/s  n= 400  
  [chat  ] chat_desk_robot          33.55 tok/s  n= 400  
  [chat  ] chat_music               37.21 tok/s  n= 400  
  [chat  ] chat_advice              36.56 tok/s  n= 400  
  [zh    ] zh_self_intro            34.05 tok/s  n= 400  
  [zh    ] zh_tea                   32.22 tok/s  n= 400  
  [zh    ] zh_debug                 40.51 tok/s  n= 400  
  [code  ] code_go_worker           53.99 tok/s  n= 400  
  [code  ] code_sql_report          56.90 tok/s  n= 400  
  [prose ] prose_market             35.19 tok/s  n= 400  
  [prose ] prose_argument           37.25 tok/s  n= 400  
  [reason] reason_probability       53.98 tok/s  n= 400  
  [reason] reason_invariant         43.73 tok/s  n= 400  
  [chat  ] chat_travel              38.97 tok/s  n= 400  
  [chat  ] chat_disagree            37.25 tok/s  n= 400  
  [zh    ] zh_moving                31.37 tok/s  n= 400  
  [zh    ] zh_review                33.91 tok/s  n= 400  

=== pass01_mtp-n7@pw-lo ===
  gpu condition 'pw-lo': mem_off=0 core_off=0 pl=250.0W mem_clk=9751.0MHz
  settled: 64.0C -> 60.0C in 15.1s (clock 210.0 MHz)
  drafter: 0.02.033.977 I common_speculative_init_result: creating MTP draft context against the target model '/home/thc1006/dev/qw
  ready in 2.3s
  drafting confirmed: t_draft_n=7 on warmup
  [code  ] code_py_ratelimiter      51.19 tok/s  n= 400  
  [code  ] code_rust_mergesort      48.29 tok/s  n= 400  
  [code  ] code_nginx_cfg           49.48 tok/s  n= 400  
  [prose ] prose_rainbow            29.39 tok/s  n= 400  
  [prose ] prose_bookshelves        24.87 tok/s  n= 400  
  [prose ] prose_letter             24.79 tok/s  n= 400  
  [reason] reason_trains            46.42 tok/s  n= 400  
  [reason] reason_zebra             32.19 tok/s  n= 400  
  [reason] reason_scheduling        39.89 tok/s  n= 400  
  [chat  ] chat_desk_robot          22.72 tok/s  n= 400  
  [chat  ] chat_music               24.34 tok/s  n= 400  
  [chat  ] chat_advice              24.81 tok/s  n= 400  
  [zh    ] zh_self_intro            20.96 tok/s  n= 400  
  [zh    ] zh_tea                   22.67 tok/s  n= 400  
  [zh    ] zh_debug                 32.43 tok/s  n= 400  
  [code  ] code_go_worker           47.67 tok/s  n= 400  
  [code  ] code_sql_report          54.79 tok/s  n= 400  
  [prose ] prose_market             21.28 tok/s  n= 400  
  [prose ] prose_argument           24.57 tok/s  n= 400  
  [reason] reason_probability       45.89 tok/s  n= 400  
  [reason] reason_invariant         29.52 tok/s  n= 400  
  [chat  ] chat_travel              27.43 tok/s  n= 400  
  [chat  ] chat_disagree            26.09 tok/s  n= 400  
  [zh    ] zh_moving                18.78 tok/s  n= 400  
  [zh    ] zh_review                23.81 tok/s  n= 400  

=== pass01_baseline@pw-vlo ===
  gpu condition 'pw-vlo': mem_off=0 core_off=0 pl=175.0W mem_clk=9751.0MHz
  settled: 64.0C -> 60.0C in 10.1s (clock 210.0 MHz)
  ready in 2.3s
  [code  ] code_py_ratelimiter      13.29 tok/s  n= 400  
  [code  ] code_rust_mergesort      13.39 tok/s  n= 400  
  [code  ] code_nginx_cfg           13.50 tok/s  n= 400  
  [prose ] prose_rainbow            13.60 tok/s  n= 400  
  [prose ] prose_bookshelves        13.70 tok/s  n= 400  
  [prose ] prose_letter             13.76 tok/s  n= 400  
  [reason] reason_trains            13.73 tok/s  n= 400  
  [reason] reason_zebra             13.77 tok/s  n= 400  
  [reason] reason_scheduling        13.76 tok/s  n= 400  
  [chat  ] chat_desk_robot          13.79 tok/s  n= 400  
  [chat  ] chat_music               13.77 tok/s  n= 400  
  [chat  ] chat_advice              13.76 tok/s  n= 400  
  [zh    ] zh_self_intro            13.70 tok/s  n= 400  
  [zh    ] zh_tea                   13.64 tok/s  n= 400  
  [zh    ] zh_debug                 13.61 tok/s  n= 400  
  [code  ] code_go_worker           13.59 tok/s  n= 400  
  [code  ] code_sql_report          13.57 tok/s  n= 400  
  [prose ] prose_market             13.59 tok/s  n= 400  
  [prose ] prose_argument           13.54 tok/s  n= 400  
  [reason] reason_probability       13.58 tok/s  n= 400  
  [reason] reason_invariant         13.57 tok/s  n= 400  
  [chat  ] chat_travel              13.59 tok/s  n= 400  
  [chat  ] chat_disagree            13.61 tok/s  n= 400  
  [zh    ] zh_moving                13.56 tok/s  n= 400  
  [zh    ] zh_review                13.56 tok/s  n= 400  

=== pass01_mtp-n3@pw-vlo ===
  gpu condition 'pw-vlo': mem_off=0 core_off=0 pl=175.0W mem_clk=9751.0MHz
  settled: 59.0C -> 59.0C in 0.0s (clock 780.0 MHz)
  drafter: 0.02.037.477 I common_speculative_init_result: creating MTP draft context against the target model '/home/thc1006/dev/qw
  ready in 2.2s
  drafting confirmed: t_draft_n=3 on warmup
  [code  ] code_py_ratelimiter      26.26 tok/s  n= 400  
  [code  ] code_rust_mergesort      25.61 tok/s  n= 400  
  [code  ] code_nginx_cfg           25.92 tok/s  n= 400  
  [prose ] prose_rainbow            20.00 tok/s  n= 400  
  [prose ] prose_bookshelves        17.70 tok/s  n= 400  
  [prose ] prose_letter             17.08 tok/s  n= 400  
  [reason] reason_trains            24.46 tok/s  n= 400  
  [reason] reason_zebra             20.23 tok/s  n= 400  
  [reason] reason_scheduling        21.02 tok/s  n= 400  
  [chat  ] chat_desk_robot          15.50 tok/s  n= 400  
  [chat  ] chat_music               17.15 tok/s  n= 400  
  [chat  ] chat_advice              16.94 tok/s  n= 400  
  [zh    ] zh_self_intro            15.80 tok/s  n= 400  
  [zh    ] zh_tea                   14.93 tok/s  n= 400  
  [zh    ] zh_debug                 18.69 tok/s  n= 400  
  [code  ] code_go_worker           24.90 tok/s  n= 400  
  [code  ] code_sql_report          26.25 tok/s  n= 400  
  [prose ] prose_market             16.31 tok/s  n= 400  
  [prose ] prose_argument           17.35 tok/s  n= 400  
  [reason] reason_probability       25.11 tok/s  n= 400  
  [reason] reason_invariant         20.43 tok/s  n= 400  
  [chat  ] chat_travel              18.17 tok/s  n= 400  
  [chat  ] chat_disagree            17.32 tok/s  n= 400  
  [zh    ] zh_moving                14.54 tok/s  n= 400  
  [zh    ] zh_review                15.73 tok/s  n= 400  

=== pass01_mtp-n7@pw-vlo ===
  gpu condition 'pw-vlo': mem_off=0 core_off=0 pl=175.0W mem_clk=9751.0MHz
  settled: 59.0C -> 59.0C in 0.0s (clock 315.0 MHz)
  drafter: 0.01.957.450 I common_speculative_init_result: creating MTP draft context against the target model '/home/thc1006/dev/qw
  ready in 2.2s
  drafting confirmed: t_draft_n=7 on warmup
  [code  ] code_py_ratelimiter      24.17 tok/s  n= 400  
  [code  ] code_rust_mergesort      22.70 tok/s  n= 400  
  [code  ] code_nginx_cfg           23.18 tok/s  n= 400  
  [prose ] prose_rainbow            13.82 tok/s  n= 400  
  [prose ] prose_bookshelves        11.64 tok/s  n= 400  
  [prose ] prose_letter             11.61 tok/s  n= 400  
  [reason] reason_trains            21.71 tok/s  n= 400  
  [reason] reason_zebra             15.10 tok/s  n= 400  
  [reason] reason_scheduling        18.71 tok/s  n= 400  
  [chat  ] chat_desk_robot          10.66 tok/s  n= 400  
  [chat  ] chat_music               11.50 tok/s  n= 400  
  [chat  ] chat_advice              11.75 tok/s  n= 400  
  [zh    ] zh_self_intro             9.90 tok/s  n= 400  
  [zh    ] zh_tea                   10.67 tok/s  n= 400  
  [zh    ] zh_debug                 15.21 tok/s  n= 400  
  [code  ] code_go_worker           22.45 tok/s  n= 400  
  [code  ] code_sql_report          25.72 tok/s  n= 400  
  [prose ] prose_market             10.00 tok/s  n= 400  
  [prose ] prose_argument           11.57 tok/s  n= 400  
  [reason] reason_probability       21.66 tok/s  n= 400  
  [reason] reason_invariant         13.90 tok/s  n= 400  
  [chat  ] chat_travel              12.92 tok/s  n= 400  
  [chat  ] chat_disagree            12.30 tok/s  n= 400  
  [zh    ] zh_moving                 8.84 tok/s  n= 400  
  [zh    ] zh_review                11.20 tok/s  n= 400  

=== pass02_mtp-n3@stock ===
  gpu condition 'stock': mem_off=0 core_off=0 pl=420.0W mem_clk=9751.0MHz
  settled: 59.0C -> 59.0C in 0.0s (clock 255.0 MHz)
  drafter: 0.01.954.378 I common_speculative_init_result: creating MTP draft context against the target model '/home/thc1006/dev/qw
  ready in 2.2s
  drafting confirmed: t_draft_n=3 on warmup
  [code  ] code_py_ratelimiter      84.91 tok/s  n= 400  
  [code  ] code_rust_mergesort      82.49 tok/s  n= 400  
  [code  ] code_nginx_cfg           83.97 tok/s  n= 400  
  [prose ] prose_rainbow            65.14 tok/s  n= 400  
  [prose ] prose_bookshelves        57.47 tok/s  n= 400  
  [prose ] prose_letter             55.25 tok/s  n= 400  
  [reason] reason_trains            78.50 tok/s  n= 400  
  [reason] reason_zebra             65.26 tok/s  n= 400  
  [reason] reason_scheduling        67.57 tok/s  n= 400  
  [chat  ] chat_desk_robot          50.06 tok/s  n= 400  
  [chat  ] chat_music               55.39 tok/s  n= 400  
  [chat  ] chat_advice              54.47 tok/s  n= 400  
  [zh    ] zh_self_intro            50.66 tok/s  n= 400  
  [zh    ] zh_tea                   47.81 tok/s  n= 400  
  [zh    ] zh_debug                 59.99 tok/s  n= 400  
  [code  ] code_go_worker           79.72 tok/s  n= 400  
  [code  ] code_sql_report          83.77 tok/s  n= 400  
  [prose ] prose_market             52.18 tok/s  n= 400  
  [prose ] prose_argument           55.24 tok/s  n= 400  
  [reason] reason_probability       79.60 tok/s  n= 400  
  [reason] reason_invariant         64.90 tok/s  n= 400  
  [chat  ] chat_travel              57.92 tok/s  n= 400  
  [chat  ] chat_disagree            55.25 tok/s  n= 400  
  [zh    ] zh_moving                46.69 tok/s  n= 400  
  [zh    ] zh_review                50.52 tok/s  n= 400  

=== pass02_mtp-n7@stock ===
  gpu condition 'stock': mem_off=0 core_off=0 pl=420.0W mem_clk=9751.0MHz
  settled: 71.0C -> 60.0C in 30.2s (clock 210.0 MHz)
  drafter: 0.02.033.039 I common_speculative_init_result: creating MTP draft context against the target model '/home/thc1006/dev/qw
  ready in 2.3s
  drafting confirmed: t_draft_n=7 on warmup
  [code  ] code_py_ratelimiter      71.70 tok/s  n= 400  
  [code  ] code_rust_mergesort      67.54 tok/s  n= 400  
  [code  ] code_nginx_cfg           68.93 tok/s  n= 400  
  [prose ] prose_rainbow            41.17 tok/s  n= 400  
  [prose ] prose_bookshelves        34.77 tok/s  n= 400  
  [prose ] prose_letter             34.64 tok/s  n= 400  
  [reason] reason_trains            64.17 tok/s  n= 400  
  [reason] reason_zebra             44.79 tok/s  n= 400  
  [reason] reason_scheduling        55.24 tok/s  n= 400  
  [chat  ] chat_desk_robot          31.57 tok/s  n= 400  
  [chat  ] chat_music               33.81 tok/s  n= 400  
  [chat  ] chat_advice              34.53 tok/s  n= 400  
  [zh    ] zh_self_intro            29.15 tok/s  n= 400  
  [zh    ] zh_tea                   31.51 tok/s  n= 400  
  [zh    ] zh_debug                 44.97 tok/s  n= 400  
  [code  ] code_go_worker           66.03 tok/s  n= 400  
  [code  ] code_sql_report          75.94 tok/s  n= 400  
  [prose ] prose_market             29.63 tok/s  n= 400  
  [prose ] prose_argument           34.18 tok/s  n= 400  
  [reason] reason_probability       63.53 tok/s  n= 400  
  [reason] reason_invariant         41.02 tok/s  n= 400  
  [chat  ] chat_travel              38.25 tok/s  n= 400  
  [chat  ] chat_disagree            36.44 tok/s  n= 400  
  [zh    ] zh_moving                26.21 tok/s  n= 400  
  [zh    ] zh_review                33.26 tok/s  n= 400  

=== pass02_baseline@bw-lo ===
  gpu condition 'bw-lo': mem_off=-800 core_off=0 pl=420.0W mem_clk=9351.0MHz
  settled: 70.0C -> 60.0C in 30.2s (clock 210.0 MHz)
  ready in 2.3s
  [code  ] code_py_ratelimiter      40.23 tok/s  n= 400  
  [code  ] code_rust_mergesort      40.28 tok/s  n= 400  
  [code  ] code_nginx_cfg           40.26 tok/s  n= 400  
  [prose ] prose_rainbow            40.19 tok/s  n= 400  
  [prose ] prose_bookshelves        40.13 tok/s  n= 400  
  [prose ] prose_letter             40.15 tok/s  n= 400  
  [reason] reason_trains            40.17 tok/s  n= 400  
  [reason] reason_zebra             40.13 tok/s  n= 400  
  [reason] reason_scheduling        40.13 tok/s  n= 400  
  [chat  ] chat_desk_robot          40.19 tok/s  n= 400  
  [chat  ] chat_music               40.17 tok/s  n= 400  
  [chat  ] chat_advice              40.19 tok/s  n= 400  
  [zh    ] zh_self_intro            40.23 tok/s  n= 400  
  [zh    ] zh_tea                   40.19 tok/s  n= 400  
  [zh    ] zh_debug                 40.13 tok/s  n= 400  
  [code  ] code_go_worker           40.17 tok/s  n= 400  
  [code  ] code_sql_report          40.15 tok/s  n= 400  
  [prose ] prose_market             40.17 tok/s  n= 400  
  [prose ] prose_argument           40.16 tok/s  n= 400  
  [reason] reason_probability       40.18 tok/s  n= 400  
  [reason] reason_invariant         40.14 tok/s  n= 400  
  [chat  ] chat_travel              40.18 tok/s  n= 400  
  [chat  ] chat_disagree            40.19 tok/s  n= 400  
  [zh    ] zh_moving                40.23 tok/s  n= 400  
  [zh    ] zh_review                40.24 tok/s  n= 400  

=== pass02_mtp-n3@bw-lo ===
  gpu condition 'bw-lo': mem_off=-800 core_off=0 pl=420.0W mem_clk=9351.0MHz
  settled: 67.0C -> 60.0C in 25.2s (clock 210.0 MHz)
  drafter: 0.02.007.149 I common_speculative_init_result: creating MTP draft context against the target model '/home/thc1006/dev/qw
  ready in 2.3s
  drafting confirmed: t_draft_n=3 on warmup
  [code  ] code_py_ratelimiter      83.91 tok/s  n= 400  
  [code  ] code_rust_mergesort      81.58 tok/s  n= 400  
  [code  ] code_nginx_cfg           82.82 tok/s  n= 400  
  [prose ] prose_rainbow            64.27 tok/s  n= 400  
  [prose ] prose_bookshelves        56.69 tok/s  n= 400  
  [prose ] prose_letter             54.68 tok/s  n= 400  
  [reason] reason_trains            77.78 tok/s  n= 400  
  [reason] reason_zebra             64.60 tok/s  n= 400  
  [reason] reason_scheduling        66.57 tok/s  n= 400  
  [chat  ] chat_desk_robot          49.53 tok/s  n= 400  
  [chat  ] chat_music               54.68 tok/s  n= 400  
  [chat  ] chat_advice              54.01 tok/s  n= 400  
  [zh    ] zh_self_intro            50.27 tok/s  n= 400  
  [zh    ] zh_tea                   47.53 tok/s  n= 400  
  [zh    ] zh_debug                 59.69 tok/s  n= 400  
  [code  ] code_go_worker           79.09 tok/s  n= 400  
  [code  ] code_sql_report          83.62 tok/s  n= 400  
  [prose ] prose_market             51.90 tok/s  n= 400  
  [prose ] prose_argument           55.02 tok/s  n= 400  
  [reason] reason_probability       79.23 tok/s  n= 400  
  [reason] reason_invariant         64.64 tok/s  n= 400  
  [chat  ] chat_travel              57.65 tok/s  n= 400  
  [chat  ] chat_disagree            54.97 tok/s  n= 400  
  [zh    ] zh_moving                46.39 tok/s  n= 400  
  [zh    ] zh_review                50.22 tok/s  n= 400  

=== pass02_mtp-n7@bw-lo ===
  gpu condition 'bw-lo': mem_off=-800 core_off=0 pl=420.0W mem_clk=9351.0MHz
  settled: 69.0C -> 60.0C in 30.2s (clock 210.0 MHz)
  drafter: 0.02.019.886 I common_speculative_init_result: creating MTP draft context against the target model '/home/thc1006/dev/qw
  ready in 2.3s
  drafting confirmed: t_draft_n=7 on warmup
  [code  ] code_py_ratelimiter      71.10 tok/s  n= 400  
  [code  ] code_rust_mergesort      67.06 tok/s  n= 400  
  [code  ] code_nginx_cfg           68.58 tok/s  n= 400  
  [prose ] prose_rainbow            40.94 tok/s  n= 400  
  [prose ] prose_bookshelves        34.56 tok/s  n= 400  
  [prose ] prose_letter             34.42 tok/s  n= 400  
  [reason] reason_trains            63.96 tok/s  n= 400  
  [reason] reason_zebra             44.50 tok/s  n= 400  
  [reason] reason_scheduling        54.99 tok/s  n= 400  
  [chat  ] chat_desk_robot          31.40 tok/s  n= 400  
  [chat  ] chat_music               33.66 tok/s  n= 400  
  [chat  ] chat_advice              34.37 tok/s  n= 400  
  [zh    ] zh_self_intro            29.00 tok/s  n= 400  
  [zh    ] zh_tea                   31.36 tok/s  n= 400  
  [zh    ] zh_debug                 44.86 tok/s  n= 400  
  [code  ] code_go_worker           65.78 tok/s  n= 400  
  [code  ] code_sql_report          75.48 tok/s  n= 400  
  [prose ] prose_market             29.47 tok/s  n= 400  
  [prose ] prose_argument           34.02 tok/s  n= 400  
  [reason] reason_probability       63.32 tok/s  n= 400  
  [reason] reason_invariant         40.89 tok/s  n= 400  
  [chat  ] chat_travel              38.10 tok/s  n= 400  
  [chat  ] chat_disagree            36.27 tok/s  n= 400  
  [zh    ] zh_moving                26.09 tok/s  n= 400  
  [zh    ] zh_review                33.09 tok/s  n= 400  

=== pass02_baseline@bw-hi ===
  gpu condition 'bw-hi': mem_off=800 core_off=0 pl=420.0W mem_clk=10151.0MHz
  settled: 72.0C -> 60.0C in 30.2s (clock 210.0 MHz)
  ready in 2.3s
  [code  ] code_py_ratelimiter      42.87 tok/s  n= 400  
  [code  ] code_rust_mergesort      42.85 tok/s  n= 400  
  [code  ] code_nginx_cfg           42.81 tok/s  n= 400  
  [prose ] prose_rainbow            42.79 tok/s  n= 400  
  [prose ] prose_bookshelves        42.74 tok/s  n= 400  
  [prose ] prose_letter             42.70 tok/s  n= 400  
  [reason] reason_trains            42.70 tok/s  n= 400  
  [reason] reason_zebra             42.69 tok/s  n= 400  
  [reason] reason_scheduling        42.71 tok/s  n= 400  
  [chat  ] chat_desk_robot          42.77 tok/s  n= 400  
  [chat  ] chat_music               42.70 tok/s  n= 400  
  [chat  ] chat_advice              42.77 tok/s  n= 400  
  [zh    ] zh_self_intro            42.87 tok/s  n= 400  
  [zh    ] zh_tea                   42.83 tok/s  n= 400  
  [zh    ] zh_debug                 42.76 tok/s  n= 400  
  [code  ] code_go_worker           42.84 tok/s  n= 400  
  [code  ] code_sql_report          42.80 tok/s  n= 400  
  [prose ] prose_market             42.91 tok/s  n= 400  
  [prose ] prose_argument           42.83 tok/s  n= 400  
  [reason] reason_probability       42.77 tok/s  n= 400  
  [reason] reason_invariant         42.79 tok/s  n= 400  
  [chat  ] chat_travel              42.86 tok/s  n= 400  
  [chat  ] chat_disagree            42.79 tok/s  n= 400  
  [zh    ] zh_moving                42.74 tok/s  n= 400  
  [zh    ] zh_review                42.77 tok/s  n= 400  

=== pass02_mtp-n3@bw-hi ===
  gpu condition 'bw-hi': mem_off=800 core_off=0 pl=420.0W mem_clk=10151.0MHz
  settled: 67.0C -> 60.0C in 15.1s (clock 210.0 MHz)
  drafter: 0.02.058.620 I common_speculative_init_result: creating MTP draft context against the target model '/home/thc1006/dev/qw
  ready in 2.3s
  drafting confirmed: t_draft_n=3 on warmup
  [code  ] code_py_ratelimiter      84.89 tok/s  n= 400  
  [code  ] code_rust_mergesort      82.41 tok/s  n= 400  
  [code  ] code_nginx_cfg           83.66 tok/s  n= 400  
  [prose ] prose_rainbow            64.87 tok/s  n= 400  
  [prose ] prose_bookshelves        57.16 tok/s  n= 400  
  [prose ] prose_letter             55.25 tok/s  n= 400  
  [reason] reason_trains            78.67 tok/s  n= 400  
  [reason] reason_zebra             65.16 tok/s  n= 400  
  [reason] reason_scheduling        67.46 tok/s  n= 400  
  [chat  ] chat_desk_robot          50.15 tok/s  n= 400  
  [chat  ] chat_music               55.22 tok/s  n= 400  
  [chat  ] chat_advice              54.50 tok/s  n= 400  
  [zh    ] zh_self_intro            50.64 tok/s  n= 400  
  [zh    ] zh_tea                   48.01 tok/s  n= 400  
  [zh    ] zh_debug                 60.25 tok/s  n= 400  
  [code  ] code_go_worker           79.89 tok/s  n= 400  
  [code  ] code_sql_report          84.33 tok/s  n= 400  
  [prose ] prose_market             52.38 tok/s  n= 400  
  [prose ] prose_argument           55.55 tok/s  n= 400  
  [reason] reason_probability       79.97 tok/s  n= 400  
  [reason] reason_invariant         65.50 tok/s  n= 400  
  [chat  ] chat_travel              58.47 tok/s  n= 400  
  [chat  ] chat_disagree            55.75 tok/s  n= 400  
  [zh    ] zh_moving                47.12 tok/s  n= 400  
  [zh    ] zh_review                50.95 tok/s  n= 400  

=== pass02_mtp-n7@bw-hi ===
  gpu condition 'bw-hi': mem_off=800 core_off=0 pl=420.0W mem_clk=10151.0MHz
  settled: 69.0C -> 60.0C in 25.1s (clock 210.0 MHz)
  drafter: 0.02.030.052 I common_speculative_init_result: creating MTP draft context against the target model '/home/thc1006/dev/qw
  ready in 2.3s
  drafting confirmed: t_draft_n=7 on warmup
  [code  ] code_py_ratelimiter      71.98 tok/s  n= 400  
  [code  ] code_rust_mergesort      67.86 tok/s  n= 400  
  [code  ] code_nginx_cfg           69.28 tok/s  n= 400  
  [prose ] prose_rainbow            41.32 tok/s  n= 400  
  [prose ] prose_bookshelves        34.91 tok/s  n= 400  
  [prose ] prose_letter             34.81 tok/s  n= 400  
  [reason] reason_trains            64.59 tok/s  n= 400  
  [reason] reason_zebra             44.89 tok/s  n= 400  
  [reason] reason_scheduling        55.48 tok/s  n= 400  
  [chat  ] chat_desk_robot          31.72 tok/s  n= 400  
  [chat  ] chat_music               33.95 tok/s  n= 400  
  [chat  ] chat_advice              34.69 tok/s  n= 400  
  [zh    ] zh_self_intro            29.24 tok/s  n= 400  
  [zh    ] zh_tea                   31.68 tok/s  n= 400  
  [zh    ] zh_debug                 45.16 tok/s  n= 400  
  [code  ] code_go_worker           66.34 tok/s  n= 400  
  [code  ] code_sql_report          76.35 tok/s  n= 400  
  [prose ] prose_market             29.84 tok/s  n= 400  
  [prose ] prose_argument           34.42 tok/s  n= 400  
  [reason] reason_probability       63.98 tok/s  n= 400  
  [reason] reason_invariant         41.33 tok/s  n= 400  
  [chat  ] chat_travel              38.46 tok/s  n= 400  
  [chat  ] chat_disagree            36.61 tok/s  n= 400  
  [zh    ] zh_moving                26.33 tok/s  n= 400  
  [zh    ] zh_review                33.40 tok/s  n= 400  

=== pass02_baseline@pw-lo ===
  gpu condition 'pw-lo': mem_off=0 core_off=0 pl=250.0W mem_clk=9751.0MHz
  settled: 69.0C -> 60.0C in 30.2s (clock 210.0 MHz)
  ready in 2.3s
  [code  ] code_py_ratelimiter      30.17 tok/s  n= 400  
  [code  ] code_rust_mergesort      30.05 tok/s  n= 400  
  [code  ] code_nginx_cfg           29.97 tok/s  n= 400  
  [prose ] prose_rainbow            29.87 tok/s  n= 400  
  [prose ] prose_bookshelves        29.82 tok/s  n= 400  
  [prose ] prose_letter             29.79 tok/s  n= 400  
  [reason] reason_trains            29.79 tok/s  n= 400  
  [reason] reason_zebra             29.72 tok/s  n= 400  
  [reason] reason_scheduling        29.80 tok/s  n= 400  
  [chat  ] chat_desk_robot          29.81 tok/s  n= 400  
  [chat  ] chat_music               29.76 tok/s  n= 400  
  [chat  ] chat_advice              29.66 tok/s  n= 400  
  [zh    ] zh_self_intro            29.68 tok/s  n= 400  
  [zh    ] zh_tea                   29.78 tok/s  n= 400  
  [zh    ] zh_debug                 29.79 tok/s  n= 400  
  [code  ] code_go_worker           29.74 tok/s  n= 400  
  [code  ] code_sql_report          29.76 tok/s  n= 400  
  [prose ] prose_market             29.76 tok/s  n= 400  
  [prose ] prose_argument           29.78 tok/s  n= 400  
  [reason] reason_probability       29.77 tok/s  n= 400  
  [reason] reason_invariant         29.84 tok/s  n= 400  
  [chat  ] chat_travel              29.79 tok/s  n= 400  
  [chat  ] chat_disagree            29.82 tok/s  n= 400  
  [zh    ] zh_moving                29.84 tok/s  n= 400  
  [zh    ] zh_review                29.79 tok/s  n= 400  

=== pass02_mtp-n3@pw-lo ===
  gpu condition 'pw-lo': mem_off=0 core_off=0 pl=250.0W mem_clk=9751.0MHz
  settled: 65.0C -> 60.0C in 10.1s (clock 210.0 MHz)
  drafter: 0.01.995.906 I common_speculative_init_result: creating MTP draft context against the target model '/home/thc1006/dev/qw
  ready in 2.2s
  drafting confirmed: t_draft_n=3 on warmup
  [code  ] code_py_ratelimiter      57.65 tok/s  n= 400  
  [code  ] code_rust_mergesort      55.96 tok/s  n= 400  
  [code  ] code_nginx_cfg           56.72 tok/s  n= 400  
  [prose ] prose_rainbow            43.93 tok/s  n= 400  
  [prose ] prose_bookshelves        38.72 tok/s  n= 400  
  [prose ] prose_letter             37.24 tok/s  n= 400  
  [reason] reason_trains            53.53 tok/s  n= 400  
  [reason] reason_zebra             44.02 tok/s  n= 400  
  [reason] reason_scheduling        45.56 tok/s  n= 400  
  [chat  ] chat_desk_robot          33.65 tok/s  n= 400  
  [chat  ] chat_music               37.21 tok/s  n= 400  
  [chat  ] chat_advice              36.63 tok/s  n= 400  
  [zh    ] zh_self_intro            34.12 tok/s  n= 400  
  [zh    ] zh_tea                   32.18 tok/s  n= 400  
  [zh    ] zh_debug                 40.49 tok/s  n= 400  
  [code  ] code_go_worker           53.89 tok/s  n= 400  
  [code  ] code_sql_report          56.69 tok/s  n= 400  
  [prose ] prose_market             35.07 tok/s  n= 400  
  [prose ] prose_argument           37.29 tok/s  n= 400  
  [reason] reason_probability       54.07 tok/s  n= 400  
  [reason] reason_invariant         43.92 tok/s  n= 400  
  [chat  ] chat_travel              39.09 tok/s  n= 400  
  [chat  ] chat_disagree            37.33 tok/s  n= 400  
  [zh    ] zh_moving                31.40 tok/s  n= 400  
  [zh    ] zh_review                33.98 tok/s  n= 400  

=== pass02_mtp-n7@pw-lo ===
  gpu condition 'pw-lo': mem_off=0 core_off=0 pl=250.0W mem_clk=9751.0MHz
  settled: 66.0C -> 60.0C in 15.1s (clock 210.0 MHz)
  drafter: 0.02.027.811 I common_speculative_init_result: creating MTP draft context against the target model '/home/thc1006/dev/qw
  ready in 2.3s
  drafting confirmed: t_draft_n=7 on warmup
  [code  ] code_py_ratelimiter      51.37 tok/s  n= 400  
  [code  ] code_rust_mergesort      48.40 tok/s  n= 400  
  [code  ] code_nginx_cfg           49.45 tok/s  n= 400  
  [prose ] prose_rainbow            29.41 tok/s  n= 400  
  [prose ] prose_bookshelves        24.87 tok/s  n= 400  
  [prose ] prose_letter             24.80 tok/s  n= 400  
  [reason] reason_trains            46.48 tok/s  n= 400  
  [reason] reason_zebra             32.22 tok/s  n= 400  
  [reason] reason_scheduling        39.88 tok/s  n= 400  
  [chat  ] chat_desk_robot          22.72 tok/s  n= 400  
  [chat  ] chat_music               24.35 tok/s  n= 400  
  [chat  ] chat_advice              24.82 tok/s  n= 400  
  [zh    ] zh_self_intro            20.95 tok/s  n= 400  
  [zh    ] zh_tea                   22.68 tok/s  n= 400  
  [zh    ] zh_debug                 32.37 tok/s  n= 400  
  [code  ] code_go_worker           47.61 tok/s  n= 400  
  [code  ] code_sql_report          54.76 tok/s  n= 400  
  [prose ] prose_market             21.25 tok/s  n= 400  
  [prose ] prose_argument           24.54 tok/s  n= 400  
  [reason] reason_probability       45.87 tok/s  n= 400  
  [reason] reason_invariant         29.52 tok/s  n= 400  
  [chat  ] chat_travel              27.38 tok/s  n= 400  
  [chat  ] chat_disagree            26.10 tok/s  n= 400  
  [zh    ] zh_moving                18.76 tok/s  n= 400  
  [zh    ] zh_review                23.80 tok/s  n= 400  

=== pass02_baseline@pw-vlo ===
  gpu condition 'pw-vlo': mem_off=0 core_off=0 pl=175.0W mem_clk=9751.0MHz
  settled: 64.0C -> 60.0C in 10.1s (clock 210.0 MHz)
  ready in 2.3s
  [code  ] code_py_ratelimiter      13.24 tok/s  n= 400  
  [code  ] code_rust_mergesort      13.38 tok/s  n= 400  
  [code  ] code_nginx_cfg           13.54 tok/s  n= 400  
  [prose ] prose_rainbow            13.61 tok/s  n= 400  
  [prose ] prose_bookshelves        13.62 tok/s  n= 400  
  [prose ] prose_letter             13.68 tok/s  n= 400  
  [reason] reason_trains            13.64 tok/s  n= 400  
  [reason] reason_zebra             13.69 tok/s  n= 400  
  [reason] reason_scheduling        13.67 tok/s  n= 400  
  [chat  ] chat_desk_robot          13.66 tok/s  n= 400  
  [chat  ] chat_music               13.69 tok/s  n= 400  
  [chat  ] chat_advice              13.67 tok/s  n= 400  
  [zh    ] zh_self_intro            13.70 tok/s  n= 400  
  [zh    ] zh_tea                   13.66 tok/s  n= 400  
  [zh    ] zh_debug                 13.65 tok/s  n= 400  
  [code  ] code_go_worker           13.66 tok/s  n= 400  
  [code  ] code_sql_report          13.65 tok/s  n= 400  
  [prose ] prose_market             13.61 tok/s  n= 400  
  [prose ] prose_argument           13.60 tok/s  n= 400  
  [reason] reason_probability       13.59 tok/s  n= 400  
  [reason] reason_invariant         13.59 tok/s  n= 400  
  [chat  ] chat_travel              13.56 tok/s  n= 400  
  [chat  ] chat_disagree            13.52 tok/s  n= 400  
  [zh    ] zh_moving                13.58 tok/s  n= 400  
  [zh    ] zh_review                13.62 tok/s  n= 400  

=== pass02_mtp-n3@pw-vlo ===
  gpu condition 'pw-vlo': mem_off=0 core_off=0 pl=175.0W mem_clk=9751.0MHz
  settled: 59.0C -> 59.0C in 0.0s (clock 675.0 MHz)
  drafter: 0.01.948.333 I common_speculative_init_result: creating MTP draft context against the target model '/home/thc1006/dev/qw
  ready in 2.2s
  drafting confirmed: t_draft_n=3 on warmup
  [code  ] code_py_ratelimiter      26.40 tok/s  n= 400  
  [code  ] code_rust_mergesort      25.56 tok/s  n= 400  
  [code  ] code_nginx_cfg           26.04 tok/s  n= 400  
  [prose ] prose_rainbow            20.12 tok/s  n= 400  
  [prose ] prose_bookshelves        17.81 tok/s  n= 400  
  [prose ] prose_letter             17.11 tok/s  n= 400  
  [reason] reason_trains            24.57 tok/s  n= 400  
  [reason] reason_zebra             20.36 tok/s  n= 400  
  [reason] reason_scheduling        21.17 tok/s  n= 400  
  [chat  ] chat_desk_robot          15.70 tok/s  n= 400  
  [chat  ] chat_music               17.45 tok/s  n= 400  
  [chat  ] chat_advice              17.16 tok/s  n= 400  
  [zh    ] zh_self_intro            15.88 tok/s  n= 400  
  [zh    ] zh_tea                   15.11 tok/s  n= 400  
  [zh    ] zh_debug                 18.94 tok/s  n= 400  
  [code  ] code_go_worker           25.17 tok/s  n= 400  
  [code  ] code_sql_report          26.69 tok/s  n= 400  
  [prose ] prose_market             16.47 tok/s  n= 400  
  [prose ] prose_argument           17.47 tok/s  n= 400  
  [reason] reason_probability       25.20 tok/s  n= 400  
  [reason] reason_invariant         20.49 tok/s  n= 400  
  [chat  ] chat_travel              18.29 tok/s  n= 400  
  [chat  ] chat_disagree            17.50 tok/s  n= 400  
  [zh    ] zh_moving                14.76 tok/s  n= 400  
  [zh    ] zh_review                15.95 tok/s  n= 400  

=== pass02_mtp-n7@pw-vlo ===
  gpu condition 'pw-vlo': mem_off=0 core_off=0 pl=175.0W mem_clk=9751.0MHz
  settled: 60.0C -> 60.0C in 0.0s (clock 750.0 MHz)
  drafter: 0.01.972.303 I common_speculative_init_result: creating MTP draft context against the target model '/home/thc1006/dev/qw
  ready in 2.2s
  drafting confirmed: t_draft_n=7 on warmup
  [code  ] code_py_ratelimiter      24.42 tok/s  n= 400  
  [code  ] code_rust_mergesort      22.93 tok/s  n= 400  
  [code  ] code_nginx_cfg           23.50 tok/s  n= 400  
  [prose ] prose_rainbow            14.03 tok/s  n= 400  
  [prose ] prose_bookshelves        11.86 tok/s  n= 400  
  [prose ] prose_letter             11.80 tok/s  n= 400  
  [reason] reason_trains            22.07 tok/s  n= 400  
  [reason] reason_zebra             15.34 tok/s  n= 400  
  [reason] reason_scheduling        19.06 tok/s  n= 400  
  [chat  ] chat_desk_robot          10.84 tok/s  n= 400  
  [chat  ] chat_music               11.58 tok/s  n= 400  
  [chat  ] chat_advice              11.85 tok/s  n= 400  
  [zh    ] zh_self_intro             9.98 tok/s  n= 400  
  [zh    ] zh_tea                   10.81 tok/s  n= 400  
  [zh    ] zh_debug                 15.52 tok/s  n= 400  
  [code  ] code_go_worker           22.71 tok/s  n= 400  
  [code  ] code_sql_report          26.19 tok/s  n= 400  
  [prose ] prose_market             10.13 tok/s  n= 400  
  [prose ] prose_argument           11.72 tok/s  n= 400  
  [reason] reason_probability       21.85 tok/s  n= 400  
  [reason] reason_invariant         14.02 tok/s  n= 400  
  [chat  ] chat_travel              13.06 tok/s  n= 400  
  [chat  ] chat_disagree            12.39 tok/s  n= 400  
  [zh    ] zh_moving                 8.94 tok/s  n= 400  
  [zh    ] zh_review                11.34 tok/s  n= 400  

=== pass02_baseline@stock ===
  gpu condition 'stock': mem_off=0 core_off=0 pl=420.0W mem_clk=9751.0MHz
  settled: 59.0C -> 59.0C in 0.0s (clock 330.0 MHz)
  ready in 2.2s
  [code  ] code_py_ratelimiter      41.65 tok/s  n= 400  
  [code  ] code_rust_mergesort      41.71 tok/s  n= 400  
  [code  ] code_nginx_cfg           41.63 tok/s  n= 400  
  [prose ] prose_rainbow            41.63 tok/s  n= 400  
  [prose ] prose_bookshelves        41.61 tok/s  n= 400  
  [prose ] prose_letter             41.57 tok/s  n= 400  
  [reason] reason_trains            41.46 tok/s  n= 400  
  [reason] reason_zebra             41.49 tok/s  n= 400  
  [reason] reason_scheduling        41.46 tok/s  n= 400  
  [chat  ] chat_desk_robot          41.42 tok/s  n= 400  
  [chat  ] chat_music               41.47 tok/s  n= 400  
  [chat  ] chat_advice              41.44 tok/s  n= 400  
  [zh    ] zh_self_intro            41.57 tok/s  n= 400  
  [zh    ] zh_tea                   41.48 tok/s  n= 400  
  [zh    ] zh_debug                 41.51 tok/s  n= 400  
  [code  ] code_go_worker           41.57 tok/s  n= 400  
  [code  ] code_sql_report          41.51 tok/s  n= 400  
  [prose ] prose_market             41.52 tok/s  n= 400  
  [prose ] prose_argument           41.60 tok/s  n= 400  
  [reason] reason_probability       41.56 tok/s  n= 400  
  [reason] reason_invariant         41.61 tok/s  n= 400  
  [chat  ] chat_travel              41.55 tok/s  n= 400  
  [chat  ] chat_disagree            41.53 tok/s  n= 400  
  [zh    ] zh_moving                41.50 tok/s  n= 400  
  [zh    ] zh_review                41.57 tok/s  n= 400  

=== pass03_mtp-n7@stock ===
  gpu condition 'stock': mem_off=0 core_off=0 pl=420.0W mem_clk=9751.0MHz
  settled: 65.0C -> 60.0C in 20.1s (clock 210.0 MHz)
  drafter: 0.02.010.566 I common_speculative_init_result: creating MTP draft context against the target model '/home/thc1006/dev/qw
  ready in 2.3s
  drafting confirmed: t_draft_n=7 on warmup
  [code  ] code_py_ratelimiter      71.69 tok/s  n= 400  
  [code  ] code_rust_mergesort      67.51 tok/s  n= 400  
  [code  ] code_nginx_cfg           69.14 tok/s  n= 400  
  [prose ] prose_rainbow            41.22 tok/s  n= 400  
  [prose ] prose_bookshelves        34.80 tok/s  n= 400  
  [prose ] prose_letter             34.62 tok/s  n= 400  
  [reason] reason_trains            64.45 tok/s  n= 400  
  [reason] reason_zebra             44.80 tok/s  n= 400  
  [reason] reason_scheduling        55.39 tok/s  n= 400  
  [chat  ] chat_desk_robot          31.65 tok/s  n= 400  
  [chat  ] chat_music               33.93 tok/s  n= 400  
  [chat  ] chat_advice              34.61 tok/s  n= 400  
  [zh    ] zh_self_intro            29.20 tok/s  n= 400  
  [zh    ] zh_tea                   31.59 tok/s  n= 400  
  [zh    ] zh_debug                 45.11 tok/s  n= 400  
  [code  ] code_go_worker           66.09 tok/s  n= 400  
  [code  ] code_sql_report          76.15 tok/s  n= 400  
  [prose ] prose_market             29.64 tok/s  n= 400  
  [prose ] prose_argument           34.24 tok/s  n= 400  
  [reason] reason_probability       63.55 tok/s  n= 400  
  [reason] reason_invariant         41.10 tok/s  n= 400  
  [chat  ] chat_travel              38.20 tok/s  n= 400  
  [chat  ] chat_disagree            36.41 tok/s  n= 400  
  [zh    ] zh_moving                26.19 tok/s  n= 400  
  [zh    ] zh_review                33.20 tok/s  n= 400  

=== pass03_baseline@bw-lo ===
  gpu condition 'bw-lo': mem_off=-800 core_off=0 pl=420.0W mem_clk=9351.0MHz
  settled: 68.0C -> 60.0C in 30.2s (clock 210.0 MHz)
  ready in 2.2s
  [code  ] code_py_ratelimiter      40.21 tok/s  n= 400  
  [code  ] code_rust_mergesort      40.23 tok/s  n= 400  
  [code  ] code_nginx_cfg           40.26 tok/s  n= 400  
  [prose ] prose_rainbow            40.21 tok/s  n= 400  
  [prose ] prose_bookshelves        40.13 tok/s  n= 400  
  [prose ] prose_letter             40.19 tok/s  n= 400  
  [reason] reason_trains            40.09 tok/s  n= 400  
  [reason] reason_zebra             40.09 tok/s  n= 400  
  [reason] reason_scheduling        40.06 tok/s  n= 400  
  [chat  ] chat_desk_robot          40.17 tok/s  n= 400  
  [chat  ] chat_music               40.15 tok/s  n= 400  
  [chat  ] chat_advice              40.19 tok/s  n= 400  
  [zh    ] zh_self_intro            40.19 tok/s  n= 400  
  [zh    ] zh_tea                   40.21 tok/s  n= 400  
  [zh    ] zh_debug                 40.16 tok/s  n= 400  
  [code  ] code_go_worker           40.16 tok/s  n= 400  
  [code  ] code_sql_report          40.19 tok/s  n= 400  
  [prose ] prose_market             40.22 tok/s  n= 400  
  [prose ] prose_argument           40.23 tok/s  n= 400  
  [reason] reason_probability       40.16 tok/s  n= 400  
  [reason] reason_invariant         40.16 tok/s  n= 400  
  [chat  ] chat_travel              40.29 tok/s  n= 400  
  [chat  ] chat_disagree            40.24 tok/s  n= 400  
  [zh    ] zh_moving                40.17 tok/s  n= 400  
  [zh    ] zh_review                40.16 tok/s  n= 400  

=== pass03_mtp-n3@bw-lo ===
  gpu condition 'bw-lo': mem_off=-800 core_off=0 pl=420.0W mem_clk=9351.0MHz
  settled: 66.0C -> 60.0C in 25.2s (clock 210.0 MHz)
  drafter: 0.02.034.586 I common_speculative_init_result: creating MTP draft context against the target model '/home/thc1006/dev/qw
  ready in 2.3s
  drafting confirmed: t_draft_n=3 on warmup
  [code  ] code_py_ratelimiter      83.86 tok/s  n= 400  
  [code  ] code_rust_mergesort      81.50 tok/s  n= 400  
  [code  ] code_nginx_cfg           82.78 tok/s  n= 400  
  [prose ] prose_rainbow            64.43 tok/s  n= 400  
  [prose ] prose_bookshelves        56.69 tok/s  n= 400  
  [prose ] prose_letter             54.77 tok/s  n= 400  
  [reason] reason_trains            77.98 tok/s  n= 400  
  [reason] reason_zebra             64.55 tok/s  n= 400  
  [reason] reason_scheduling        66.71 tok/s  n= 400  
  [chat  ] chat_desk_robot          49.58 tok/s  n= 400  
  [chat  ] chat_music               54.75 tok/s  n= 400  
  [chat  ] chat_advice              54.01 tok/s  n= 400  
  [zh    ] zh_self_intro            50.25 tok/s  n= 400  
  [zh    ] zh_tea                   47.56 tok/s  n= 400  
  [zh    ] zh_debug                 59.75 tok/s  n= 400  
  [code  ] code_go_worker           79.38 tok/s  n= 400  
  [code  ] code_sql_report          83.42 tok/s  n= 400  
  [prose ] prose_market             52.01 tok/s  n= 400  
  [prose ] prose_argument           55.07 tok/s  n= 400  
  [reason] reason_probability       79.11 tok/s  n= 400  
  [reason] reason_invariant         64.68 tok/s  n= 400  
  [chat  ] chat_travel              57.69 tok/s  n= 400  
  [chat  ] chat_disagree            55.04 tok/s  n= 400  
  [zh    ] zh_moving                46.51 tok/s  n= 400  
  [zh    ] zh_review                50.30 tok/s  n= 400  

=== pass03_mtp-n7@bw-lo ===
  gpu condition 'bw-lo': mem_off=-800 core_off=0 pl=420.0W mem_clk=9351.0MHz
  settled: 69.0C -> 60.0C in 30.2s (clock 210.0 MHz)
  drafter: 0.02.030.747 I common_speculative_init_result: creating MTP draft context against the target model '/home/thc1006/dev/qw
  ready in 2.3s
  drafting confirmed: t_draft_n=7 on warmup
  [code  ] code_py_ratelimiter      71.28 tok/s  n= 400  
  [code  ] code_rust_mergesort      67.13 tok/s  n= 400  
  [code  ] code_nginx_cfg           68.55 tok/s  n= 400  
  [prose ] prose_rainbow            40.96 tok/s  n= 400  
  [prose ] prose_bookshelves        34.59 tok/s  n= 400  
  [prose ] prose_letter             34.41 tok/s  n= 400  
  [reason] reason_trains            63.90 tok/s  n= 400  
  [reason] reason_zebra             44.54 tok/s  n= 400  
  [reason] reason_scheduling        54.89 tok/s  n= 400  
  [chat  ] chat_desk_robot          31.46 tok/s  n= 400  
  [chat  ] chat_music               33.69 tok/s  n= 400  
  [chat  ] chat_advice              34.39 tok/s  n= 400  
  [zh    ] zh_self_intro            29.03 tok/s  n= 400  
  [zh    ] zh_tea                   31.39 tok/s  n= 400  
  [zh    ] zh_debug                 44.89 tok/s  n= 400  
  [code  ] code_go_worker           65.72 tok/s  n= 400  
  [code  ] code_sql_report          75.58 tok/s  n= 400  
  [prose ] prose_market             29.50 tok/s  n= 400  
  [prose ] prose_argument           34.03 tok/s  n= 400  
  [reason] reason_probability       63.18 tok/s  n= 400  
  [reason] reason_invariant         40.86 tok/s  n= 400  
  [chat  ] chat_travel              38.01 tok/s  n= 400  
  [chat  ] chat_disagree            36.21 tok/s  n= 400  
  [zh    ] zh_moving                26.04 tok/s  n= 400  
  [zh    ] zh_review                33.01 tok/s  n= 400  

=== pass03_baseline@bw-hi ===
  gpu condition 'bw-hi': mem_off=800 core_off=0 pl=420.0W mem_clk=10151.0MHz
  settled: 68.0C -> 60.0C in 25.2s (clock 210.0 MHz)
  ready in 2.3s
  [code  ] code_py_ratelimiter      42.88 tok/s  n= 400  
  [code  ] code_rust_mergesort      42.79 tok/s  n= 400  
  [code  ] code_nginx_cfg           42.83 tok/s  n= 400  
  [prose ] prose_rainbow            42.82 tok/s  n= 400  
  [prose ] prose_bookshelves        42.78 tok/s  n= 400  
  [prose ] prose_letter             42.81 tok/s  n= 400  
  [reason] reason_trains            42.68 tok/s  n= 400  
  [reason] reason_zebra             42.73 tok/s  n= 400  
  [reason] reason_scheduling        42.75 tok/s  n= 400  
  [chat  ] chat_desk_robot          42.74 tok/s  n= 400  
  [chat  ] chat_music               42.83 tok/s  n= 400  
  [chat  ] chat_advice              42.76 tok/s  n= 400  
  [zh    ] zh_self_intro            42.86 tok/s  n= 400  
  [zh    ] zh_tea                   42.84 tok/s  n= 400  
  [zh    ] zh_debug                 42.88 tok/s  n= 400  
  [code  ] code_go_worker           42.91 tok/s  n= 400  
  [code  ] code_sql_report          42.86 tok/s  n= 400  
  [prose ] prose_market             42.86 tok/s  n= 400  
  [prose ] prose_argument           42.84 tok/s  n= 400  
  [reason] reason_probability       42.89 tok/s  n= 400  
  [reason] reason_invariant         42.86 tok/s  n= 400  
  [chat  ] chat_travel              42.86 tok/s  n= 400  
  [chat  ] chat_disagree            42.82 tok/s  n= 400  
  [zh    ] zh_moving                42.74 tok/s  n= 400  
  [zh    ] zh_review                42.88 tok/s  n= 400  

=== pass03_mtp-n3@bw-hi ===
  gpu condition 'bw-hi': mem_off=800 core_off=0 pl=420.0W mem_clk=10151.0MHz
  settled: 65.0C -> 60.0C in 15.1s (clock 210.0 MHz)
  drafter: 0.02.028.181 I common_speculative_init_result: creating MTP draft context against the target model '/home/thc1006/dev/qw
  ready in 2.3s
  drafting confirmed: t_draft_n=3 on warmup
  [code  ] code_py_ratelimiter      85.15 tok/s  n= 400  
  [code  ] code_rust_mergesort      82.52 tok/s  n= 400  
  [code  ] code_nginx_cfg           83.88 tok/s  n= 400  
  [prose ] prose_rainbow            65.13 tok/s  n= 400  
  [prose ] prose_bookshelves        57.44 tok/s  n= 400  
  [prose ] prose_letter             55.39 tok/s  n= 400  
  [reason] reason_trains            78.89 tok/s  n= 400  
  [reason] reason_zebra             65.37 tok/s  n= 400  
  [reason] reason_scheduling        67.70 tok/s  n= 400  
  [chat  ] chat_desk_robot          50.12 tok/s  n= 400  
  [chat  ] chat_music               55.40 tok/s  n= 400  
  [chat  ] chat_advice              54.60 tok/s  n= 400  
  [zh    ] zh_self_intro            50.82 tok/s  n= 400  
  [zh    ] zh_tea                   48.07 tok/s  n= 400  
  [zh    ] zh_debug                 60.37 tok/s  n= 400  
  [code  ] code_go_worker           80.00 tok/s  n= 400  
  [code  ] code_sql_report          84.08 tok/s  n= 400  
  [prose ] prose_market             52.48 tok/s  n= 400  
  [prose ] prose_argument           55.54 tok/s  n= 400  
  [reason] reason_probability       80.39 tok/s  n= 400  
  [reason] reason_invariant         65.49 tok/s  n= 400  
  [chat  ] chat_travel              58.48 tok/s  n= 400  
  [chat  ] chat_disagree            55.80 tok/s  n= 400  
  [zh    ] zh_moving                47.10 tok/s  n= 400  
  [zh    ] zh_review                51.01 tok/s  n= 400  

=== pass03_mtp-n7@bw-hi ===
  gpu condition 'bw-hi': mem_off=800 core_off=0 pl=420.0W mem_clk=10151.0MHz
  settled: 67.0C -> 60.0C in 25.1s (clock 210.0 MHz)
  drafter: 0.02.021.240 I common_speculative_init_result: creating MTP draft context against the target model '/home/thc1006/dev/qw
  ready in 2.3s
  drafting confirmed: t_draft_n=7 on warmup
  [code  ] code_py_ratelimiter      71.91 tok/s  n= 400  
  [code  ] code_rust_mergesort      67.80 tok/s  n= 400  
  [code  ] code_nginx_cfg           69.28 tok/s  n= 400  
  [prose ] prose_rainbow            41.35 tok/s  n= 400  
  [prose ] prose_bookshelves        34.92 tok/s  n= 400  
  [prose ] prose_letter             34.78 tok/s  n= 400  
  [reason] reason_trains            64.53 tok/s  n= 400  
  [reason] reason_zebra             44.95 tok/s  n= 400  
  [reason] reason_scheduling        55.48 tok/s  n= 400  
  [chat  ] chat_desk_robot          31.70 tok/s  n= 400  
  [chat  ] chat_music               34.00 tok/s  n= 400  
  [chat  ] chat_advice              34.70 tok/s  n= 400  
  [zh    ] zh_self_intro            29.29 tok/s  n= 400  
  [zh    ] zh_tea                   31.64 tok/s  n= 400  
  [zh    ] zh_debug                 45.23 tok/s  n= 400  
  [code  ] code_go_worker           66.29 tok/s  n= 400  
  [code  ] code_sql_report          76.25 tok/s  n= 400  
  [prose ] prose_market             29.72 tok/s  n= 400  
  [prose ] prose_argument           34.34 tok/s  n= 400  
  [reason] reason_probability       63.70 tok/s  n= 400  
  [reason] reason_invariant         41.16 tok/s  n= 400  
  [chat  ] chat_travel              38.45 tok/s  n= 400  
  [chat  ] chat_disagree            36.62 tok/s  n= 400  
  [zh    ] zh_moving                26.34 tok/s  n= 400  
  [zh    ] zh_review                33.44 tok/s  n= 400  

=== pass03_baseline@pw-lo ===
  gpu condition 'pw-lo': mem_off=0 core_off=0 pl=250.0W mem_clk=9751.0MHz
  settled: 68.0C -> 60.0C in 30.2s (clock 210.0 MHz)
  ready in 2.3s
  [code  ] code_py_ratelimiter      30.17 tok/s  n= 400  
  [code  ] code_rust_mergesort      30.02 tok/s  n= 400  
  [code  ] code_nginx_cfg           29.97 tok/s  n= 400  
  [prose ] prose_rainbow            29.95 tok/s  n= 400  
  [prose ] prose_bookshelves        29.87 tok/s  n= 400  
  [prose ] prose_letter             29.83 tok/s  n= 400  
  [reason] reason_trains            29.83 tok/s  n= 400  
  [reason] reason_zebra             29.82 tok/s  n= 400  
  [reason] reason_scheduling        29.81 tok/s  n= 400  
  [chat  ] chat_desk_robot          29.86 tok/s  n= 400  
  [chat  ] chat_music               29.84 tok/s  n= 400  
  [chat  ] chat_advice              29.81 tok/s  n= 400  
  [zh    ] zh_self_intro            29.72 tok/s  n= 400  
  [zh    ] zh_tea                   29.75 tok/s  n= 400  
  [zh    ] zh_debug                 29.76 tok/s  n= 400  
  [code  ] code_go_worker           29.72 tok/s  n= 400  
  [code  ] code_sql_report          29.79 tok/s  n= 400  
  [prose ] prose_market             29.85 tok/s  n= 400  
  [prose ] prose_argument           29.80 tok/s  n= 400  
  [reason] reason_probability       29.84 tok/s  n= 400  
  [reason] reason_invariant         29.84 tok/s  n= 400  
  [chat  ] chat_travel              29.78 tok/s  n= 400  
  [chat  ] chat_disagree            29.83 tok/s  n= 400  
  [zh    ] zh_moving                29.85 tok/s  n= 400  
  [zh    ] zh_review                29.86 tok/s  n= 400  

=== pass03_mtp-n3@pw-lo ===
  gpu condition 'pw-lo': mem_off=0 core_off=0 pl=250.0W mem_clk=9751.0MHz
  settled: 64.0C -> 60.0C in 10.1s (clock 210.0 MHz)
  drafter: 0.02.065.867 I common_speculative_init_result: creating MTP draft context against the target model '/home/thc1006/dev/qw
  ready in 2.3s
  drafting confirmed: t_draft_n=3 on warmup
  [code  ] code_py_ratelimiter      57.58 tok/s  n= 400  
  [code  ] code_rust_mergesort      55.97 tok/s  n= 400  
  [code  ] code_nginx_cfg           56.92 tok/s  n= 400  
  [prose ] prose_rainbow            44.02 tok/s  n= 400  
  [prose ] prose_bookshelves        38.86 tok/s  n= 400  
  [prose ] prose_letter             37.44 tok/s  n= 400  
  [reason] reason_trains            53.61 tok/s  n= 400  
  [reason] reason_zebra             44.24 tok/s  n= 400  
  [reason] reason_scheduling        45.94 tok/s  n= 400  
  [chat  ] chat_desk_robot          34.01 tok/s  n= 400  
  [chat  ] chat_music               37.70 tok/s  n= 400  
  [chat  ] chat_advice              37.09 tok/s  n= 400  
  [zh    ] zh_self_intro            34.49 tok/s  n= 400  
  [zh    ] zh_tea                   32.57 tok/s  n= 400  
  [zh    ] zh_debug                 41.06 tok/s  n= 400  
  [code  ] code_go_worker           54.60 tok/s  n= 400  
  [code  ] code_sql_report          57.53 tok/s  n= 400  
  [prose ] prose_market             35.60 tok/s  n= 400  
  [prose ] prose_argument           37.71 tok/s  n= 400  
  [reason] reason_probability       54.65 tok/s  n= 400  
  [reason] reason_invariant         44.33 tok/s  n= 400  
  [chat  ] chat_travel              39.50 tok/s  n= 400  
  [chat  ] chat_disagree            37.80 tok/s  n= 400  
  [zh    ] zh_moving                31.88 tok/s  n= 400  
  [zh    ] zh_review                34.46 tok/s  n= 400  

=== pass03_mtp-n7@pw-lo ===
  gpu condition 'pw-lo': mem_off=0 core_off=0 pl=250.0W mem_clk=9751.0MHz
  settled: 63.0C -> 59.0C in 10.1s (clock 210.0 MHz)
  drafter: 0.01.998.566 I common_speculative_init_result: creating MTP draft context against the target model '/home/thc1006/dev/qw
  ready in 2.3s
  drafting confirmed: t_draft_n=7 on warmup
  [code  ] code_py_ratelimiter      51.58 tok/s  n= 400  
  [code  ] code_rust_mergesort      48.57 tok/s  n= 400  
  [code  ] code_nginx_cfg           49.46 tok/s  n= 400  
  [prose ] prose_rainbow            29.42 tok/s  n= 400  
  [prose ] prose_bookshelves        24.88 tok/s  n= 400  
  [prose ] prose_letter             24.81 tok/s  n= 400  
  [reason] reason_trains            46.43 tok/s  n= 400  
  [reason] reason_zebra             32.22 tok/s  n= 400  
  [reason] reason_scheduling        39.89 tok/s  n= 400  
  [chat  ] chat_desk_robot          22.73 tok/s  n= 400  
  [chat  ] chat_music               24.34 tok/s  n= 400  
  [chat  ] chat_advice              24.83 tok/s  n= 400  
  [zh    ] zh_self_intro            20.96 tok/s  n= 400  
  [zh    ] zh_tea                   22.66 tok/s  n= 400  
  [zh    ] zh_debug                 32.44 tok/s  n= 400  
  [code  ] code_go_worker           47.65 tok/s  n= 400  
  [code  ] code_sql_report          54.81 tok/s  n= 400  
  [prose ] prose_market             21.28 tok/s  n= 400  
  [prose ] prose_argument           24.56 tok/s  n= 400  
  [reason] reason_probability       45.91 tok/s  n= 400  
  [reason] reason_invariant         29.49 tok/s  n= 400  
  [chat  ] chat_travel              27.44 tok/s  n= 400  
  [chat  ] chat_disagree            26.12 tok/s  n= 400  
  [zh    ] zh_moving                18.79 tok/s  n= 400  
  [zh    ] zh_review                23.81 tok/s  n= 400  

=== pass03_baseline@pw-vlo ===
  gpu condition 'pw-vlo': mem_off=0 core_off=0 pl=175.0W mem_clk=9751.0MHz
  settled: 64.0C -> 60.0C in 10.1s (clock 210.0 MHz)
  ready in 2.3s
  [code  ] code_py_ratelimiter      13.62 tok/s  n= 400  
  [code  ] code_rust_mergesort      13.77 tok/s  n= 400  
  [code  ] code_nginx_cfg           13.94 tok/s  n= 400  
  [prose ] prose_rainbow            13.72 tok/s  n= 400  
  [prose ] prose_bookshelves        13.79 tok/s  n= 400  
  [prose ] prose_letter             13.86 tok/s  n= 400  
  [reason] reason_trains            13.85 tok/s  n= 400  
  [reason] reason_zebra             13.82 tok/s  n= 400  
  [reason] reason_scheduling        13.84 tok/s  n= 400  
  [chat  ] chat_desk_robot          13.83 tok/s  n= 400  
  [chat  ] chat_music               13.81 tok/s  n= 400  
  [chat  ] chat_advice              13.80 tok/s  n= 400  
  [zh    ] zh_self_intro            13.76 tok/s  n= 400  
  [zh    ] zh_tea                   13.80 tok/s  n= 400  
  [zh    ] zh_debug                 13.81 tok/s  n= 400  
  [code  ] code_go_worker           13.77 tok/s  n= 400  
  [code  ] code_sql_report          13.81 tok/s  n= 400  
  [prose ] prose_market             13.77 tok/s  n= 400  
  [prose ] prose_argument           13.73 tok/s  n= 400  
  [reason] reason_probability       13.73 tok/s  n= 400  
  [reason] reason_invariant         13.74 tok/s  n= 400  
  [chat  ] chat_travel              13.69 tok/s  n= 400  
  [chat  ] chat_disagree            13.71 tok/s  n= 400  
  [zh    ] zh_moving                13.66 tok/s  n= 400  
  [zh    ] zh_review                13.60 tok/s  n= 400  

=== pass03_mtp-n3@pw-vlo ===
  gpu condition 'pw-vlo': mem_off=0 core_off=0 pl=175.0W mem_clk=9751.0MHz
  settled: 59.0C -> 59.0C in 0.0s (clock 285.0 MHz)
  drafter: 0.01.980.163 I common_speculative_init_result: creating MTP draft context against the target model '/home/thc1006/dev/qw
  ready in 2.2s
  drafting confirmed: t_draft_n=3 on warmup
  [code  ] code_py_ratelimiter      26.40 tok/s  n= 400  
  [code  ] code_rust_mergesort      25.76 tok/s  n= 400  
  [code  ] code_nginx_cfg           26.14 tok/s  n= 400  
  [prose ] prose_rainbow            20.20 tok/s  n= 400  
  [prose ] prose_bookshelves        17.79 tok/s  n= 400  
  [prose ] prose_letter             17.24 tok/s  n= 400  
  [reason] reason_trains            24.57 tok/s  n= 400  
  [reason] reason_zebra             20.36 tok/s  n= 400  
  [reason] reason_scheduling        21.09 tok/s  n= 400  
  [chat  ] chat_desk_robot          15.60 tok/s  n= 400  
  [chat  ] chat_music               17.31 tok/s  n= 400  
  [chat  ] chat_advice              17.07 tok/s  n= 400  
  [zh    ] zh_self_intro            15.96 tok/s  n= 400  
  [zh    ] zh_tea                   15.12 tok/s  n= 400  
  [zh    ] zh_debug                 18.97 tok/s  n= 400  
  [code  ] code_go_worker           25.22 tok/s  n= 400  
  [code  ] code_sql_report          26.65 tok/s  n= 400  
  [prose ] prose_market             16.53 tok/s  n= 400  
  [prose ] prose_argument           17.53 tok/s  n= 400  
  [reason] reason_probability       25.39 tok/s  n= 400  
  [reason] reason_invariant         20.66 tok/s  n= 400  
  [chat  ] chat_travel              18.24 tok/s  n= 400  
  [chat  ] chat_disagree            17.49 tok/s  n= 400  
  [zh    ] zh_moving                14.76 tok/s  n= 400  
  [zh    ] zh_review                15.99 tok/s  n= 400  

=== pass03_mtp-n7@pw-vlo ===
  gpu condition 'pw-vlo': mem_off=0 core_off=0 pl=175.0W mem_clk=9751.0MHz
  settled: 59.0C -> 59.0C in 0.0s (clock 270.0 MHz)
  drafter: 0.01.968.049 I common_speculative_init_result: creating MTP draft context against the target model '/home/thc1006/dev/qw
  ready in 2.2s
  drafting confirmed: t_draft_n=7 on warmup
  [code  ] code_py_ratelimiter      24.52 tok/s  n= 400  
  [code  ] code_rust_mergesort      22.99 tok/s  n= 400  
  [code  ] code_nginx_cfg           23.55 tok/s  n= 400  
  [prose ] prose_rainbow            14.01 tok/s  n= 400  
  [prose ] prose_bookshelves        11.88 tok/s  n= 400  
  [prose ] prose_letter             11.88 tok/s  n= 400  
  [reason] reason_trains            22.18 tok/s  n= 400  
  [reason] reason_zebra             15.41 tok/s  n= 400  
  [reason] reason_scheduling        19.04 tok/s  n= 400  
  [chat  ] chat_desk_robot          10.85 tok/s  n= 400  
  [chat  ] chat_music               11.62 tok/s  n= 400  
  [chat  ] chat_advice              11.85 tok/s  n= 400  
  [zh    ] zh_self_intro             9.97 tok/s  n= 400  
  [zh    ] zh_tea                   10.73 tok/s  n= 400  
  [zh    ] zh_debug                 15.39 tok/s  n= 400  
  [code  ] code_go_worker           22.67 tok/s  n= 400  
  [code  ] code_sql_report          26.15 tok/s  n= 400  
  [prose ] prose_market             10.11 tok/s  n= 400  
  [prose ] prose_argument           11.65 tok/s  n= 400  
  [reason] reason_probability       21.78 tok/s  n= 400  
  [reason] reason_invariant         14.01 tok/s  n= 400  
  [chat  ] chat_travel              13.00 tok/s  n= 400  
  [chat  ] chat_disagree            12.37 tok/s  n= 400  
  [zh    ] zh_moving                 8.92 tok/s  n= 400  
  [zh    ] zh_review                11.33 tok/s  n= 400  

=== pass03_baseline@stock ===
  gpu condition 'stock': mem_off=0 core_off=0 pl=420.0W mem_clk=9751.0MHz
  settled: 59.0C -> 59.0C in 0.0s (clock 315.0 MHz)
  ready in 2.2s
  [code  ] code_py_ratelimiter      41.65 tok/s  n= 400  
  [code  ] code_rust_mergesort      41.65 tok/s  n= 400  
  [code  ] code_nginx_cfg           41.71 tok/s  n= 400  
  [prose ] prose_rainbow            41.64 tok/s  n= 400  
  [prose ] prose_bookshelves        41.60 tok/s  n= 400  
  [prose ] prose_letter             41.56 tok/s  n= 400  
  [reason] reason_trains            41.46 tok/s  n= 400  
  [reason] reason_zebra             41.46 tok/s  n= 400  
  [reason] reason_scheduling        41.39 tok/s  n= 400  
  [chat  ] chat_desk_robot          41.49 tok/s  n= 400  
  [chat  ] chat_music               41.44 tok/s  n= 400  
  [chat  ] chat_advice              41.50 tok/s  n= 400  
  [zh    ] zh_self_intro            41.55 tok/s  n= 400  
  [zh    ] zh_tea                   41.59 tok/s  n= 400  
  [zh    ] zh_debug                 41.50 tok/s  n= 400  
  [code  ] code_go_worker           41.59 tok/s  n= 400  
  [code  ] code_sql_report          41.52 tok/s  n= 400  
  [prose ] prose_market             41.58 tok/s  n= 400  
  [prose ] prose_argument           41.65 tok/s  n= 400  
  [reason] reason_probability       41.58 tok/s  n= 400  
  [reason] reason_invariant         41.63 tok/s  n= 400  
  [chat  ] chat_travel              41.64 tok/s  n= 400  
  [chat  ] chat_disagree            41.65 tok/s  n= 400  
  [zh    ] zh_moving                41.64 tok/s  n= 400  
  [zh    ] zh_review                41.58 tok/s  n= 400  

=== pass03_mtp-n3@stock ===
  gpu condition 'stock': mem_off=0 core_off=0 pl=420.0W mem_clk=9751.0MHz
  settled: 65.0C -> 60.0C in 15.1s (clock 210.0 MHz)
  drafter: 0.02.008.446 I common_speculative_init_result: creating MTP draft context against the target model '/home/thc1006/dev/qw
  ready in 2.3s
  drafting confirmed: t_draft_n=3 on warmup
  [code  ] code_py_ratelimiter      84.52 tok/s  n= 400  
  [code  ] code_rust_mergesort      82.20 tok/s  n= 400  
  [code  ] code_nginx_cfg           83.34 tok/s  n= 400  
  [prose ] prose_rainbow            64.80 tok/s  n= 400  
  [prose ] prose_bookshelves        57.12 tok/s  n= 400  
  [prose ] prose_letter             55.01 tok/s  n= 400  
  [reason] reason_trains            78.34 tok/s  n= 400  
  [reason] reason_zebra             65.03 tok/s  n= 400  
  [reason] reason_scheduling        67.32 tok/s  n= 400  
  [chat  ] chat_desk_robot          49.95 tok/s  n= 400  
  [chat  ] chat_music               55.05 tok/s  n= 400  
  [chat  ] chat_advice              54.35 tok/s  n= 400  
  [zh    ] zh_self_intro            50.53 tok/s  n= 400  
  [zh    ] zh_tea                   47.80 tok/s  n= 400  
  [zh    ] zh_debug                 60.01 tok/s  n= 400  
  [code  ] code_go_worker           79.75 tok/s  n= 400  
  [code  ] code_sql_report          84.06 tok/s  n= 400  
  [prose ] prose_market             52.35 tok/s  n= 400  
  [prose ] prose_argument           55.36 tok/s  n= 400  
  [reason] reason_probability       79.78 tok/s  n= 400  
  [reason] reason_invariant         65.14 tok/s  n= 400  
  [chat  ] chat_travel              57.93 tok/s  n= 400  
  [chat  ] chat_disagree            55.36 tok/s  n= 400  
  [zh    ] zh_moving                46.74 tok/s  n= 400  
  [zh    ] zh_review                50.60 tok/s  n= 400  
[gpustate] restored stock clocks
