device: [0] NVIDIA GeForce RTX 3090  24 GB  sm_86  420 W default (100-450)  mem 9751 MHz
[devices] idle floor 52 C on GPU 0 (stabilised after 15s, 4 samples, 53 -> 52 C, last 4 span 1 C)
thermal gate targets 60 C (measured floor 52 C + 8 C margin)

=== pass01_baseline@Q8_0 ===
  settled: 51.0C -> 51.0C in 0.0s (clock 210.0 MHz)
  ready in 1.6s
  [code  ] code_py_ratelimiter      84.34 tok/s  n= 400  
  [code  ] code_rust_mergesort      84.26 tok/s  n= 400  
  [code  ] code_nginx_cfg           84.20 tok/s  n= 400  
  [prose ] prose_rainbow            84.42 tok/s  n= 400  
  [prose ] prose_bookshelves        84.35 tok/s  n= 400  
  [prose ] prose_letter             84.19 tok/s  n= 400  
  [reason] reason_trains            84.06 tok/s  n= 400  
  [reason] reason_zebra             84.22 tok/s  n= 400  
  [reason] reason_scheduling        84.22 tok/s  n= 400  
  [chat  ] chat_desk_robot          84.22 tok/s  n= 400  
  [chat  ] chat_music               84.13 tok/s  n= 400  
  [chat  ] chat_advice              84.17 tok/s  n= 400  
  [zh    ] zh_self_intro            84.02 tok/s  n= 369  SHORT(369)
  [zh    ] zh_tea                   84.06 tok/s  n= 400  
  [zh    ] zh_debug                 84.17 tok/s  n= 400  
  [code  ] code_go_worker           84.02 tok/s  n= 400  
  [code  ] code_sql_report          83.96 tok/s  n= 400  
  [prose ] prose_market             84.13 tok/s  n= 400  
  [prose ] prose_argument           83.84 tok/s  n= 400  
  [reason] reason_probability       83.84 tok/s  n= 400  
  [reason] reason_invariant         84.05 tok/s  n= 400  
  [chat  ] chat_travel              84.11 tok/s  n= 400  
  [chat  ] chat_disagree            84.16 tok/s  n= 400  
  [zh    ] zh_moving                83.91 tok/s  n= 400  
  [zh    ] zh_review                84.10 tok/s  n= 400  

=== pass01_mtp-n2@Q8_0 ===
  settled: 82.0C -> 60.0C in 35.2s (clock 210.0 MHz)
  drafter: 0.01.303.509 I common_speculative_init_result: creating MTP draft context against the target model '/home/thc1006/dev/qw
  ready in 1.6s
  [code  ] code_py_ratelimiter     151.92 tok/s  n= 400  
  [code  ] code_rust_mergesort     152.85 tok/s  n= 400  
  [code  ] code_nginx_cfg          151.47 tok/s  n= 400  
  [prose ] prose_rainbow           126.34 tok/s  n= 400  
  [prose ] prose_bookshelves       122.58 tok/s  n= 400  
  [prose ] prose_letter            116.14 tok/s  n= 400  
  [reason] reason_trains           161.30 tok/s  n= 400  
  [reason] reason_zebra            154.10 tok/s  n= 400  
  [reason] reason_scheduling       149.79 tok/s  n= 400  
  [chat  ] chat_desk_robot         114.82 tok/s  n= 400  
  [chat  ] chat_music              119.80 tok/s  n= 400  
  [chat  ] chat_advice             122.20 tok/s  n= 400  
  [zh    ] zh_self_intro           110.20 tok/s  n= 400  
  [zh    ] zh_tea                  112.27 tok/s  n= 400  
  [zh    ] zh_debug                130.28 tok/s  n= 400  
  [code  ] code_go_worker          141.89 tok/s  n= 400  
  [code  ] code_sql_report         155.44 tok/s  n= 400  
  [prose ] prose_market            118.29 tok/s  n= 400  
  [prose ] prose_argument          111.58 tok/s  n= 400  
  [reason] reason_probability      163.26 tok/s  n= 400  
  [reason] reason_invariant        157.85 tok/s  n= 400  
  [chat  ] chat_travel             118.18 tok/s  n= 400  
  [chat  ] chat_disagree           121.21 tok/s  n= 400  
  [zh    ] zh_moving               107.79 tok/s  n= 400  
  [zh    ] zh_review               109.29 tok/s  n= 400  

=== pass01_mtp-n3@Q8_0 ===
  settled: 81.0C -> 60.0C in 35.2s (clock 210.0 MHz)
  drafter: 0.01.330.829 I common_speculative_init_result: creating MTP draft context against the target model '/home/thc1006/dev/qw
  ready in 1.7s
  [code  ] code_py_ratelimiter     162.30 tok/s  n= 400  
  [code  ] code_rust_mergesort     165.55 tok/s  n= 400  
  [code  ] code_nginx_cfg          160.18 tok/s  n= 400  
  [prose ] prose_rainbow           124.64 tok/s  n= 400  
  [prose ] prose_bookshelves       119.36 tok/s  n= 400  
  [prose ] prose_letter            108.71 tok/s  n= 400  
  [reason] reason_trains           177.93 tok/s  n= 400  
  [reason] reason_zebra            171.63 tok/s  n= 400  
  [reason] reason_scheduling       165.25 tok/s  n= 400  
  [chat  ] chat_desk_robot         109.90 tok/s  n= 400  
  [chat  ] chat_music              116.32 tok/s  n= 400  
  [chat  ] chat_advice             123.83 tok/s  n= 400  
  [zh    ] zh_self_intro           100.83 tok/s  n= 400  
  [zh    ] zh_tea                  106.37 tok/s  n= 400  
  [zh    ] zh_debug                132.20 tok/s  n= 400  
  [code  ] code_go_worker          148.97 tok/s  n= 400  
  [code  ] code_sql_report         162.62 tok/s  n= 400  
  [prose ] prose_market            109.44 tok/s  n= 400  
  [prose ] prose_argument          106.58 tok/s  n= 400  
  [reason] reason_probability      184.65 tok/s  n= 400  
  [reason] reason_invariant        170.50 tok/s  n= 400  
  [chat  ] chat_travel             112.51 tok/s  n= 400  
  [chat  ] chat_disagree           116.29 tok/s  n= 400  
  [zh    ] zh_moving                98.53 tok/s  n= 400  
  [zh    ] zh_review               106.09 tok/s  n= 400  

=== pass01_mtp-n5@Q8_0 ===
  settled: 82.0C -> 60.0C in 35.2s (clock 210.0 MHz)
  drafter: 0.01.311.904 I common_speculative_init_result: creating MTP draft context against the target model '/home/thc1006/dev/qw
  ready in 1.6s
  [code  ] code_py_ratelimiter     163.39 tok/s  n= 400  
  [code  ] code_rust_mergesort     152.40 tok/s  n= 400  
  [code  ] code_nginx_cfg          147.11 tok/s  n= 400  
  [prose ] prose_rainbow           101.05 tok/s  n= 400  
  [prose ] prose_bookshelves        92.42 tok/s  n= 400  
  [prose ] prose_letter             89.60 tok/s  n= 400  
  [reason] reason_trains           187.85 tok/s  n= 400  
  [reason] reason_zebra            150.92 tok/s  n= 400  
  [reason] reason_scheduling       164.57 tok/s  n= 400  
  [chat  ] chat_desk_robot          89.99 tok/s  n= 400  
  [chat  ] chat_music               95.76 tok/s  n= 400  
  [chat  ] chat_advice             102.35 tok/s  n= 400  
  [zh    ] zh_self_intro            82.29 tok/s  n= 348  SHORT(348)
  [zh    ] zh_tea                   95.17 tok/s  n= 400  
  [zh    ] zh_debug                123.68 tok/s  n= 400  
  [code  ] code_go_worker          139.76 tok/s  n= 400  
  [code  ] code_sql_report         159.00 tok/s  n= 400  
  [prose ] prose_market             91.52 tok/s  n= 400  
  [prose ] prose_argument           88.44 tok/s  n= 400  
  [reason] reason_probability      194.48 tok/s  n= 400  
  [reason] reason_invariant        173.07 tok/s  n= 400  
  [chat  ] chat_travel             102.15 tok/s  n= 400  
  [chat  ] chat_disagree           100.64 tok/s  n= 400  
  [zh    ] zh_moving                79.96 tok/s  n= 400  
  [zh    ] zh_review                93.48 tok/s  n= 400  

=== pass01_mtp-n6@Q8_0 ===
  settled: 81.0C -> 60.0C in 35.2s (clock 210.0 MHz)
  drafter: 0.01.323.674 I common_speculative_init_result: creating MTP draft context against the target model '/home/thc1006/dev/qw
  ready in 1.6s
  [code  ] code_py_ratelimiter     151.21 tok/s  n= 400  
  [code  ] code_rust_mergesort     143.63 tok/s  n= 400  
  [code  ] code_nginx_cfg          139.09 tok/s  n= 400  
  [prose ] prose_rainbow            93.67 tok/s  n= 400  
  [prose ] prose_bookshelves        85.90 tok/s  n= 400  
  [prose ] prose_letter             82.70 tok/s  n= 400  
  [reason] reason_trains           180.73 tok/s  n= 400  
  [reason] reason_zebra            145.85 tok/s  n= 400  
  [reason] reason_scheduling       160.72 tok/s  n= 400  
  [chat  ] chat_desk_robot          81.97 tok/s  n= 400  
  [chat  ] chat_music               87.95 tok/s  n= 400  
  [chat  ] chat_advice              95.53 tok/s  n= 400  
  [zh    ] zh_self_intro            75.74 tok/s  n= 348  SHORT(348)
  [zh    ] zh_tea                   87.20 tok/s  n= 400  
  [zh    ] zh_debug                115.99 tok/s  n= 400  
  [code  ] code_go_worker          132.71 tok/s  n= 400  
  [code  ] code_sql_report         156.72 tok/s  n= 400  
  [prose ] prose_market             84.14 tok/s  n= 400  
  [prose ] prose_argument           81.23 tok/s  n= 400  
  [reason] reason_probability      192.58 tok/s  n= 400  
  [reason] reason_invariant        167.00 tok/s  n= 400  
  [chat  ] chat_travel              95.09 tok/s  n= 400  
  [chat  ] chat_disagree            93.99 tok/s  n= 400  
  [zh    ] zh_moving                73.64 tok/s  n= 400  
  [zh    ] zh_review                86.35 tok/s  n= 400  

=== pass02_mtp-n2@Q8_0 ===
  settled: 83.0C -> 60.0C in 40.2s (clock 210.0 MHz)
  drafter: 0.01.305.676 I common_speculative_init_result: creating MTP draft context against the target model '/home/thc1006/dev/qw
  ready in 1.6s
  [code  ] code_py_ratelimiter     151.96 tok/s  n= 400  
  [code  ] code_rust_mergesort     153.23 tok/s  n= 400  
  [code  ] code_nginx_cfg          150.95 tok/s  n= 400  
  [prose ] prose_rainbow           126.09 tok/s  n= 400  
  [prose ] prose_bookshelves       122.49 tok/s  n= 400  
  [prose ] prose_letter            116.21 tok/s  n= 400  
  [reason] reason_trains           160.82 tok/s  n= 400  
  [reason] reason_zebra            154.10 tok/s  n= 400  
  [reason] reason_scheduling       150.16 tok/s  n= 400  
  [chat  ] chat_desk_robot         114.98 tok/s  n= 400  
  [chat  ] chat_music              119.84 tok/s  n= 400  
  [chat  ] chat_advice             121.73 tok/s  n= 400  
  [zh    ] zh_self_intro           109.73 tok/s  n= 400  
  [zh    ] zh_tea                  112.41 tok/s  n= 400  
  [zh    ] zh_debug                130.60 tok/s  n= 400  
  [code  ] code_go_worker          142.08 tok/s  n= 400  
  [code  ] code_sql_report         154.72 tok/s  n= 400  
  [prose ] prose_market            117.99 tok/s  n= 400  
  [prose ] prose_argument          111.33 tok/s  n= 400  
  [reason] reason_probability      163.33 tok/s  n= 400  
  [reason] reason_invariant        157.51 tok/s  n= 400  
  [chat  ] chat_travel             118.34 tok/s  n= 400  
  [chat  ] chat_disagree           120.85 tok/s  n= 400  
  [zh    ] zh_moving               107.44 tok/s  n= 400  
  [zh    ] zh_review               109.15 tok/s  n= 400  

=== pass02_mtp-n3@Q8_0 ===
  settled: 82.0C -> 60.0C in 35.2s (clock 210.0 MHz)
  drafter: 0.01.312.314 I common_speculative_init_result: creating MTP draft context against the target model '/home/thc1006/dev/qw
  ready in 1.6s
  [code  ] code_py_ratelimiter     162.86 tok/s  n= 400  
  [code  ] code_rust_mergesort     165.49 tok/s  n= 400  
  [code  ] code_nginx_cfg          160.33 tok/s  n= 400  
  [prose ] prose_rainbow           124.87 tok/s  n= 400  
  [prose ] prose_bookshelves       119.93 tok/s  n= 400  
  [prose ] prose_letter            108.76 tok/s  n= 400  
  [reason] reason_trains           177.24 tok/s  n= 400  
  [reason] reason_zebra            171.62 tok/s  n= 400  
  [reason] reason_scheduling       165.80 tok/s  n= 400  
  [chat  ] chat_desk_robot         109.76 tok/s  n= 400  
  [chat  ] chat_music              115.90 tok/s  n= 400  
  [chat  ] chat_advice             123.67 tok/s  n= 400  
  [zh    ] zh_self_intro           100.96 tok/s  n= 400  
  [zh    ] zh_tea                  106.16 tok/s  n= 400  
  [zh    ] zh_debug                132.78 tok/s  n= 400  
  [code  ] code_go_worker          149.23 tok/s  n= 400  
  [code  ] code_sql_report         163.02 tok/s  n= 400  
  [prose ] prose_market            109.79 tok/s  n= 400  
  [prose ] prose_argument          106.44 tok/s  n= 400  
  [reason] reason_probability      185.49 tok/s  n= 400  
  [reason] reason_invariant        169.93 tok/s  n= 400  
  [chat  ] chat_travel             112.73 tok/s  n= 400  
  [chat  ] chat_disagree           116.41 tok/s  n= 400  
  [zh    ] zh_moving                98.85 tok/s  n= 400  
  [zh    ] zh_review               106.24 tok/s  n= 400  

=== pass02_mtp-n5@Q8_0 ===
  settled: 82.0C -> 60.0C in 35.2s (clock 210.0 MHz)
  drafter: 0.01.309.278 I common_speculative_init_result: creating MTP draft context against the target model '/home/thc1006/dev/qw
  ready in 1.6s
  [code  ] code_py_ratelimiter     164.34 tok/s  n= 400  
  [code  ] code_rust_mergesort     152.35 tok/s  n= 400  
  [code  ] code_nginx_cfg          147.74 tok/s  n= 400  
  [prose ] prose_rainbow           101.05 tok/s  n= 400  
  [prose ] prose_bookshelves        92.36 tok/s  n= 400  
  [prose ] prose_letter             89.71 tok/s  n= 400  
  [reason] reason_trains           186.78 tok/s  n= 400  
  [reason] reason_zebra            149.60 tok/s  n= 400  
  [reason] reason_scheduling       164.24 tok/s  n= 400  
  [chat  ] chat_desk_robot          89.85 tok/s  n= 400  
  [chat  ] chat_music               95.85 tok/s  n= 400  
  [chat  ] chat_advice             102.18 tok/s  n= 400  
  [zh    ] zh_self_intro            82.19 tok/s  n= 348  SHORT(348)
  [zh    ] zh_tea                   95.06 tok/s  n= 400  
  [zh    ] zh_debug                123.54 tok/s  n= 400  
  [code  ] code_go_worker          139.65 tok/s  n= 400  
  [code  ] code_sql_report         159.10 tok/s  n= 400  
  [prose ] prose_market             91.33 tok/s  n= 400  
  [prose ] prose_argument           88.16 tok/s  n= 400  
  [reason] reason_probability      194.26 tok/s  n= 400  
  [reason] reason_invariant        171.83 tok/s  n= 400  
  [chat  ] chat_travel             102.34 tok/s  n= 400  
  [chat  ] chat_disagree           100.60 tok/s  n= 400  
  [zh    ] zh_moving                80.10 tok/s  n= 400  
  [zh    ] zh_review                93.50 tok/s  n= 400  

=== pass02_mtp-n6@Q8_0 ===
  settled: 81.0C -> 60.0C in 35.2s (clock 210.0 MHz)
  drafter: 0.01.314.676 I common_speculative_init_result: creating MTP draft context against the target model '/home/thc1006/dev/qw
  ready in 1.6s
  [code  ] code_py_ratelimiter     151.17 tok/s  n= 400  
  [code  ] code_rust_mergesort     143.70 tok/s  n= 400  
  [code  ] code_nginx_cfg          139.03 tok/s  n= 400  
  [prose ] prose_rainbow            93.48 tok/s  n= 400  
  [prose ] prose_bookshelves        85.83 tok/s  n= 400  
  [prose ] prose_letter             82.81 tok/s  n= 400  
  [reason] reason_trains           182.12 tok/s  n= 400  
  [reason] reason_zebra            145.95 tok/s  n= 400  
  [reason] reason_scheduling       160.12 tok/s  n= 400  
  [chat  ] chat_desk_robot          82.05 tok/s  n= 400  
  [chat  ] chat_music               88.11 tok/s  n= 400  
  [chat  ] chat_advice              95.58 tok/s  n= 400  
  [zh    ] zh_self_intro            75.73 tok/s  n= 348  SHORT(348)
  [zh    ] zh_tea                   87.23 tok/s  n= 400  
  [zh    ] zh_debug                116.12 tok/s  n= 400  
  [code  ] code_go_worker          132.85 tok/s  n= 400  
  [code  ] code_sql_report         156.13 tok/s  n= 400  
  [prose ] prose_market             83.79 tok/s  n= 400  
  [prose ] prose_argument           81.18 tok/s  n= 400  
  [reason] reason_probability      191.99 tok/s  n= 400  
  [reason] reason_invariant        167.12 tok/s  n= 400  
  [chat  ] chat_travel              95.23 tok/s  n= 400  
  [chat  ] chat_disagree            94.14 tok/s  n= 400  
  [zh    ] zh_moving                73.67 tok/s  n= 400  
  [zh    ] zh_review                86.35 tok/s  n= 400  

=== pass02_baseline@Q8_0 ===
  settled: 82.0C -> 60.0C in 35.2s (clock 210.0 MHz)
  ready in 1.7s
  [code  ] code_py_ratelimiter      83.98 tok/s  n= 400  
  [code  ] code_rust_mergesort      84.20 tok/s  n= 400  
  [code  ] code_nginx_cfg           84.14 tok/s  n= 400  
  [prose ] prose_rainbow            84.05 tok/s  n= 400  
  [prose ] prose_bookshelves        84.10 tok/s  n= 400  
  [prose ] prose_letter             84.17 tok/s  n= 400  
  [reason] reason_trains            84.06 tok/s  n= 400  
  [reason] reason_zebra             84.18 tok/s  n= 400  
  [reason] reason_scheduling        83.92 tok/s  n= 400  
  [chat  ] chat_desk_robot          84.07 tok/s  n= 400  
  [chat  ] chat_music               84.02 tok/s  n= 400  
  [chat  ] chat_advice              83.76 tok/s  n= 400  
  [zh    ] zh_self_intro            83.98 tok/s  n= 369  SHORT(369)
  [zh    ] zh_tea                   83.99 tok/s  n= 400  
  [zh    ] zh_debug                 83.94 tok/s  n= 400  
  [code  ] code_go_worker           84.04 tok/s  n= 400  
  [code  ] code_sql_report          83.93 tok/s  n= 400  
  [prose ] prose_market             84.12 tok/s  n= 400  
  [prose ] prose_argument           83.72 tok/s  n= 400  
  [reason] reason_probability       83.86 tok/s  n= 400  
  [reason] reason_invariant         84.01 tok/s  n= 400  
  [chat  ] chat_travel              84.03 tok/s  n= 400  
  [chat  ] chat_disagree            84.07 tok/s  n= 400  
  [zh    ] zh_moving                83.97 tok/s  n= 400  
  [zh    ] zh_review                83.91 tok/s  n= 400  

=== pass03_mtp-n3@Q8_0 ===
  settled: 81.0C -> 60.0C in 25.1s (clock 210.0 MHz)
  drafter: 0.01.330.506 I common_speculative_init_result: creating MTP draft context against the target model '/home/thc1006/dev/qw
  ready in 1.6s
  [code  ] code_py_ratelimiter     162.89 tok/s  n= 400  
  [code  ] code_rust_mergesort     165.45 tok/s  n= 400  
  [code  ] code_nginx_cfg          161.00 tok/s  n= 400  
  [prose ] prose_rainbow           124.61 tok/s  n= 400  
  [prose ] prose_bookshelves       119.43 tok/s  n= 400  
  [prose ] prose_letter            108.80 tok/s  n= 400  
  [reason] reason_trains           177.16 tok/s  n= 400  
  [reason] reason_zebra            171.95 tok/s  n= 400  
  [reason] reason_scheduling       165.08 tok/s  n= 400  
  [chat  ] chat_desk_robot         109.87 tok/s  n= 400  
  [chat  ] chat_music              116.34 tok/s  n= 400  
  [chat  ] chat_advice             123.79 tok/s  n= 400  
  [zh    ] zh_self_intro           101.30 tok/s  n= 400  
  [zh    ] zh_tea                  106.42 tok/s  n= 400  
  [zh    ] zh_debug                132.21 tok/s  n= 400  
  [code  ] code_go_worker          148.96 tok/s  n= 400  
  [code  ] code_sql_report         163.17 tok/s  n= 400  
  [prose ] prose_market            109.62 tok/s  n= 400  
  [prose ] prose_argument          106.45 tok/s  n= 400  
  [reason] reason_probability      184.81 tok/s  n= 400  
  [reason] reason_invariant        170.64 tok/s  n= 400  
  [chat  ] chat_travel             112.86 tok/s  n= 400  
  [chat  ] chat_disagree           115.92 tok/s  n= 400  
  [zh    ] zh_moving                98.94 tok/s  n= 400  
  [zh    ] zh_review               105.83 tok/s  n= 400  

=== pass03_mtp-n5@Q8_0 ===
  settled: 82.0C -> 60.0C in 35.2s (clock 210.0 MHz)
  drafter: 0.01.309.923 I common_speculative_init_result: creating MTP draft context against the target model '/home/thc1006/dev/qw
  ready in 1.6s
  [code  ] code_py_ratelimiter     164.17 tok/s  n= 400  
  [code  ] code_rust_mergesort     153.38 tok/s  n= 400  
  [code  ] code_nginx_cfg          147.43 tok/s  n= 400  
  [prose ] prose_rainbow           101.26 tok/s  n= 400  
  [prose ] prose_bookshelves        92.15 tok/s  n= 400  
  [prose ] prose_letter             89.60 tok/s  n= 400  
  [reason] reason_trains           187.09 tok/s  n= 400  
  [reason] reason_zebra            149.82 tok/s  n= 400  
  [reason] reason_scheduling       164.72 tok/s  n= 400  
  [chat  ] chat_desk_robot          89.75 tok/s  n= 400  
  [chat  ] chat_music               95.79 tok/s  n= 400  
  [chat  ] chat_advice             102.19 tok/s  n= 400  
  [zh    ] zh_self_intro            82.17 tok/s  n= 348  SHORT(348)
  [zh    ] zh_tea                   94.75 tok/s  n= 400  
  [zh    ] zh_debug                123.40 tok/s  n= 400  
  [code  ] code_go_worker          139.81 tok/s  n= 400  
  [code  ] code_sql_report         158.74 tok/s  n= 400  
  [prose ] prose_market             91.67 tok/s  n= 400  
  [prose ] prose_argument           88.64 tok/s  n= 400  
  [reason] reason_probability      193.19 tok/s  n= 400  
  [reason] reason_invariant        172.08 tok/s  n= 400  
  [chat  ] chat_travel             102.22 tok/s  n= 400  
  [chat  ] chat_disagree           100.63 tok/s  n= 400  
  [zh    ] zh_moving                80.14 tok/s  n= 400  
  [zh    ] zh_review                93.54 tok/s  n= 400  

=== pass03_mtp-n6@Q8_0 ===
  settled: 77.0C -> 60.0C in 40.2s (clock 210.0 MHz)
  drafter: 0.01.310.464 I common_speculative_init_result: creating MTP draft context against the target model '/home/thc1006/dev/qw
  ready in 1.6s
  [code  ] code_py_ratelimiter     150.90 tok/s  n= 400  
  [code  ] code_rust_mergesort     143.73 tok/s  n= 400  
  [code  ] code_nginx_cfg          139.58 tok/s  n= 400  
  [prose ] prose_rainbow            93.64 tok/s  n= 400  
  [prose ] prose_bookshelves        85.91 tok/s  n= 400  
  [prose ] prose_letter             82.77 tok/s  n= 400  
  [reason] reason_trains           181.53 tok/s  n= 400  
  [reason] reason_zebra            145.63 tok/s  n= 400  
  [reason] reason_scheduling       161.16 tok/s  n= 400  
  [chat  ] chat_desk_robot          82.01 tok/s  n= 400  
  [chat  ] chat_music               88.26 tok/s  n= 400  
  [chat  ] chat_advice              95.64 tok/s  n= 400  
  [zh    ] zh_self_intro            75.61 tok/s  n= 348  SHORT(348)
  [zh    ] zh_tea                   87.15 tok/s  n= 400  
  [zh    ] zh_debug                116.18 tok/s  n= 400  
  [code  ] code_go_worker          133.43 tok/s  n= 400  
  [code  ] code_sql_report         156.39 tok/s  n= 400  
  [prose ] prose_market             84.04 tok/s  n= 400  
  [prose ] prose_argument           81.18 tok/s  n= 400  
  [reason] reason_probability      193.11 tok/s  n= 400  
  [reason] reason_invariant        167.56 tok/s  n= 400  
  [chat  ] chat_travel              95.54 tok/s  n= 400  
  [chat  ] chat_disagree            94.15 tok/s  n= 400  
  [zh    ] zh_moving                73.73 tok/s  n= 400  
  [zh    ] zh_review                86.45 tok/s  n= 400  

=== pass03_baseline@Q8_0 ===
  settled: 77.0C -> 60.0C in 40.2s (clock 210.0 MHz)
  ready in 1.6s
  [code  ] code_py_ratelimiter      84.03 tok/s  n= 400  
  [code  ] code_rust_mergesort      83.90 tok/s  n= 400  
  [code  ] code_nginx_cfg           83.96 tok/s  n= 400  
  [prose ] prose_rainbow            84.08 tok/s  n= 400  
  [prose ] prose_bookshelves        84.11 tok/s  n= 400  
  [prose ] prose_letter             84.18 tok/s  n= 400  
  [reason] reason_trains            84.02 tok/s  n= 400  
  [reason] reason_zebra             84.07 tok/s  n= 400  
  [reason] reason_scheduling        84.07 tok/s  n= 400  
  [chat  ] chat_desk_robot          83.98 tok/s  n= 400  
  [chat  ] chat_music               84.07 tok/s  n= 400  
  [chat  ] chat_advice              83.96 tok/s  n= 400  
  [zh    ] zh_self_intro            83.87 tok/s  n= 369  SHORT(369)
  [zh    ] zh_tea                   83.80 tok/s  n= 400  
  [zh    ] zh_debug                 83.93 tok/s  n= 400  
  [code  ] code_go_worker           83.80 tok/s  n= 400  
  [code  ] code_sql_report          83.85 tok/s  n= 400  
  [prose ] prose_market             84.00 tok/s  n= 400  
  [prose ] prose_argument           84.09 tok/s  n= 400  
  [reason] reason_probability       83.97 tok/s  n= 400  
  [reason] reason_invariant         84.02 tok/s  n= 400  
  [chat  ] chat_travel              84.01 tok/s  n= 400  
  [chat  ] chat_disagree            83.86 tok/s  n= 400  
  [zh    ] zh_moving                83.65 tok/s  n= 400  
  [zh    ] zh_review                84.09 tok/s  n= 400  

=== pass03_mtp-n2@Q8_0 ===
  settled: 81.0C -> 60.0C in 25.1s (clock 210.0 MHz)
  drafter: 0.01.309.516 I common_speculative_init_result: creating MTP draft context against the target model '/home/thc1006/dev/qw
  ready in 1.6s
  [code  ] code_py_ratelimiter     152.02 tok/s  n= 400  
  [code  ] code_rust_mergesort     153.05 tok/s  n= 400  
  [code  ] code_nginx_cfg          150.66 tok/s  n= 400  
  [prose ] prose_rainbow           126.17 tok/s  n= 400  
  [prose ] prose_bookshelves       122.57 tok/s  n= 400  
  [prose ] prose_letter            116.04 tok/s  n= 400  
  [reason] reason_trains           160.43 tok/s  n= 400  
  [reason] reason_zebra            154.43 tok/s  n= 400  
  [reason] reason_scheduling       150.08 tok/s  n= 400  
  [chat  ] chat_desk_robot         114.80 tok/s  n= 400  
  [chat  ] chat_music              119.89 tok/s  n= 400  
  [chat  ] chat_advice             122.08 tok/s  n= 400  
  [zh    ] zh_self_intro           110.05 tok/s  n= 400  
  [zh    ] zh_tea                  112.52 tok/s  n= 400  
  [zh    ] zh_debug                130.56 tok/s  n= 400  
  [code  ] code_go_worker          141.84 tok/s  n= 400  
  [code  ] code_sql_report         154.93 tok/s  n= 400  
  [prose ] prose_market            118.09 tok/s  n= 400  
  [prose ] prose_argument          111.57 tok/s  n= 400  
  [reason] reason_probability      162.81 tok/s  n= 400  
  [reason] reason_invariant        157.79 tok/s  n= 400  
  [chat  ] chat_travel             118.41 tok/s  n= 400  
  [chat  ] chat_disagree           121.00 tok/s  n= 400  
  [zh    ] zh_moving               107.89 tok/s  n= 400  
  [zh    ] zh_review               109.01 tok/s  n= 400  
