=== round 1  roll 0.0 s  -> results/phase_e4_roll00_r1.json  2026-08-30T23:33:54+08:00 ===
device: [0] NVIDIA GeForce RTX 3090  24 GB  sm_86  420 W default (100-450)  mem 9751 MHz

=== pass01_baseline@pw420 ===
  gpu condition 'pw420': mem_off=0 core_off=0 pl=420.0W mem_clk=9751.0MHz
  settled: 40.0C -> 40.0C in 0.0s (clock 210.0 MHz)
  ready in 31.1s
  [code  ] code_py_ratelimiter      41.24 tok/s  n= 400  
  [code  ] code_rust_mergesort      41.17 tok/s  n= 400  
  [code  ] code_nginx_cfg           41.16 tok/s  n= 400  
  [prose ] prose_rainbow            41.10 tok/s  n= 400  
  [prose ] prose_bookshelves        41.03 tok/s  n= 400  
  [prose ] prose_letter             41.02 tok/s  n= 400  
  [reason] reason_trains            41.46 tok/s  n= 400  
  [reason] reason_zebra             41.35 tok/s  n= 400  
  [reason] reason_scheduling        41.42 tok/s  n= 400  
  [chat  ] chat_desk_robot          41.02 tok/s  n= 400  
  [chat  ] chat_music               40.99 tok/s  n= 400  
  [chat  ] chat_advice              40.92 tok/s  n= 400  
  [zh    ] zh_self_intro            40.52 tok/s  n= 400  
  [zh    ] zh_tea                   40.65 tok/s  n= 400  
  [zh    ] zh_debug                 41.12 tok/s  n= 400  
  [code  ] code_go_worker           41.19 tok/s  n= 400  
  [code  ] code_sql_report          41.21 tok/s  n= 400  
  [prose ] prose_market             41.00 tok/s  n= 400  
  [prose ] prose_argument           41.09 tok/s  n= 400  
  [reason] reason_probability       41.43 tok/s  n= 400  
  [reason] reason_invariant         41.33 tok/s  n= 400  
  [chat  ] chat_travel              41.21 tok/s  n= 400  
  [chat  ] chat_disagree            41.22 tok/s  n= 400  
  [zh    ] zh_moving                40.90 tok/s  n= 400  
  [zh    ] zh_review                41.11 tok/s  n= 400  

=== pass01_mtp-n2@pw420 ===
  gpu condition 'pw420': mem_off=0 core_off=0 pl=420.0W mem_clk=9751.0MHz
  settled: 63.0C -> 60.0C in 10.1s (clock 210.0 MHz)
  drafter: 0.30.226.141 I common_speculative_init_result: creating MTP draft context against the target model '/home/thc1006/dev/qw
  ready in 31.1s
  [code  ] code_py_ratelimiter      79.56 tok/s  n= 400  
  [code  ] code_rust_mergesort      78.72 tok/s  n= 400  
  [code  ] code_nginx_cfg           78.79 tok/s  n= 400  
  [prose ] prose_rainbow            66.06 tok/s  n= 400  
  [prose ] prose_bookshelves        60.15 tok/s  n= 400  
  [prose ] prose_letter             59.71 tok/s  n= 400  
  [reason] reason_trains            76.37 tok/s  n= 400  
  [reason] reason_zebra             67.38 tok/s  n= 400  
  [reason] reason_scheduling        70.85 tok/s  n= 400  
  [chat  ] chat_desk_robot          57.13 tok/s  n= 400  
  [chat  ] chat_music               61.92 tok/s  n= 400  
  [chat  ] chat_advice              57.37 tok/s  n= 400  
  [zh    ] zh_self_intro            56.37 tok/s  n= 400  
  [zh    ] zh_tea                   53.70 tok/s  n= 400  
  [zh    ] zh_debug                 62.79 tok/s  n= 400  
  [code  ] code_go_worker           77.52 tok/s  n= 400  
  [code  ] code_sql_report          78.12 tok/s  n= 400  
  [prose ] prose_market             56.92 tok/s  n= 400  
  [prose ] prose_argument           59.82 tok/s  n= 400  
  [reason] reason_probability       76.85 tok/s  n= 400  
  [reason] reason_invariant         67.24 tok/s  n= 400  
  [chat  ] chat_travel              62.94 tok/s  n= 400  
  [chat  ] chat_disagree            61.35 tok/s  n= 400  
  [zh    ] zh_moving                51.26 tok/s  n= 400  
  [zh    ] zh_review                56.15 tok/s  n= 400  
[gpustate] restored stock clocks
=== round 1  roll 1.5 s  -> results/phase_e4_roll15_r1.json  2026-08-30T23:44:00+08:00 ===
device: [0] NVIDIA GeForce RTX 3090  24 GB  sm_86  420 W default (100-450)  mem 9751 MHz

=== pass01_baseline@pw420 ===
  gpu condition 'pw420': mem_off=0 core_off=0 pl=420.0W mem_clk=9751.0MHz
  settled: 65.0C -> 60.0C in 25.2s (clock 210.0 MHz)
  ready in 30.6s
  [code  ] code_py_ratelimiter      41.10 tok/s  n= 400  
  [code  ] code_rust_mergesort      41.07 tok/s  n= 400  
  [code  ] code_nginx_cfg           41.01 tok/s  n= 400  
  [prose ] prose_rainbow            40.96 tok/s  n= 400  
  [prose ] prose_bookshelves        40.70 tok/s  n= 400  
  [prose ] prose_letter             40.75 tok/s  n= 400  
  [reason] reason_trains            41.40 tok/s  n= 400  
  [reason] reason_zebra             41.11 tok/s  n= 400  
  [reason] reason_scheduling        41.31 tok/s  n= 400  
  [chat  ] chat_desk_robot          40.95 tok/s  n= 400  
  [chat  ] chat_music               41.01 tok/s  n= 400  
  [chat  ] chat_advice              40.89 tok/s  n= 400  
  [zh    ] zh_self_intro            40.49 tok/s  n= 400  
  [zh    ] zh_tea                   40.70 tok/s  n= 400  
  [zh    ] zh_debug                 40.99 tok/s  n= 400  
  [code  ] code_go_worker           41.19 tok/s  n= 400  
  [code  ] code_sql_report          41.34 tok/s  n= 400  
  [prose ] prose_market             40.95 tok/s  n= 400  
  [prose ] prose_argument           40.99 tok/s  n= 400  
  [reason] reason_probability       41.36 tok/s  n= 400  
  [reason] reason_invariant         41.37 tok/s  n= 400  
  [chat  ] chat_travel              41.28 tok/s  n= 400  
  [chat  ] chat_disagree            41.23 tok/s  n= 400  
  [zh    ] zh_moving                40.75 tok/s  n= 400  
  [zh    ] zh_review                41.02 tok/s  n= 400  

=== pass01_mtp-n2@pw420 ===
  gpu condition 'pw420': mem_off=0 core_off=0 pl=420.0W mem_clk=9751.0MHz
  settled: 69.0C -> 60.0C in 35.2s (clock 210.0 MHz)
  drafter: 0.27.303.301 I common_speculative_init_result: creating MTP draft context against the target model '/home/thc1006/dev/qw
  ready in 28.0s
  [code  ] code_py_ratelimiter      80.05 tok/s  n= 400  
  [code  ] code_rust_mergesort      78.99 tok/s  n= 400  
  [code  ] code_nginx_cfg           78.42 tok/s  n= 400  
  [prose ] prose_rainbow            66.29 tok/s  n= 400  
  [prose ] prose_bookshelves        60.21 tok/s  n= 400  
  [prose ] prose_letter             59.65 tok/s  n= 400  
  [reason] reason_trains            76.61 tok/s  n= 400  
  [reason] reason_zebra             67.20 tok/s  n= 400  
  [reason] reason_scheduling        71.27 tok/s  n= 400  
  [chat  ] chat_desk_robot          57.16 tok/s  n= 400  
  [chat  ] chat_music               61.95 tok/s  n= 400  
  [chat  ] chat_advice              57.74 tok/s  n= 400  
  [zh    ] zh_self_intro            56.42 tok/s  n= 400  
  [zh    ] zh_tea                   53.90 tok/s  n= 400  
  [zh    ] zh_debug                 62.87 tok/s  n= 400  
  [code  ] code_go_worker           77.62 tok/s  n= 400  
  [code  ] code_sql_report          78.99 tok/s  n= 400  
  [prose ] prose_market             56.79 tok/s  n= 400  
  [prose ] prose_argument           59.75 tok/s  n= 400  
  [reason] reason_probability       77.08 tok/s  n= 400  
  [reason] reason_invariant         67.36 tok/s  n= 400  
  [chat  ] chat_travel              62.88 tok/s  n= 400  
  [chat  ] chat_disagree            61.49 tok/s  n= 400  
  [zh    ] zh_moving                51.28 tok/s  n= 400  
  [zh    ] zh_review                56.17 tok/s  n= 400  
[gpustate] restored stock clocks
=== round 1  roll 4.0 s  -> results/phase_e4_roll40_r1.json  2026-08-30T23:57:10+08:00 ===
device: [0] NVIDIA GeForce RTX 3090  24 GB  sm_86  420 W default (100-450)  mem 9751 MHz

=== pass01_baseline@pw420 ===
  gpu condition 'pw420': mem_off=0 core_off=0 pl=420.0W mem_clk=9751.0MHz
  settled: 65.0C -> 60.0C in 25.2s (clock 210.0 MHz)
  ready in 30.6s
  [code  ] code_py_ratelimiter      41.12 tok/s  n= 400  
  [code  ] code_rust_mergesort      41.14 tok/s  n= 400  
  [code  ] code_nginx_cfg           41.03 tok/s  n= 400  
  [prose ] prose_rainbow            41.03 tok/s  n= 400  
  [prose ] prose_bookshelves        40.67 tok/s  n= 400  
  [prose ] prose_letter             40.84 tok/s  n= 400  
  [reason] reason_trains            41.48 tok/s  n= 400  
  [reason] reason_zebra             41.25 tok/s  n= 400  
  [reason] reason_scheduling        41.32 tok/s  n= 400  
  [chat  ] chat_desk_robot          41.01 tok/s  n= 400  
  [chat  ] chat_music               41.04 tok/s  n= 400  
  [chat  ] chat_advice              40.93 tok/s  n= 400  
  [zh    ] zh_self_intro            40.67 tok/s  n= 400  
  [zh    ] zh_tea                   40.98 tok/s  n= 400  
  [zh    ] zh_debug                 41.08 tok/s  n= 400  
  [code  ] code_go_worker           41.29 tok/s  n= 400  
  [code  ] code_sql_report          41.34 tok/s  n= 400  
  [prose ] prose_market             41.05 tok/s  n= 400  
  [prose ] prose_argument           41.16 tok/s  n= 400  
  [reason] reason_probability       41.44 tok/s  n= 400  
  [reason] reason_invariant         41.42 tok/s  n= 400  
  [chat  ] chat_travel              41.28 tok/s  n= 400  
  [chat  ] chat_disagree            41.23 tok/s  n= 400  
  [zh    ] zh_moving                40.80 tok/s  n= 400  
  [zh    ] zh_review                41.18 tok/s  n= 400  

=== pass01_mtp-n2@pw420 ===
  gpu condition 'pw420': mem_off=0 core_off=0 pl=420.0W mem_clk=9751.0MHz
  settled: 66.0C -> 60.0C in 25.2s (clock 210.0 MHz)
  drafter: 0.28.899.722 I common_speculative_init_result: creating MTP draft context against the target model '/home/thc1006/dev/qw
  ready in 29.6s
  [code  ] code_py_ratelimiter      79.69 tok/s  n= 400  
  [code  ] code_rust_mergesort      79.15 tok/s  n= 400  
  [code  ] code_nginx_cfg           78.62 tok/s  n= 400  
  [prose ] prose_rainbow            66.21 tok/s  n= 400  
  [prose ] prose_bookshelves        60.44 tok/s  n= 400  
  [prose ] prose_letter             59.95 tok/s  n= 400  
  [reason] reason_trains            76.87 tok/s  n= 400  
  [reason] reason_zebra             67.69 tok/s  n= 400  
  [reason] reason_scheduling        71.47 tok/s  n= 400  
  [chat  ] chat_desk_robot          57.71 tok/s  n= 400  
  [chat  ] chat_music               62.40 tok/s  n= 400  
  [chat  ] chat_advice              57.92 tok/s  n= 400  
  [zh    ] zh_self_intro            56.79 tok/s  n= 400  
  [zh    ] zh_tea                   54.28 tok/s  n= 400  
  [zh    ] zh_debug                 63.18 tok/s  n= 400  
  [code  ] code_go_worker           78.28 tok/s  n= 400  
  [code  ] code_sql_report          79.22 tok/s  n= 400  
  [prose ] prose_market             57.39 tok/s  n= 400  
  [prose ] prose_argument           60.38 tok/s  n= 400  
  [reason] reason_probability       77.21 tok/s  n= 400  
  [reason] reason_invariant         67.89 tok/s  n= 400  
  [chat  ] chat_travel              63.42 tok/s  n= 400  
  [chat  ] chat_disagree            61.81 tok/s  n= 400  
  [zh    ] zh_moving                51.67 tok/s  n= 400  
  [zh    ] zh_review                56.67 tok/s  n= 400  
[gpustate] restored stock clocks
=== round 2  roll 1.5 s  -> results/phase_e4_roll15_r2.json  2026-08-31T00:14:22+08:00 ===
device: [0] NVIDIA GeForce RTX 3090  24 GB  sm_86  420 W default (100-450)  mem 9751 MHz

=== pass01_baseline@pw420 ===
  gpu condition 'pw420': mem_off=0 core_off=0 pl=420.0W mem_clk=9751.0MHz
  settled: 62.0C -> 60.0C in 10.1s (clock 210.0 MHz)
  ready in 30.1s
  [code  ] code_py_ratelimiter      40.98 tok/s  n= 400  
  [code  ] code_rust_mergesort      41.07 tok/s  n= 400  
  [code  ] code_nginx_cfg           41.05 tok/s  n= 400  
  [prose ] prose_rainbow            40.87 tok/s  n= 400  
  [prose ] prose_bookshelves        40.54 tok/s  n= 400  
  [prose ] prose_letter             40.81 tok/s  n= 400  
  [reason] reason_trains            41.41 tok/s  n= 400  
  [reason] reason_zebra             41.14 tok/s  n= 400  
  [reason] reason_scheduling        41.29 tok/s  n= 400  
  [chat  ] chat_desk_robot          41.06 tok/s  n= 400  
  [chat  ] chat_music               40.88 tok/s  n= 400  
  [chat  ] chat_advice              40.89 tok/s  n= 400  
  [zh    ] zh_self_intro            40.51 tok/s  n= 400  
  [zh    ] zh_tea                   40.64 tok/s  n= 400  
  [zh    ] zh_debug                 40.87 tok/s  n= 400  
  [code  ] code_go_worker           41.16 tok/s  n= 400  
  [code  ] code_sql_report          41.27 tok/s  n= 400  
  [prose ] prose_market             41.01 tok/s  n= 400  
  [prose ] prose_argument           41.05 tok/s  n= 400  
  [reason] reason_probability       41.42 tok/s  n= 400  
  [reason] reason_invariant         41.44 tok/s  n= 400  
  [chat  ] chat_travel              41.24 tok/s  n= 400  
  [chat  ] chat_disagree            41.15 tok/s  n= 400  
  [zh    ] zh_moving                40.78 tok/s  n= 400  
  [zh    ] zh_review                41.00 tok/s  n= 400  

=== pass01_mtp-n2@pw420 ===
  gpu condition 'pw420': mem_off=0 core_off=0 pl=420.0W mem_clk=9751.0MHz
  settled: 68.0C -> 60.0C in 30.2s (clock 210.0 MHz)
  drafter: 0.28.697.213 I common_speculative_init_result: creating MTP draft context against the target model '/home/thc1006/dev/qw
  ready in 29.5s
  [code  ] code_py_ratelimiter      80.00 tok/s  n= 400  
  [code  ] code_rust_mergesort      79.19 tok/s  n= 400  
  [code  ] code_nginx_cfg           78.73 tok/s  n= 400  
  [prose ] prose_rainbow            66.40 tok/s  n= 400  
  [prose ] prose_bookshelves        60.18 tok/s  n= 400  
  [prose ] prose_letter             59.65 tok/s  n= 400  
  [reason] reason_trains            76.43 tok/s  n= 400  
  [reason] reason_zebra             67.41 tok/s  n= 400  
  [reason] reason_scheduling        71.02 tok/s  n= 400  
  [chat  ] chat_desk_robot          57.35 tok/s  n= 400  
  [chat  ] chat_music               61.83 tok/s  n= 400  
  [chat  ] chat_advice              57.44 tok/s  n= 400  
  [zh    ] zh_self_intro            56.52 tok/s  n= 400  
  [zh    ] zh_tea                   53.96 tok/s  n= 400  
  [zh    ] zh_debug                 62.90 tok/s  n= 400  
  [code  ] code_go_worker           77.84 tok/s  n= 400  
  [code  ] code_sql_report          78.45 tok/s  n= 400  
  [prose ] prose_market             56.78 tok/s  n= 400  
  [prose ] prose_argument           59.77 tok/s  n= 400  
  [reason] reason_probability       76.82 tok/s  n= 400  
  [reason] reason_invariant         67.59 tok/s  n= 400  
  [chat  ] chat_travel              62.97 tok/s  n= 400  
  [chat  ] chat_disagree            61.49 tok/s  n= 400  
  [zh    ] zh_moving                51.30 tok/s  n= 400  
  [zh    ] zh_review                56.27 tok/s  n= 400  
[gpustate] restored stock clocks
=== round 2  roll 4.0 s  -> results/phase_e4_roll40_r2.json  2026-08-31T00:27:16+08:00 ===
device: [0] NVIDIA GeForce RTX 3090  24 GB  sm_86  420 W default (100-450)  mem 9751 MHz

=== pass01_baseline@pw420 ===
  gpu condition 'pw420': mem_off=0 core_off=0 pl=420.0W mem_clk=9751.0MHz
  settled: 65.0C -> 60.0C in 25.2s (clock 210.0 MHz)
  ready in 29.6s
  [code  ] code_py_ratelimiter      41.22 tok/s  n= 400  
  [code  ] code_rust_mergesort      41.00 tok/s  n= 400  
  [code  ] code_nginx_cfg           41.05 tok/s  n= 400  
  [prose ] prose_rainbow            41.10 tok/s  n= 400  
  [prose ] prose_bookshelves        40.64 tok/s  n= 400  
  [prose ] prose_letter             40.87 tok/s  n= 400  
  [reason] reason_trains            41.48 tok/s  n= 400  
  [reason] reason_zebra             41.23 tok/s  n= 400  
  [reason] reason_scheduling        41.31 tok/s  n= 400  
  [chat  ] chat_desk_robot          41.00 tok/s  n= 400  
  [chat  ] chat_music               41.01 tok/s  n= 400  
  [chat  ] chat_advice              41.03 tok/s  n= 400  
  [zh    ] zh_self_intro            40.54 tok/s  n= 400  
  [zh    ] zh_tea                   40.76 tok/s  n= 400  
  [zh    ] zh_debug                 40.98 tok/s  n= 400  
  [code  ] code_go_worker           41.19 tok/s  n= 400  
  [code  ] code_sql_report          41.26 tok/s  n= 400  
  [prose ] prose_market             40.99 tok/s  n= 400  
  [prose ] prose_argument           41.13 tok/s  n= 400  
  [reason] reason_probability       41.45 tok/s  n= 400  
  [reason] reason_invariant         41.38 tok/s  n= 400  
  [chat  ] chat_travel              41.22 tok/s  n= 400  
  [chat  ] chat_disagree            41.17 tok/s  n= 400  
  [zh    ] zh_moving                40.87 tok/s  n= 400  
  [zh    ] zh_review                41.07 tok/s  n= 400  

=== pass01_mtp-n2@pw420 ===
  gpu condition 'pw420': mem_off=0 core_off=0 pl=420.0W mem_clk=9751.0MHz
  settled: 67.0C -> 60.0C in 25.2s (clock 210.0 MHz)
  drafter: 0.27.804.412 I common_speculative_init_result: creating MTP draft context against the target model '/home/thc1006/dev/qw
  ready in 28.5s
  [code  ] code_py_ratelimiter      80.13 tok/s  n= 400  
  [code  ] code_rust_mergesort      79.03 tok/s  n= 400  
  [code  ] code_nginx_cfg           78.64 tok/s  n= 400  
  [prose ] prose_rainbow            66.11 tok/s  n= 400  
  [prose ] prose_bookshelves        60.59 tok/s  n= 400  
  [prose ] prose_letter             60.07 tok/s  n= 400  
  [reason] reason_trains            76.70 tok/s  n= 400  
  [reason] reason_zebra             67.58 tok/s  n= 400  
  [reason] reason_scheduling        71.19 tok/s  n= 400  
  [chat  ] chat_desk_robot          57.46 tok/s  n= 400  
  [chat  ] chat_music               62.36 tok/s  n= 400  
  [chat  ] chat_advice              58.01 tok/s  n= 400  
  [zh    ] zh_self_intro            56.84 tok/s  n= 400  
  [zh    ] zh_tea                   54.17 tok/s  n= 400  
  [zh    ] zh_debug                 63.28 tok/s  n= 400  
  [code  ] code_go_worker           78.14 tok/s  n= 400  
  [code  ] code_sql_report          78.94 tok/s  n= 400  
  [prose ] prose_market             57.06 tok/s  n= 400  
  [prose ] prose_argument           60.11 tok/s  n= 400  
  [reason] reason_probability       77.75 tok/s  n= 400  
  [reason] reason_invariant         68.00 tok/s  n= 400  
  [chat  ] chat_travel              63.37 tok/s  n= 400  
  [chat  ] chat_disagree            61.85 tok/s  n= 400  
  [zh    ] zh_moving                51.52 tok/s  n= 400  
  [zh    ] zh_review                56.61 tok/s  n= 400  
[gpustate] restored stock clocks
=== round 2  roll 0.0 s  -> results/phase_e4_roll00_r2.json  2026-08-31T00:44:27+08:00 ===
device: [0] NVIDIA GeForce RTX 3090  24 GB  sm_86  420 W default (100-450)  mem 9751 MHz

=== pass01_baseline@pw420 ===
  gpu condition 'pw420': mem_off=0 core_off=0 pl=420.0W mem_clk=9751.0MHz
  settled: 62.0C -> 60.0C in 10.1s (clock 210.0 MHz)
  ready in 31.1s
  [code  ] code_py_ratelimiter      41.15 tok/s  n= 400  
  [code  ] code_rust_mergesort      41.13 tok/s  n= 400  
  [code  ] code_nginx_cfg           40.94 tok/s  n= 400  
  [prose ] prose_rainbow            40.91 tok/s  n= 400  
  [prose ] prose_bookshelves        40.55 tok/s  n= 400  
  [prose ] prose_letter             40.75 tok/s  n= 400  
  [reason] reason_trains            41.31 tok/s  n= 400  
  [reason] reason_zebra             41.23 tok/s  n= 400  
  [reason] reason_scheduling        41.19 tok/s  n= 400  
  [chat  ] chat_desk_robot          40.89 tok/s  n= 400  
  [chat  ] chat_music               40.95 tok/s  n= 400  
  [chat  ] chat_advice              40.90 tok/s  n= 400  
  [zh    ] zh_self_intro            40.58 tok/s  n= 400  
  [zh    ] zh_tea                   40.68 tok/s  n= 400  
  [zh    ] zh_debug                 40.99 tok/s  n= 400  
  [code  ] code_go_worker           41.16 tok/s  n= 400  
  [code  ] code_sql_report          41.30 tok/s  n= 400  
  [prose ] prose_market             41.01 tok/s  n= 400  
  [prose ] prose_argument           41.03 tok/s  n= 400  
  [reason] reason_probability       41.49 tok/s  n= 400  
  [reason] reason_invariant         41.40 tok/s  n= 400  
  [chat  ] chat_travel              41.36 tok/s  n= 400  
  [chat  ] chat_disagree            41.41 tok/s  n= 400  
  [zh    ] zh_moving                40.80 tok/s  n= 400  
  [zh    ] zh_review                41.07 tok/s  n= 400  

=== pass01_mtp-n2@pw420 ===
  gpu condition 'pw420': mem_off=0 core_off=0 pl=420.0W mem_clk=9751.0MHz
  settled: 65.0C -> 60.0C in 20.1s (clock 210.0 MHz)
  drafter: 0.30.349.643 I common_speculative_init_result: creating MTP draft context against the target model '/home/thc1006/dev/qw
  ready in 31.1s
  [code  ] code_py_ratelimiter      79.82 tok/s  n= 400  
  [code  ] code_rust_mergesort      79.34 tok/s  n= 400  
  [code  ] code_nginx_cfg           78.74 tok/s  n= 400  
  [prose ] prose_rainbow            65.96 tok/s  n= 400  
  [prose ] prose_bookshelves        60.22 tok/s  n= 400  
  [prose ] prose_letter             59.83 tok/s  n= 400  
  [reason] reason_trains            76.32 tok/s  n= 400  
  [reason] reason_zebra             67.28 tok/s  n= 400  
  [reason] reason_scheduling        71.04 tok/s  n= 400  
  [chat  ] chat_desk_robot          57.16 tok/s  n= 400  
  [chat  ] chat_music               61.81 tok/s  n= 400  
  [chat  ] chat_advice              57.70 tok/s  n= 400  
  [zh    ] zh_self_intro            56.32 tok/s  n= 400  
  [zh    ] zh_tea                   53.76 tok/s  n= 400  
  [zh    ] zh_debug                 62.91 tok/s  n= 400  
  [code  ] code_go_worker           77.60 tok/s  n= 400  
  [code  ] code_sql_report          78.58 tok/s  n= 400  
  [prose ] prose_market             56.62 tok/s  n= 400  
  [prose ] prose_argument           59.77 tok/s  n= 400  
  [reason] reason_probability       76.78 tok/s  n= 400  
  [reason] reason_invariant         67.39 tok/s  n= 400  
  [chat  ] chat_travel              62.87 tok/s  n= 400  
  [chat  ] chat_disagree            61.56 tok/s  n= 400  
  [zh    ] zh_moving                51.24 tok/s  n= 400  
  [zh    ] zh_review                56.12 tok/s  n= 400  
[gpustate] restored stock clocks
=== round 3  roll 4.0 s  -> results/phase_e4_roll40_r3.json  2026-08-31T00:54:49+08:00 ===
device: [0] NVIDIA GeForce RTX 3090  24 GB  sm_86  420 W default (100-450)  mem 9751 MHz

=== pass01_baseline@pw420 ===
  gpu condition 'pw420': mem_off=0 core_off=0 pl=420.0W mem_clk=9751.0MHz
  settled: 65.0C -> 60.0C in 25.2s (clock 210.0 MHz)
  ready in 31.1s
  [code  ] code_py_ratelimiter      40.99 tok/s  n= 400  
  [code  ] code_rust_mergesort      41.02 tok/s  n= 400  
  [code  ] code_nginx_cfg           40.99 tok/s  n= 400  
  [prose ] prose_rainbow            40.94 tok/s  n= 400  
  [prose ] prose_bookshelves        40.75 tok/s  n= 400  
  [prose ] prose_letter             40.86 tok/s  n= 400  
  [reason] reason_trains            41.45 tok/s  n= 400  
  [reason] reason_zebra             41.24 tok/s  n= 400  
  [reason] reason_scheduling        41.35 tok/s  n= 400  
  [chat  ] chat_desk_robot          41.04 tok/s  n= 400  
  [chat  ] chat_music               40.99 tok/s  n= 400  
  [chat  ] chat_advice              40.94 tok/s  n= 400  
  [zh    ] zh_self_intro            40.70 tok/s  n= 400  
  [zh    ] zh_tea                   40.60 tok/s  n= 400  
  [zh    ] zh_debug                 41.00 tok/s  n= 400  
  [code  ] code_go_worker           41.18 tok/s  n= 400  
  [code  ] code_sql_report          41.31 tok/s  n= 400  
  [prose ] prose_market             41.01 tok/s  n= 400  
  [prose ] prose_argument           41.02 tok/s  n= 400  
  [reason] reason_probability       41.45 tok/s  n= 400  
  [reason] reason_invariant         41.36 tok/s  n= 400  
  [chat  ] chat_travel              41.30 tok/s  n= 400  
  [chat  ] chat_disagree            41.19 tok/s  n= 400  
  [zh    ] zh_moving                40.75 tok/s  n= 400  
  [zh    ] zh_review                41.03 tok/s  n= 400  

=== pass01_mtp-n2@pw420 ===
  gpu condition 'pw420': mem_off=0 core_off=0 pl=420.0W mem_clk=9751.0MHz
  settled: 67.0C -> 60.0C in 25.2s (clock 210.0 MHz)
  drafter: 0.27.650.825 I common_speculative_init_result: creating MTP draft context against the target model '/home/thc1006/dev/qw
  ready in 28.0s
  [code  ] code_py_ratelimiter      79.91 tok/s  n= 400  
  [code  ] code_rust_mergesort      78.98 tok/s  n= 400  
  [code  ] code_nginx_cfg           78.51 tok/s  n= 400  
  [prose ] prose_rainbow            65.98 tok/s  n= 400  
  [prose ] prose_bookshelves        60.40 tok/s  n= 400  
  [prose ] prose_letter             60.12 tok/s  n= 400  
  [reason] reason_trains            76.90 tok/s  n= 400  
  [reason] reason_zebra             67.73 tok/s  n= 400  
  [reason] reason_scheduling        71.55 tok/s  n= 400  
  [chat  ] chat_desk_robot          57.61 tok/s  n= 400  
  [chat  ] chat_music               62.49 tok/s  n= 400  
  [chat  ] chat_advice              58.11 tok/s  n= 400  
  [zh    ] zh_self_intro            56.73 tok/s  n= 400  
  [zh    ] zh_tea                   54.36 tok/s  n= 400  
  [zh    ] zh_debug                 63.15 tok/s  n= 400  
  [code  ] code_go_worker           78.32 tok/s  n= 400  
  [code  ] code_sql_report          79.33 tok/s  n= 400  
  [prose ] prose_market             57.14 tok/s  n= 400  
  [prose ] prose_argument           60.30 tok/s  n= 400  
  [reason] reason_probability       77.48 tok/s  n= 400  
  [reason] reason_invariant         67.90 tok/s  n= 400  
  [chat  ] chat_travel              63.38 tok/s  n= 400  
  [chat  ] chat_disagree            61.98 tok/s  n= 400  
  [zh    ] zh_moving                51.62 tok/s  n= 400  
  [zh    ] zh_review                56.54 tok/s  n= 400  
[gpustate] restored stock clocks
=== round 3  roll 0.0 s  -> results/phase_e4_roll00_r3.json  2026-08-31T01:12:06+08:00 ===
device: [0] NVIDIA GeForce RTX 3090  24 GB  sm_86  420 W default (100-450)  mem 9751 MHz

=== pass01_baseline@pw420 ===
  gpu condition 'pw420': mem_off=0 core_off=0 pl=420.0W mem_clk=9751.0MHz
  settled: 62.0C -> 60.0C in 10.1s (clock 210.0 MHz)
  ready in 30.6s
  [code  ] code_py_ratelimiter      41.07 tok/s  n= 400  
  [code  ] code_rust_mergesort      40.94 tok/s  n= 400  
  [code  ] code_nginx_cfg           40.94 tok/s  n= 400  
  [prose ] prose_rainbow            40.85 tok/s  n= 400  
  [prose ] prose_bookshelves        40.58 tok/s  n= 400  
  [prose ] prose_letter             40.82 tok/s  n= 400  
  [reason] reason_trains            41.34 tok/s  n= 400  
  [reason] reason_zebra             41.16 tok/s  n= 400  
  [reason] reason_scheduling        41.18 tok/s  n= 400  
  [chat  ] chat_desk_robot          40.90 tok/s  n= 400  
  [chat  ] chat_music               40.96 tok/s  n= 400  
  [chat  ] chat_advice              40.86 tok/s  n= 400  
  [zh    ] zh_self_intro            40.56 tok/s  n= 400  
  [zh    ] zh_tea                   40.67 tok/s  n= 400  
  [zh    ] zh_debug                 41.00 tok/s  n= 400  
  [code  ] code_go_worker           41.16 tok/s  n= 400  
  [code  ] code_sql_report          41.27 tok/s  n= 400  
  [prose ] prose_market             41.07 tok/s  n= 400  
  [prose ] prose_argument           40.99 tok/s  n= 400  
  [reason] reason_probability       41.42 tok/s  n= 400  
  [reason] reason_invariant         41.37 tok/s  n= 400  
  [chat  ] chat_travel              41.19 tok/s  n= 400  
  [chat  ] chat_disagree            41.29 tok/s  n= 400  
  [zh    ] zh_moving                40.83 tok/s  n= 400  
  [zh    ] zh_review                41.12 tok/s  n= 400  

=== pass01_mtp-n2@pw420 ===
  gpu condition 'pw420': mem_off=0 core_off=0 pl=420.0W mem_clk=9751.0MHz
  settled: 65.0C -> 60.0C in 20.1s (clock 210.0 MHz)
  drafter: 0.28.036.326 I common_speculative_init_result: creating MTP draft context against the target model '/home/thc1006/dev/qw
  ready in 28.5s
  [code  ] code_py_ratelimiter      79.71 tok/s  n= 400  
  [code  ] code_rust_mergesort      78.95 tok/s  n= 400  
  [code  ] code_nginx_cfg           78.59 tok/s  n= 400  
  [prose ] prose_rainbow            66.32 tok/s  n= 400  
  [prose ] prose_bookshelves        60.19 tok/s  n= 400  
  [prose ] prose_letter             59.73 tok/s  n= 400  
  [reason] reason_trains            76.37 tok/s  n= 400  
  [reason] reason_zebra             67.45 tok/s  n= 400  
  [reason] reason_scheduling        71.22 tok/s  n= 400  
  [chat  ] chat_desk_robot          57.40 tok/s  n= 400  
  [chat  ] chat_music               62.07 tok/s  n= 400  
  [chat  ] chat_advice              57.47 tok/s  n= 400  
  [zh    ] zh_self_intro            56.22 tok/s  n= 400  
  [zh    ] zh_tea                   53.78 tok/s  n= 400  
  [zh    ] zh_debug                 62.79 tok/s  n= 400  
  [code  ] code_go_worker           77.52 tok/s  n= 400  
  [code  ] code_sql_report          78.44 tok/s  n= 400  
  [prose ] prose_market             56.72 tok/s  n= 400  
  [prose ] prose_argument           59.63 tok/s  n= 400  
  [reason] reason_probability       77.02 tok/s  n= 400  
  [reason] reason_invariant         67.31 tok/s  n= 400  
  [chat  ] chat_travel              63.06 tok/s  n= 400  
  [chat  ] chat_disagree            61.59 tok/s  n= 400  
  [zh    ] zh_moving                51.24 tok/s  n= 400  
  [zh    ] zh_review                56.20 tok/s  n= 400  
[gpustate] restored stock clocks
=== round 3  roll 1.5 s  -> results/phase_e4_roll15_r3.json  2026-08-31T01:22:20+08:00 ===
device: [0] NVIDIA GeForce RTX 3090  24 GB  sm_86  420 W default (100-450)  mem 9751 MHz

=== pass01_baseline@pw420 ===
  gpu condition 'pw420': mem_off=0 core_off=0 pl=420.0W mem_clk=9751.0MHz
  settled: 64.0C -> 60.0C in 25.2s (clock 210.0 MHz)
  ready in 30.1s
  [code  ] code_py_ratelimiter      41.17 tok/s  n= 400  
  [code  ] code_rust_mergesort      41.06 tok/s  n= 400  
  [code  ] code_nginx_cfg           41.05 tok/s  n= 400  
  [prose ] prose_rainbow            41.05 tok/s  n= 400  
  [prose ] prose_bookshelves        40.67 tok/s  n= 400  
  [prose ] prose_letter             40.80 tok/s  n= 400  
  [reason] reason_trains            41.50 tok/s  n= 400  
  [reason] reason_zebra             41.31 tok/s  n= 400  
  [reason] reason_scheduling        41.24 tok/s  n= 400  
  [chat  ] chat_desk_robot          41.02 tok/s  n= 400  
  [chat  ] chat_music               41.05 tok/s  n= 400  
  [chat  ] chat_advice              40.92 tok/s  n= 400  
  [zh    ] zh_self_intro            40.54 tok/s  n= 400  
  [zh    ] zh_tea                   40.69 tok/s  n= 400  
  [zh    ] zh_debug                 41.08 tok/s  n= 400  
  [code  ] code_go_worker           41.20 tok/s  n= 400  
  [code  ] code_sql_report          41.30 tok/s  n= 400  
  [prose ] prose_market             40.92 tok/s  n= 400  
  [prose ] prose_argument           40.87 tok/s  n= 400  
  [reason] reason_probability       41.41 tok/s  n= 400  
  [reason] reason_invariant         41.37 tok/s  n= 400  
  [chat  ] chat_travel              41.27 tok/s  n= 400  
  [chat  ] chat_disagree            41.28 tok/s  n= 400  
  [zh    ] zh_moving                40.71 tok/s  n= 400  
  [zh    ] zh_review                41.08 tok/s  n= 400  

=== pass01_mtp-n2@pw420 ===
  gpu condition 'pw420': mem_off=0 core_off=0 pl=420.0W mem_clk=9751.0MHz
  settled: 69.0C -> 59.0C in 35.2s (clock 210.0 MHz)
  drafter: 0.29.482.023 I common_speculative_init_result: creating MTP draft context against the target model '/home/thc1006/dev/qw
  ready in 30.0s
  [code  ] code_py_ratelimiter      79.50 tok/s  n= 400  
  [code  ] code_rust_mergesort      79.28 tok/s  n= 400  
  [code  ] code_nginx_cfg           78.81 tok/s  n= 400  
  [prose ] prose_rainbow            66.32 tok/s  n= 400  
  [prose ] prose_bookshelves        60.33 tok/s  n= 400  
  [prose ] prose_letter             59.88 tok/s  n= 400  
  [reason] reason_trains            76.47 tok/s  n= 400  
  [reason] reason_zebra             67.41 tok/s  n= 400  
  [reason] reason_scheduling        70.99 tok/s  n= 400  
  [chat  ] chat_desk_robot          57.29 tok/s  n= 400  
  [chat  ] chat_music               62.06 tok/s  n= 400  
  [chat  ] chat_advice              57.80 tok/s  n= 400  
  [zh    ] zh_self_intro            56.45 tok/s  n= 400  
  [zh    ] zh_tea                   53.81 tok/s  n= 400  
  [zh    ] zh_debug                 62.86 tok/s  n= 400  
  [code  ] code_go_worker           77.76 tok/s  n= 400  
  [code  ] code_sql_report          78.62 tok/s  n= 400  
  [prose ] prose_market             56.87 tok/s  n= 400  
  [prose ] prose_argument           59.81 tok/s  n= 400  
  [reason] reason_probability       77.01 tok/s  n= 400  
  [reason] reason_invariant         67.53 tok/s  n= 400  
  [chat  ] chat_travel              63.07 tok/s  n= 400  
  [chat  ] chat_disagree            61.76 tok/s  n= 400  
  [zh    ] zh_moving                51.38 tok/s  n= 400  
  [zh    ] zh_review                56.13 tok/s  n= 400  
[gpustate] restored stock clocks
=== E4 done 2026-08-31T01:35:33+08:00, 0 failed invocation(s) ===
