device: [0] NVIDIA GeForce RTX 3090  24 GB  sm_86  420 W default (100-450)  mem 9751 MHz

=== pass01_baseline@pw420 ===
  gpu condition 'pw420': mem_off=0 core_off=0 pl=420.0W mem_clk=9751.0MHz
  settled: 41.0C -> 41.0C in 0.0s (clock 210.0 MHz)
  ready in 28.5s
  [code  ] code_py_ratelimiter      41.40 tok/s  n= 400  
  [code  ] code_rust_mergesort      41.23 tok/s  n= 400  
  [code  ] code_nginx_cfg           41.20 tok/s  n= 400  
  [prose ] prose_rainbow            41.13 tok/s  n= 400  
  [prose ] prose_bookshelves        40.87 tok/s  n= 400  
  [prose ] prose_letter             40.90 tok/s  n= 400  
  [reason] reason_trains            41.46 tok/s  n= 400  
  [reason] reason_zebra             41.35 tok/s  n= 400  
  [reason] reason_scheduling        41.37 tok/s  n= 400  
  [chat  ] chat_desk_robot          41.00 tok/s  n= 400  
  [chat  ] chat_music               40.96 tok/s  n= 400  
  [chat  ] chat_advice              41.01 tok/s  n= 400  
  [zh    ] zh_self_intro            40.69 tok/s  n= 400  
  [zh    ] zh_tea                   40.72 tok/s  n= 400  
  [zh    ] zh_debug                 41.00 tok/s  n= 400  
  [code  ] code_go_worker           41.14 tok/s  n= 400  
  [code  ] code_sql_report          41.18 tok/s  n= 400  
  [prose ] prose_market             40.90 tok/s  n= 400  
  [prose ] prose_argument           41.02 tok/s  n= 400  
  [reason] reason_probability       41.40 tok/s  n= 400  
  [reason] reason_invariant         41.40 tok/s  n= 400  
  [chat  ] chat_travel              41.22 tok/s  n= 400  
  [chat  ] chat_disagree            41.29 tok/s  n= 400  
  [zh    ] zh_moving                40.91 tok/s  n= 400  
  [zh    ] zh_review                41.15 tok/s  n= 400  

=== pass01_mtp-n2@pw420 ===
  gpu condition 'pw420': mem_off=0 core_off=0 pl=420.0W mem_clk=9751.0MHz
  settled: 63.0C -> 60.0C in 5.1s (clock 210.0 MHz)
  drafter: 0.29.197.241 I common_speculative_init_result: creating MTP draft context against the target model '/home/thc1006/dev/qw
  ready in 30.0s
  [code  ] code_py_ratelimiter      79.66 tok/s  n= 400  
  [code  ] code_rust_mergesort      78.68 tok/s  n= 400  
  [code  ] code_nginx_cfg           78.30 tok/s  n= 400  
  [prose ] prose_rainbow            66.04 tok/s  n= 400  
  [prose ] prose_bookshelves        60.22 tok/s  n= 400  
  [prose ] prose_letter             59.74 tok/s  n= 400  
  [reason] reason_trains            76.30 tok/s  n= 400  
  [reason] reason_zebra             67.16 tok/s  n= 400  
  [reason] reason_scheduling        70.96 tok/s  n= 400  
  [chat  ] chat_desk_robot          57.16 tok/s  n= 400  
  [chat  ] chat_music               62.05 tok/s  n= 400  
  [chat  ] chat_advice              57.59 tok/s  n= 400  
  [zh    ] zh_self_intro            56.39 tok/s  n= 400  
  [zh    ] zh_tea                   53.80 tok/s  n= 400  
  [zh    ] zh_debug                 62.90 tok/s  n= 400  
  [code  ] code_go_worker           77.40 tok/s  n= 400  
  [code  ] code_sql_report          78.24 tok/s  n= 400  
  [prose ] prose_market             56.77 tok/s  n= 400  
  [prose ] prose_argument           59.55 tok/s  n= 400  
  [reason] reason_probability       76.70 tok/s  n= 400  
  [reason] reason_invariant         67.30 tok/s  n= 400  
  [chat  ] chat_travel              62.67 tok/s  n= 400  
  [chat  ] chat_disagree            61.34 tok/s  n= 400  
  [zh    ] zh_moving                51.07 tok/s  n= 400  
  [zh    ] zh_review                56.01 tok/s  n= 400  

=== pass01_baseline@pw250 ===
  gpu condition 'pw250': mem_off=0 core_off=0 pl=250.0W mem_clk=9751.0MHz
  settled: 70.0C -> 60.0C in 35.2s (clock 210.0 MHz)
  ready in 30.0s
  [code  ] code_py_ratelimiter      30.70 tok/s  n= 400  
  [code  ] code_rust_mergesort      30.53 tok/s  n= 400  
  [code  ] code_nginx_cfg           30.39 tok/s  n= 400  
  [prose ] prose_rainbow            30.27 tok/s  n= 400  
  [prose ] prose_bookshelves        30.25 tok/s  n= 400  
  [prose ] prose_letter             30.12 tok/s  n= 400  
  [reason] reason_trains            30.10 tok/s  n= 400  
  [reason] reason_zebra             30.06 tok/s  n= 400  
  [reason] reason_scheduling        30.03 tok/s  n= 400  
  [chat  ] chat_desk_robot          29.93 tok/s  n= 400  
  [chat  ] chat_music               29.91 tok/s  n= 400  
  [chat  ] chat_advice              29.93 tok/s  n= 400  
  [zh    ] zh_self_intro            29.83 tok/s  n= 400  
  [zh    ] zh_tea                   29.80 tok/s  n= 400  
  [zh    ] zh_debug                 29.84 tok/s  n= 400  
  [code  ] code_go_worker           29.90 tok/s  n= 400  
  [code  ] code_sql_report          29.86 tok/s  n= 400  
  [prose ] prose_market             29.87 tok/s  n= 400  
  [prose ] prose_argument           29.84 tok/s  n= 400  
  [reason] reason_probability       29.80 tok/s  n= 400  
  [reason] reason_invariant         29.84 tok/s  n= 400  
  [chat  ] chat_travel              29.91 tok/s  n= 400  
  [chat  ] chat_disagree            29.90 tok/s  n= 400  
  [zh    ] zh_moving                29.86 tok/s  n= 400  
  [zh    ] zh_review                29.88 tok/s  n= 400  

=== pass01_mtp-n2@pw250 ===
  gpu condition 'pw250': mem_off=0 core_off=0 pl=250.0W mem_clk=9751.0MHz
  settled: 64.0C -> 60.0C in 10.1s (clock 210.0 MHz)
  drafter: 0.30.784.470 I common_speculative_init_result: creating MTP draft context against the target model '/home/thc1006/dev/qw
  ready in 31.5s
  [code  ] code_py_ratelimiter      54.90 tok/s  n= 400  
  [code  ] code_rust_mergesort      54.26 tok/s  n= 400  
  [code  ] code_nginx_cfg           53.66 tok/s  n= 400  
  [prose ] prose_rainbow            45.31 tok/s  n= 400  
  [prose ] prose_bookshelves        41.09 tok/s  n= 400  
  [prose ] prose_letter             40.52 tok/s  n= 400  
  [reason] reason_trains            51.16 tok/s  n= 400  
  [reason] reason_zebra             44.96 tok/s  n= 400  
  [reason] reason_scheduling        47.94 tok/s  n= 400  
  [chat  ] chat_desk_robot          38.57 tok/s  n= 400  
  [chat  ] chat_music               41.93 tok/s  n= 400  
  [chat  ] chat_advice              39.06 tok/s  n= 400  
  [zh    ] zh_self_intro            38.40 tok/s  n= 400  
  [zh    ] zh_tea                   36.64 tok/s  n= 400  
  [zh    ] zh_debug                 42.53 tok/s  n= 400  
  [code  ] code_go_worker           52.22 tok/s  n= 400  
  [code  ] code_sql_report          52.79 tok/s  n= 400  
  [prose ] prose_market             38.35 tok/s  n= 400  
  [prose ] prose_argument           40.38 tok/s  n= 400  
  [reason] reason_probability       51.59 tok/s  n= 400  
  [reason] reason_invariant         45.01 tok/s  n= 400  
  [chat  ] chat_travel              42.10 tok/s  n= 400  
  [chat  ] chat_disagree            40.99 tok/s  n= 400  
  [zh    ] zh_moving                34.63 tok/s  n= 400  
  [zh    ] zh_review                37.79 tok/s  n= 400  

=== pass01_baseline@pw150 ===
  gpu condition 'pw150': mem_off=0 core_off=0 pl=150.0W mem_clk=9751.0MHz
  settled: 63.0C -> 60.0C in 5.1s (clock 210.0 MHz)
  ready in 31.0s
  [code  ] code_py_ratelimiter       8.88 tok/s  n= 400  
  [code  ] code_rust_mergesort       8.90 tok/s  n= 400  
  [code  ] code_nginx_cfg            8.91 tok/s  n= 400  
  [prose ] prose_rainbow             8.93 tok/s  n= 400  
  [prose ] prose_bookshelves         8.93 tok/s  n= 400  
  [prose ] prose_letter              8.93 tok/s  n= 400  
  [reason] reason_trains             8.93 tok/s  n= 400  
  [reason] reason_zebra              8.95 tok/s  n= 400  
  [reason] reason_scheduling         8.96 tok/s  n= 400  
  [chat  ] chat_desk_robot           8.97 tok/s  n= 400  
  [chat  ] chat_music                8.99 tok/s  n= 400  
  [chat  ] chat_advice               9.00 tok/s  n= 400  
  [zh    ] zh_self_intro             9.07 tok/s  n= 400  
  [zh    ] zh_tea                    9.01 tok/s  n= 400  
  [zh    ] zh_debug                  9.03 tok/s  n= 400  
  [code  ] code_go_worker            9.02 tok/s  n= 400  
  [code  ] code_sql_report           8.99 tok/s  n= 400  
  [prose ] prose_market              9.04 tok/s  n= 400  
  [prose ] prose_argument            9.05 tok/s  n= 400  
  [reason] reason_probability        9.05 tok/s  n= 400  
  [reason] reason_invariant          9.05 tok/s  n= 400  
  [chat  ] chat_travel               9.07 tok/s  n= 400  
  [chat  ] chat_disagree             9.09 tok/s  n= 400  
  [zh    ] zh_moving                 9.08 tok/s  n= 400  
  [zh    ] zh_review                 9.04 tok/s  n= 400  

=== pass01_mtp-n2@pw150 ===
  gpu condition 'pw150': mem_off=0 core_off=0 pl=150.0W mem_clk=9751.0MHz
  settled: 53.0C -> 53.0C in 0.0s (clock 240.0 MHz)
  drafter: 0.30.585.897 I common_speculative_init_result: creating MTP draft context against the target model '/home/thc1006/dev/qw
  ready in 31.0s
  [code  ] code_py_ratelimiter      16.50 tok/s  n= 400  
  [code  ] code_rust_mergesort      16.31 tok/s  n= 400  
  [code  ] code_nginx_cfg           16.15 tok/s  n= 400  
  [prose ] prose_rainbow            13.55 tok/s  n= 400  
  [prose ] prose_bookshelves        12.33 tok/s  n= 400  
  [prose ] prose_letter             12.17 tok/s  n= 400  
  [reason] reason_trains            15.33 tok/s  n= 400  
  [reason] reason_zebra             13.47 tok/s  n= 400  
  [reason] reason_scheduling        14.36 tok/s  n= 400  
  [chat  ] chat_desk_robot          11.60 tok/s  n= 400  
  [chat  ] chat_music               12.63 tok/s  n= 400  
  [chat  ] chat_advice              11.73 tok/s  n= 400  
  [zh    ] zh_self_intro            11.53 tok/s  n= 400  
  [zh    ] zh_tea                   10.97 tok/s  n= 400  
  [zh    ] zh_debug                 12.74 tok/s  n= 400  
  [code  ] code_go_worker           15.61 tok/s  n= 400  
  [code  ] code_sql_report          15.83 tok/s  n= 400  
  [prose ] prose_market             11.55 tok/s  n= 400  
  [prose ] prose_argument           12.15 tok/s  n= 400  
  [reason] reason_probability       15.47 tok/s  n= 400  
  [reason] reason_invariant         13.52 tok/s  n= 400  
  [chat  ] chat_travel              12.62 tok/s  n= 400  
  [chat  ] chat_disagree            12.28 tok/s  n= 400  
  [zh    ] zh_moving                10.45 tok/s  n= 400  
  [zh    ] zh_review                11.35 tok/s  n= 400  

=== pass02_mtp-n2@pw420 ===
  gpu condition 'pw420': mem_off=0 core_off=0 pl=420.0W mem_clk=9751.0MHz
  settled: 54.0C -> 54.0C in 0.0s (clock 285.0 MHz)
  drafter: 0.31.555.062 I common_speculative_init_result: creating MTP draft context against the target model '/home/thc1006/dev/qw
  ready in 32.0s
  [code  ] code_py_ratelimiter      81.01 tok/s  n= 400  
  [code  ] code_rust_mergesort      79.87 tok/s  n= 400  
  [code  ] code_nginx_cfg           79.11 tok/s  n= 400  
  [prose ] prose_rainbow            66.73 tok/s  n= 400  
  [prose ] prose_bookshelves        60.53 tok/s  n= 400  
  [prose ] prose_letter             60.18 tok/s  n= 400  
  [reason] reason_trains            76.98 tok/s  n= 400  
  [reason] reason_zebra             67.90 tok/s  n= 400  
  [reason] reason_scheduling        71.47 tok/s  n= 400  
  [chat  ] chat_desk_robot          57.64 tok/s  n= 400  
  [chat  ] chat_music               62.24 tok/s  n= 400  
  [chat  ] chat_advice              57.78 tok/s  n= 400  
  [zh    ] zh_self_intro            56.44 tok/s  n= 400  
  [zh    ] zh_tea                   53.89 tok/s  n= 400  
  [zh    ] zh_debug                 63.10 tok/s  n= 400  
  [code  ] code_go_worker           77.76 tok/s  n= 400  
  [code  ] code_sql_report          78.58 tok/s  n= 400  
  [prose ] prose_market             56.86 tok/s  n= 400  
  [prose ] prose_argument           59.73 tok/s  n= 400  
  [reason] reason_probability       76.92 tok/s  n= 400  
  [reason] reason_invariant         67.34 tok/s  n= 400  
  [chat  ] chat_travel              62.91 tok/s  n= 400  
  [chat  ] chat_disagree            61.31 tok/s  n= 400  
  [zh    ] zh_moving                51.16 tok/s  n= 400  
  [zh    ] zh_review                56.02 tok/s  n= 400  

=== pass02_baseline@pw250 ===
  gpu condition 'pw250': mem_off=0 core_off=0 pl=250.0W mem_clk=9751.0MHz
  settled: 70.0C -> 60.0C in 35.2s (clock 210.0 MHz)
  ready in 30.0s
  [code  ] code_py_ratelimiter      30.76 tok/s  n= 400  
  [code  ] code_rust_mergesort      30.54 tok/s  n= 400  
  [code  ] code_nginx_cfg           30.53 tok/s  n= 400  
  [prose ] prose_rainbow            30.44 tok/s  n= 400  
  [prose ] prose_bookshelves        30.36 tok/s  n= 400  
  [prose ] prose_letter             30.29 tok/s  n= 400  
  [reason] reason_trains            30.17 tok/s  n= 400  
  [reason] reason_zebra             30.14 tok/s  n= 400  
  [reason] reason_scheduling        30.09 tok/s  n= 400  
  [chat  ] chat_desk_robot          30.03 tok/s  n= 400  
  [chat  ] chat_music               30.03 tok/s  n= 400  
  [chat  ] chat_advice              30.01 tok/s  n= 400  
  [zh    ] zh_self_intro            29.95 tok/s  n= 400  
  [zh    ] zh_tea                   29.90 tok/s  n= 400  
  [zh    ] zh_debug                 29.98 tok/s  n= 400  
  [code  ] code_go_worker           29.99 tok/s  n= 400  
  [code  ] code_sql_report          29.92 tok/s  n= 400  
  [prose ] prose_market             29.89 tok/s  n= 400  
  [prose ] prose_argument           29.95 tok/s  n= 400  
  [reason] reason_probability       29.87 tok/s  n= 400  
  [reason] reason_invariant         29.92 tok/s  n= 400  
  [chat  ] chat_travel              29.94 tok/s  n= 400  
  [chat  ] chat_disagree            30.00 tok/s  n= 400  
  [zh    ] zh_moving                29.97 tok/s  n= 400  
  [zh    ] zh_review                29.99 tok/s  n= 400  

=== pass02_mtp-n2@pw250 ===
  gpu condition 'pw250': mem_off=0 core_off=0 pl=250.0W mem_clk=9751.0MHz
  settled: 63.0C -> 60.0C in 10.1s (clock 210.0 MHz)
  drafter: 0.30.022.335 I common_speculative_init_result: creating MTP draft context against the target model '/home/thc1006/dev/qw
  ready in 30.5s
  [code  ] code_py_ratelimiter      54.98 tok/s  n= 400  
  [code  ] code_rust_mergesort      54.44 tok/s  n= 400  
  [code  ] code_nginx_cfg           53.99 tok/s  n= 400  
  [prose ] prose_rainbow            45.53 tok/s  n= 400  
  [prose ] prose_bookshelves        41.35 tok/s  n= 400  
  [prose ] prose_letter             40.69 tok/s  n= 400  
  [reason] reason_trains            51.34 tok/s  n= 400  
  [reason] reason_zebra             45.18 tok/s  n= 400  
  [reason] reason_scheduling        48.11 tok/s  n= 400  
  [chat  ] chat_desk_robot          38.74 tok/s  n= 400  
  [chat  ] chat_music               41.98 tok/s  n= 400  
  [chat  ] chat_advice              39.15 tok/s  n= 400  
  [zh    ] zh_self_intro            38.46 tok/s  n= 400  
  [zh    ] zh_tea                   36.67 tok/s  n= 400  
  [zh    ] zh_debug                 42.61 tok/s  n= 400  
  [code  ] code_go_worker           52.21 tok/s  n= 400  
  [code  ] code_sql_report          52.84 tok/s  n= 400  
  [prose ] prose_market             38.35 tok/s  n= 400  
  [prose ] prose_argument           40.35 tok/s  n= 400  
  [reason] reason_probability       51.41 tok/s  n= 400  
  [reason] reason_invariant         44.97 tok/s  n= 400  
  [chat  ] chat_travel              42.06 tok/s  n= 400  
  [chat  ] chat_disagree            41.06 tok/s  n= 400  
  [zh    ] zh_moving                34.62 tok/s  n= 400  
  [zh    ] zh_review                37.70 tok/s  n= 400  

=== pass02_baseline@pw150 ===
  gpu condition 'pw150': mem_off=0 core_off=0 pl=150.0W mem_clk=9751.0MHz
  settled: 64.0C -> 60.0C in 10.1s (clock 210.0 MHz)
  ready in 30.5s
  [code  ] code_py_ratelimiter       8.92 tok/s  n= 400  
  [code  ] code_rust_mergesort       8.92 tok/s  n= 400  
  [code  ] code_nginx_cfg            8.96 tok/s  n= 400  
  [prose ] prose_rainbow             8.98 tok/s  n= 400  
  [prose ] prose_bookshelves         9.03 tok/s  n= 400  
  [prose ] prose_letter              9.02 tok/s  n= 400  
  [reason] reason_trains             9.04 tok/s  n= 400  
  [reason] reason_zebra              9.01 tok/s  n= 400  
  [reason] reason_scheduling         9.07 tok/s  n= 400  
  [chat  ] chat_desk_robot           9.07 tok/s  n= 400  
  [chat  ] chat_music                9.05 tok/s  n= 400  
  [chat  ] chat_advice               9.11 tok/s  n= 400  
  [zh    ] zh_self_intro             9.12 tok/s  n= 400  
  [zh    ] zh_tea                    9.12 tok/s  n= 400  
  [zh    ] zh_debug                  9.17 tok/s  n= 400  
  [code  ] code_go_worker            9.14 tok/s  n= 400  
  [code  ] code_sql_report           9.18 tok/s  n= 400  
  [prose ] prose_market              9.20 tok/s  n= 400  
  [prose ] prose_argument            9.22 tok/s  n= 400  
  [reason] reason_probability        9.13 tok/s  n= 400  
  [reason] reason_invariant          9.11 tok/s  n= 400  
  [chat  ] chat_travel               9.08 tok/s  n= 400  
  [chat  ] chat_disagree             9.11 tok/s  n= 400  
  [zh    ] zh_moving                 9.12 tok/s  n= 400  
  [zh    ] zh_review                 9.14 tok/s  n= 400  

=== pass02_mtp-n2@pw150 ===
  gpu condition 'pw150': mem_off=0 core_off=0 pl=150.0W mem_clk=9751.0MHz
  settled: 54.0C -> 54.0C in 0.0s (clock 645.0 MHz)
  drafter: 0.29.551.542 I common_speculative_init_result: creating MTP draft context against the target model '/home/thc1006/dev/qw
  ready in 30.0s
  [code  ] code_py_ratelimiter      16.53 tok/s  n= 400  
  [code  ] code_rust_mergesort      16.37 tok/s  n= 400  
  [code  ] code_nginx_cfg           16.23 tok/s  n= 400  
  [prose ] prose_rainbow            13.75 tok/s  n= 400  
  [prose ] prose_bookshelves        12.54 tok/s  n= 400  
  [prose ] prose_letter             12.34 tok/s  n= 400  
  [reason] reason_trains            15.56 tok/s  n= 400  
  [reason] reason_zebra             13.72 tok/s  n= 400  
  [reason] reason_scheduling        14.62 tok/s  n= 400  
  [chat  ] chat_desk_robot          11.80 tok/s  n= 400  
  [chat  ] chat_music               12.85 tok/s  n= 400  
  [chat  ] chat_advice              11.94 tok/s  n= 400  
  [zh    ] zh_self_intro            11.73 tok/s  n= 400  
  [zh    ] zh_tea                   11.12 tok/s  n= 400  
  [zh    ] zh_debug                 13.00 tok/s  n= 400  
  [code  ] code_go_worker           15.97 tok/s  n= 400  
  [code  ] code_sql_report          16.13 tok/s  n= 400  
  [prose ] prose_market             11.73 tok/s  n= 400  
  [prose ] prose_argument           12.28 tok/s  n= 400  
  [reason] reason_probability       15.98 tok/s  n= 400  
  [reason] reason_invariant         14.05 tok/s  n= 400  
  [chat  ] chat_travel              13.08 tok/s  n= 400  
  [chat  ] chat_disagree            12.74 tok/s  n= 400  
  [zh    ] zh_moving                10.78 tok/s  n= 400  
  [zh    ] zh_review                11.78 tok/s  n= 400  

=== pass02_baseline@pw420 ===
  gpu condition 'pw420': mem_off=0 core_off=0 pl=420.0W mem_clk=9751.0MHz
  settled: 54.0C -> 54.0C in 0.0s (clock 285.0 MHz)
  ready in 30.0s
  [code  ] code_py_ratelimiter      41.09 tok/s  n= 400  
  [code  ] code_rust_mergesort      41.12 tok/s  n= 400  
  [code  ] code_nginx_cfg           41.08 tok/s  n= 400  
  [prose ] prose_rainbow            40.99 tok/s  n= 400  
  [prose ] prose_bookshelves        40.73 tok/s  n= 400  
  [prose ] prose_letter             40.84 tok/s  n= 400  
  [reason] reason_trains            41.41 tok/s  n= 400  
  [reason] reason_zebra             41.27 tok/s  n= 400  
  [reason] reason_scheduling        41.24 tok/s  n= 400  
  [chat  ] chat_desk_robot          41.03 tok/s  n= 400  
  [chat  ] chat_music               40.86 tok/s  n= 400  
  [chat  ] chat_advice              40.97 tok/s  n= 400  
  [zh    ] zh_self_intro            40.57 tok/s  n= 400  
  [zh    ] zh_tea                   40.58 tok/s  n= 400  
  [zh    ] zh_debug                 40.83 tok/s  n= 400  
  [code  ] code_go_worker           41.09 tok/s  n= 400  
  [code  ] code_sql_report          41.21 tok/s  n= 400  
  [prose ] prose_market             40.98 tok/s  n= 400  
  [prose ] prose_argument           41.03 tok/s  n= 400  
  [reason] reason_probability       41.40 tok/s  n= 400  
  [reason] reason_invariant         41.39 tok/s  n= 400  
  [chat  ] chat_travel              41.20 tok/s  n= 400  
  [chat  ] chat_disagree            41.28 tok/s  n= 400  
  [zh    ] zh_moving                40.98 tok/s  n= 400  
  [zh    ] zh_review                41.12 tok/s  n= 400  

=== pass03_baseline@pw250 ===
  gpu condition 'pw250': mem_off=0 core_off=0 pl=250.0W mem_clk=9751.0MHz
  settled: 65.0C -> 60.0C in 15.1s (clock 210.0 MHz)
  ready in 32.1s
  [code  ] code_py_ratelimiter      30.74 tok/s  n= 400  
  [code  ] code_rust_mergesort      30.56 tok/s  n= 400  
  [code  ] code_nginx_cfg           30.41 tok/s  n= 400  
  [prose ] prose_rainbow            30.31 tok/s  n= 400  
  [prose ] prose_bookshelves        30.35 tok/s  n= 400  
  [prose ] prose_letter             30.33 tok/s  n= 400  
  [reason] reason_trains            30.24 tok/s  n= 400  
  [reason] reason_zebra             30.19 tok/s  n= 400  
  [reason] reason_scheduling        30.13 tok/s  n= 400  
  [chat  ] chat_desk_robot          30.19 tok/s  n= 400  
  [chat  ] chat_music               30.23 tok/s  n= 400  
  [chat  ] chat_advice              30.21 tok/s  n= 400  
  [zh    ] zh_self_intro            30.20 tok/s  n= 400  
  [zh    ] zh_tea                   30.18 tok/s  n= 400  
  [zh    ] zh_debug                 30.15 tok/s  n= 400  
  [code  ] code_go_worker           30.16 tok/s  n= 400  
  [code  ] code_sql_report          30.18 tok/s  n= 400  
  [prose ] prose_market             30.12 tok/s  n= 400  
  [prose ] prose_argument           30.04 tok/s  n= 400  
  [reason] reason_probability       30.02 tok/s  n= 400  
  [reason] reason_invariant         30.11 tok/s  n= 400  
  [chat  ] chat_travel              30.07 tok/s  n= 400  
  [chat  ] chat_disagree            30.01 tok/s  n= 400  
  [zh    ] zh_moving                30.11 tok/s  n= 400  
  [zh    ] zh_review                30.07 tok/s  n= 400  

=== pass03_mtp-n2@pw250 ===
  gpu condition 'pw250': mem_off=0 core_off=0 pl=250.0W mem_clk=9751.0MHz
  settled: 63.0C -> 59.0C in 10.1s (clock 210.0 MHz)
  drafter: 0.30.671.210 I common_speculative_init_result: creating MTP draft context against the target model '/home/thc1006/dev/qw
  ready in 31.0s
  [code  ] code_py_ratelimiter      54.85 tok/s  n= 400  
  [code  ] code_rust_mergesort      54.44 tok/s  n= 400  
  [code  ] code_nginx_cfg           54.04 tok/s  n= 400  
  [prose ] prose_rainbow            45.53 tok/s  n= 400  
  [prose ] prose_bookshelves        41.33 tok/s  n= 400  
  [prose ] prose_letter             40.72 tok/s  n= 400  
  [reason] reason_trains            51.37 tok/s  n= 400  
  [reason] reason_zebra             45.20 tok/s  n= 400  
  [reason] reason_scheduling        48.06 tok/s  n= 400  
  [chat  ] chat_desk_robot          38.67 tok/s  n= 400  
  [chat  ] chat_music               41.95 tok/s  n= 400  
  [chat  ] chat_advice              38.94 tok/s  n= 400  
  [zh    ] zh_self_intro            38.33 tok/s  n= 400  
  [zh    ] zh_tea                   36.49 tok/s  n= 400  
  [zh    ] zh_debug                 42.39 tok/s  n= 400  
  [code  ] code_go_worker           52.03 tok/s  n= 400  
  [code  ] code_sql_report          52.60 tok/s  n= 400  
  [prose ] prose_market             38.23 tok/s  n= 400  
  [prose ] prose_argument           40.22 tok/s  n= 400  
  [reason] reason_probability       51.26 tok/s  n= 400  
  [reason] reason_invariant         44.73 tok/s  n= 400  
  [chat  ] chat_travel              41.89 tok/s  n= 400  
  [chat  ] chat_disagree            40.92 tok/s  n= 400  
  [zh    ] zh_moving                34.47 tok/s  n= 400  
  [zh    ] zh_review                37.54 tok/s  n= 400  

=== pass03_baseline@pw150 ===
  gpu condition 'pw150': mem_off=0 core_off=0 pl=150.0W mem_clk=9751.0MHz
  settled: 64.0C -> 60.0C in 10.1s (clock 210.0 MHz)
  ready in 30.5s
  [code  ] code_py_ratelimiter       8.90 tok/s  n= 400  
  [code  ] code_rust_mergesort       8.90 tok/s  n= 400  
  [code  ] code_nginx_cfg            8.91 tok/s  n= 400  
  [prose ] prose_rainbow             8.94 tok/s  n= 400  
  [prose ] prose_bookshelves         8.95 tok/s  n= 400  
  [prose ] prose_letter              8.96 tok/s  n= 400  
  [reason] reason_trains             8.95 tok/s  n= 400  
  [reason] reason_zebra              8.94 tok/s  n= 400  
  [reason] reason_scheduling         8.94 tok/s  n= 400  
  [chat  ] chat_desk_robot           8.98 tok/s  n= 400  
  [chat  ] chat_music                8.97 tok/s  n= 400  
  [chat  ] chat_advice               8.98 tok/s  n= 400  
  [zh    ] zh_self_intro             9.00 tok/s  n= 400  
  [zh    ] zh_tea                    8.97 tok/s  n= 400  
  [zh    ] zh_debug                  8.98 tok/s  n= 400  
  [code  ] code_go_worker            8.95 tok/s  n= 400  
  [code  ] code_sql_report           8.95 tok/s  n= 400  
  [prose ] prose_market              8.99 tok/s  n= 400  
  [prose ] prose_argument            8.99 tok/s  n= 400  
  [reason] reason_probability        8.97 tok/s  n= 400  
  [reason] reason_invariant          9.00 tok/s  n= 400  
  [chat  ] chat_travel               9.05 tok/s  n= 400  
  [chat  ] chat_disagree             9.02 tok/s  n= 400  
  [zh    ] zh_moving                 9.03 tok/s  n= 400  
  [zh    ] zh_review                 9.05 tok/s  n= 400  

=== pass03_mtp-n2@pw150 ===
  gpu condition 'pw150': mem_off=0 core_off=0 pl=150.0W mem_clk=9751.0MHz
  settled: 54.0C -> 54.0C in 0.0s (clock 690.0 MHz)
  drafter: 0.30.644.577 I common_speculative_init_result: creating MTP draft context against the target model '/home/thc1006/dev/qw
  ready in 31.5s
  [code  ] code_py_ratelimiter      16.31 tok/s  n= 400  
  [code  ] code_rust_mergesort      16.20 tok/s  n= 400  
  [code  ] code_nginx_cfg           16.15 tok/s  n= 400  
  [prose ] prose_rainbow            13.71 tok/s  n= 400  
  [prose ] prose_bookshelves        12.42 tok/s  n= 400  
  [prose ] prose_letter             12.21 tok/s  n= 400  
  [reason] reason_trains            15.39 tok/s  n= 400  
  [reason] reason_zebra             13.53 tok/s  n= 400  
  [reason] reason_scheduling        14.33 tok/s  n= 400  
  [chat  ] chat_desk_robot          11.54 tok/s  n= 400  
  [chat  ] chat_music               12.57 tok/s  n= 400  
  [chat  ] chat_advice              11.65 tok/s  n= 400  
  [zh    ] zh_self_intro            11.52 tok/s  n= 400  
  [zh    ] zh_tea                   10.94 tok/s  n= 400  
  [zh    ] zh_debug                 12.77 tok/s  n= 400  
  [code  ] code_go_worker           15.51 tok/s  n= 400  
  [code  ] code_sql_report          15.69 tok/s  n= 400  
  [prose ] prose_market             11.53 tok/s  n= 400  
  [prose ] prose_argument           12.17 tok/s  n= 400  
  [reason] reason_probability       15.40 tok/s  n= 400  
  [reason] reason_invariant         13.53 tok/s  n= 400  
  [chat  ] chat_travel              12.72 tok/s  n= 400  
  [chat  ] chat_disagree            12.37 tok/s  n= 400  
  [zh    ] zh_moving                10.43 tok/s  n= 400  
  [zh    ] zh_review                11.32 tok/s  n= 400  

=== pass03_baseline@pw420 ===
  gpu condition 'pw420': mem_off=0 core_off=0 pl=420.0W mem_clk=9751.0MHz
  settled: 54.0C -> 54.0C in 0.0s (clock 285.0 MHz)
  ready in 30.5s
  [code  ] code_py_ratelimiter      41.16 tok/s  n= 400  
  [code  ] code_rust_mergesort      41.12 tok/s  n= 400  
  [code  ] code_nginx_cfg           41.06 tok/s  n= 400  
  [prose ] prose_rainbow            41.02 tok/s  n= 400  
  [prose ] prose_bookshelves        40.63 tok/s  n= 400  
  [prose ] prose_letter             40.90 tok/s  n= 400  
  [reason] reason_trains            41.47 tok/s  n= 400  
  [reason] reason_zebra             41.22 tok/s  n= 400  
  [reason] reason_scheduling        41.30 tok/s  n= 400  
  [chat  ] chat_desk_robot          41.02 tok/s  n= 400  
  [chat  ] chat_music               40.78 tok/s  n= 400  
  [chat  ] chat_advice              40.83 tok/s  n= 400  
  [zh    ] zh_self_intro            40.56 tok/s  n= 400  
  [zh    ] zh_tea                   40.74 tok/s  n= 400  
  [zh    ] zh_debug                 40.99 tok/s  n= 400  
  [code  ] code_go_worker           41.16 tok/s  n= 400  
  [code  ] code_sql_report          41.28 tok/s  n= 400  
  [prose ] prose_market             40.92 tok/s  n= 400  
  [prose ] prose_argument           41.01 tok/s  n= 400  
  [reason] reason_probability       41.40 tok/s  n= 400  
  [reason] reason_invariant         41.34 tok/s  n= 400  
  [chat  ] chat_travel              41.19 tok/s  n= 400  
  [chat  ] chat_disagree            41.35 tok/s  n= 400  
  [zh    ] zh_moving                40.92 tok/s  n= 400  
  [zh    ] zh_review                41.17 tok/s  n= 400  

=== pass03_mtp-n2@pw420 ===
  gpu condition 'pw420': mem_off=0 core_off=0 pl=420.0W mem_clk=9751.0MHz
  settled: 65.0C -> 60.0C in 15.1s (clock 210.0 MHz)
  drafter: 0.30.528.961 I common_speculative_init_result: creating MTP draft context against the target model '/home/thc1006/dev/qw
  ready in 31.0s
  [code  ] code_py_ratelimiter      79.52 tok/s  n= 400  
  [code  ] code_rust_mergesort      78.91 tok/s  n= 400  
  [code  ] code_nginx_cfg           78.30 tok/s  n= 400  
  [prose ] prose_rainbow            66.25 tok/s  n= 400  
  [prose ] prose_bookshelves        60.13 tok/s  n= 400  
  [prose ] prose_letter             59.43 tok/s  n= 400  
  [reason] reason_trains            76.36 tok/s  n= 400  
  [reason] reason_zebra             67.17 tok/s  n= 400  
  [reason] reason_scheduling        70.92 tok/s  n= 400  
  [chat  ] chat_desk_robot          57.22 tok/s  n= 400  
  [chat  ] chat_music               61.83 tok/s  n= 400  
  [chat  ] chat_advice              57.47 tok/s  n= 400  
  [zh    ] zh_self_intro            56.23 tok/s  n= 400  
  [zh    ] zh_tea                   53.77 tok/s  n= 400  
  [zh    ] zh_debug                 63.56 tok/s  n= 400  
  [code  ] code_go_worker           77.54 tok/s  n= 400  
  [code  ] code_sql_report          78.14 tok/s  n= 400  
  [prose ] prose_market             56.80 tok/s  n= 400  
  [prose ] prose_argument           59.68 tok/s  n= 400  
  [reason] reason_probability       76.75 tok/s  n= 400  
  [reason] reason_invariant         67.24 tok/s  n= 400  
  [chat  ] chat_travel              62.90 tok/s  n= 400  
  [chat  ] chat_disagree            61.36 tok/s  n= 400  
  [zh    ] zh_moving                51.35 tok/s  n= 400  
  [zh    ] zh_review                56.04 tok/s  n= 400  
[gpustate] restored stock clocks
