
=== pass01_baseline@master ===
  settled: 47.0C -> 47.0C in 0.0s (clock 210.0 MHz)
  ready in 2.3s
  [code  ] code_py_ratelimiter      41.88 tok/s  n= 400  
  [code  ] code_rust_mergesort      41.77 tok/s  n= 400  
  [code  ] code_nginx_cfg           41.76 tok/s  n= 400  
  [prose ] prose_rainbow            41.72 tok/s  n= 400  
  [prose ] prose_bookshelves        41.69 tok/s  n= 400  
  [prose ] prose_letter             41.62 tok/s  n= 400  
  [reason] reason_trains            41.58 tok/s  n= 400  
  [reason] reason_zebra             41.58 tok/s  n= 400  
  [reason] reason_scheduling        41.60 tok/s  n= 400  
  [chat  ] chat_desk_robot          41.58 tok/s  n= 400  
  [chat  ] chat_music               41.49 tok/s  n= 400  
  [chat  ] chat_advice              41.45 tok/s  n= 400  
  [zh    ] zh_self_intro            41.54 tok/s  n= 400  
  [zh    ] zh_tea                   41.55 tok/s  n= 400  
  [zh    ] zh_debug                 41.52 tok/s  n= 400  
  [code  ] code_go_worker           41.52 tok/s  n= 400  
  [code  ] code_sql_report          41.54 tok/s  n= 400  
  [prose ] prose_market             41.56 tok/s  n= 400  
  [prose ] prose_argument           41.56 tok/s  n= 400  
  [reason] reason_probability       41.60 tok/s  n= 400  
