device: [0] NVIDIA GeForce RTX 3090  24 GB  sm_86  420 W default (100-450)  mem 9751 MHz
[devices] idle floor 48 C on GPU 0 (stabilised after 15s, 4 samples, 49 -> 48 C, last 4 span 1 C)
thermal gate targets 56 C (measured floor 48 C + 8 C margin)

=== pass01_baseline@Q4_K_M ===
  settled: 48.0C -> 48.0C in 0.0s (clock 210.0 MHz)
  ready in 1.6s
  [code  ] code_py_ratelimiter     122.19 tok/s  n= 400  
  [code  ] code_rust_mergesort     121.90 tok/s  n= 400  
  [code  ] code_nginx_cfg          122.02 tok/s  n= 400  
  [prose ] prose_rainbow           122.01 tok/s  n= 400  
  [prose ] prose_bookshelves       121.59 tok/s  n= 400  
  [prose ] prose_letter            121.88 tok/s  n= 400  
  [reason] reason_trains           121.66 tok/s  n= 400  
  [reason] reason_zebra            121.91 tok/s  n= 400  
  [reason] reason_scheduling       121.76 tok/s  n= 400  
  [chat  ] chat_desk_robot         121.34 tok/s  n= 400  
  [chat  ] chat_music              121.16 tok/s  n= 400  
  [chat  ] chat_advice             121.09 tok/s  n= 400  
  [zh    ] zh_self_intro           121.02 tok/s  n= 400  
  [zh    ] zh_tea                  121.42 tok/s  n= 400  
  [zh    ] zh_debug                120.99 tok/s  n= 400  
  [code  ] code_go_worker          121.20 tok/s  n= 400  
  [code  ] code_sql_report         121.31 tok/s  n= 400  
  [prose ] prose_market            121.40 tok/s  n= 400  
  [prose ] prose_argument          121.38 tok/s  n= 400  
  [reason] reason_probability      121.28 tok/s  n= 400  
  [reason] reason_invariant        121.25 tok/s  n= 400  
  [chat  ] chat_travel             121.13 tok/s  n= 400  
  [chat  ] chat_disagree           121.15 tok/s  n= 400  
  [zh    ] zh_moving               121.15 tok/s  n= 400  
  [zh    ] zh_review               120.54 tok/s  n= 400  

=== pass01_mtp-n2@Q4_K_M ===
  settled: 73.0C -> 56.0C in 45.2s (clock 210.0 MHz)
  drafter: 0.01.062.406 I common_speculative_init_result: creating MTP draft context against the target model '/home/thc1006/dev/qw
  ready in 1.6s
  [code  ] code_py_ratelimiter     189.19 tok/s  n= 400  
  [code  ] code_rust_mergesort     187.02 tok/s  n= 400  
  [code  ] code_nginx_cfg          186.94 tok/s  n= 400  
  [prose ] prose_rainbow           150.39 tok/s  n= 400  
  [prose ] prose_bookshelves       150.22 tok/s  n= 400  
  [prose ] prose_letter            144.23 tok/s  n= 400  
  [reason] reason_trains           197.67 tok/s  n= 400  
  [reason] reason_zebra            184.91 tok/s  n= 400  
  [reason] reason_scheduling       189.59 tok/s  n= 400  
  [chat  ] chat_desk_robot         132.69 tok/s  n= 400  
  [chat  ] chat_music              151.52 tok/s  n= 400  
  [chat  ] chat_advice             156.38 tok/s  n= 400  
  [zh    ] zh_self_intro           127.40 tok/s  n= 400  
  [zh    ] zh_tea                  138.01 tok/s  n= 400  
  [zh    ] zh_debug                155.11 tok/s  n= 400  
  [code  ] code_go_worker          173.33 tok/s  n= 400  
  [code  ] code_sql_report         188.35 tok/s  n= 400  
  [prose ] prose_market            134.00 tok/s  n= 400  
  [prose ] prose_argument          152.41 tok/s  n= 400  
  [reason] reason_probability      198.48 tok/s  n= 400  
  [reason] reason_invariant        184.04 tok/s  n= 400  
  [chat  ] chat_travel             147.12 tok/s  n= 400  
  [chat  ] chat_disagree           149.50 tok/s  n= 400  
  [zh    ] zh_moving               133.16 tok/s  n= 400  
  [zh    ] zh_review               134.74 tok/s  n= 400  

=== pass01_mtp-n3@Q4_K_M ===
  settled: 80.0C -> 56.0C in 55.3s (clock 210.0 MHz)
  drafter: 0.01.048.449 I common_speculative_init_result: creating MTP draft context against the target model '/home/thc1006/dev/qw
  ready in 1.6s
  [code  ] code_py_ratelimiter     181.65 tok/s  n= 400  
  [code  ] code_rust_mergesort     161.98 tok/s  n= 400  
  [code  ] code_nginx_cfg          178.25 tok/s  n= 400  
  [prose ] prose_rainbow           140.96 tok/s  n= 400  
  [prose ] prose_bookshelves       122.59 tok/s  n= 400  
  [prose ] prose_letter            114.08 tok/s  n= 400  
  [reason] reason_trains           189.99 tok/s  n= 400  
  [reason] reason_zebra            170.90 tok/s  n= 400  
  [reason] reason_scheduling       175.27 tok/s  n= 400  
  [chat  ] chat_desk_robot         113.46 tok/s  n= 400  
  [chat  ] chat_music              134.20 tok/s  n= 400  
  [chat  ] chat_advice             124.60 tok/s  n= 400  
  [zh    ] zh_self_intro           104.22 tok/s  n= 355  SHORT(355)
  [zh    ] zh_tea                  113.27 tok/s  n= 400  
  [zh    ] zh_debug                130.01 tok/s  n= 400  
  [code  ] code_go_worker          153.97 tok/s  n= 400  
  [code  ] code_sql_report         168.13 tok/s  n= 400  
  [prose ] prose_market            121.07 tok/s  n= 400  
  [prose ] prose_argument          126.24 tok/s  n= 400  
  [reason] reason_probability      192.12 tok/s  n= 400  
  [reason] reason_invariant        170.65 tok/s  n= 400  
  [chat  ] chat_travel             126.87 tok/s  n= 400  
  [chat  ] chat_disagree           133.05 tok/s  n= 400  
  [zh    ] zh_moving               105.66 tok/s  n= 400  
  [zh    ] zh_review               113.79 tok/s  n= 400  

=== pass01_mtp-n5@Q4_K_M ===
  settled: 82.0C -> 56.0C in 60.3s (clock 210.0 MHz)
  drafter: 0.01.052.582 I common_speculative_init_result: creating MTP draft context against the target model '/home/thc1006/dev/qw
  ready in 1.6s
  [code  ] code_py_ratelimiter     174.44 tok/s  n= 400  
  [code  ] code_rust_mergesort     140.38 tok/s  n= 400  
  [code  ] code_nginx_cfg          140.53 tok/s  n= 400  
  [prose ] prose_rainbow           107.59 tok/s  n= 400  
  [prose ] prose_bookshelves        99.70 tok/s  n= 400  
  [prose ] prose_letter             85.01 tok/s  n= 400  
  [reason] reason_trains           188.87 tok/s  n= 400  
  [reason] reason_zebra            164.52 tok/s  n= 400  
  [reason] reason_scheduling       171.74 tok/s  n= 400  
  [chat  ] chat_desk_robot          87.36 tok/s  n= 400  
  [chat  ] chat_music              103.67 tok/s  n= 400  
  [chat  ] chat_advice              95.77 tok/s  n= 400  
  [zh    ] zh_self_intro            86.24 tok/s  n= 400  
  [zh    ] zh_tea                  102.51 tok/s  n= 400  
  [zh    ] zh_debug                105.00 tok/s  n= 400  
  [code  ] code_go_worker          128.58 tok/s  n= 400  
  [code  ] code_sql_report         150.54 tok/s  n= 400  
  [prose ] prose_market             90.84 tok/s  n= 400  
  [prose ] prose_argument           93.95 tok/s  n= 400  
  [reason] reason_probability      198.26 tok/s  n= 400  
  [reason] reason_invariant        171.78 tok/s  n= 400  
  [chat  ] chat_travel              94.86 tok/s  n= 400  
  [chat  ] chat_disagree           101.23 tok/s  n= 400  
  [zh    ] zh_moving                82.86 tok/s  n= 400  
  [zh    ] zh_review                83.33 tok/s  n= 400  

=== pass01_mtp-n6@Q4_K_M ===
  settled: 76.0C -> 56.0C in 60.3s (clock 210.0 MHz)
  drafter: 0.01.055.772 I common_speculative_init_result: creating MTP draft context against the target model '/home/thc1006/dev/qw
  ready in 1.6s
  [code  ] code_py_ratelimiter     156.90 tok/s  n= 400  
  [code  ] code_rust_mergesort     120.63 tok/s  n= 400  
  [code  ] code_nginx_cfg          126.71 tok/s  n= 400  
  [prose ] prose_rainbow            95.26 tok/s  n= 400  
  [prose ] prose_bookshelves        87.86 tok/s  n= 400  
  [prose ] prose_letter             75.34 tok/s  n= 400  
  [reason] reason_trains           173.56 tok/s  n= 400  
  [reason] reason_zebra            151.25 tok/s  n= 400  
  [reason] reason_scheduling       157.61 tok/s  n= 400  
  [chat  ] chat_desk_robot          76.68 tok/s  n= 400  
  [chat  ] chat_music               93.31 tok/s  n= 400  
  [chat  ] chat_advice              84.79 tok/s  n= 400  
  [zh    ] zh_self_intro            75.60 tok/s  n= 400  
  [zh    ] zh_tea                   90.41 tok/s  n= 400  
  [zh    ] zh_debug                 92.73 tok/s  n= 400  
  [code  ] code_go_worker          114.53 tok/s  n= 400  
  [code  ] code_sql_report         139.40 tok/s  n= 400  
  [prose ] prose_market             79.92 tok/s  n= 400  
  [prose ] prose_argument           82.95 tok/s  n= 400  
  [reason] reason_probability      196.41 tok/s  n= 400  
  [reason] reason_invariant        152.42 tok/s  n= 400  
  [chat  ] chat_travel              85.34 tok/s  n= 400  
  [chat  ] chat_disagree            89.44 tok/s  n= 400  
  [zh    ] zh_moving                73.10 tok/s  n= 400  
  [zh    ] zh_review                73.02 tok/s  n= 400  

=== pass02_mtp-n2@Q4_K_M ===
  settled: 82.0C -> 56.0C in 65.3s (clock 210.0 MHz)
  drafter: 0.01.069.461 I common_speculative_init_result: creating MTP draft context against the target model '/home/thc1006/dev/qw
  ready in 1.6s
  [code  ] code_py_ratelimiter     188.94 tok/s  n= 400  
  [code  ] code_rust_mergesort     185.79 tok/s  n= 400  
  [code  ] code_nginx_cfg          186.97 tok/s  n= 400  
  [prose ] prose_rainbow           150.04 tok/s  n= 400  
  [prose ] prose_bookshelves       149.84 tok/s  n= 400  
  [prose ] prose_letter            143.97 tok/s  n= 400  
  [reason] reason_trains           197.34 tok/s  n= 400  
  [reason] reason_zebra            186.07 tok/s  n= 400  
  [reason] reason_scheduling       189.34 tok/s  n= 400  
  [chat  ] chat_desk_robot         132.17 tok/s  n= 400  
  [chat  ] chat_music              151.45 tok/s  n= 400  
  [chat  ] chat_advice             155.76 tok/s  n= 400  
  [zh    ] zh_self_intro           127.07 tok/s  n= 400  
  [zh    ] zh_tea                  138.35 tok/s  n= 400  
  [zh    ] zh_debug                155.34 tok/s  n= 400  
  [code  ] code_go_worker          172.93 tok/s  n= 400  
  [code  ] code_sql_report         188.56 tok/s  n= 400  
  [prose ] prose_market            133.48 tok/s  n= 400  
  [prose ] prose_argument          152.38 tok/s  n= 400  
  [reason] reason_probability      198.35 tok/s  n= 400  
  [reason] reason_invariant        183.32 tok/s  n= 400  
  [chat  ] chat_travel             146.54 tok/s  n= 400  
  [chat  ] chat_disagree           149.01 tok/s  n= 400  
  [zh    ] zh_moving               132.56 tok/s  n= 400  
  [zh    ] zh_review               134.43 tok/s  n= 400  

=== pass02_mtp-n3@Q4_K_M ===
  settled: 80.0C -> 56.0C in 55.3s (clock 210.0 MHz)
  drafter: 0.01.058.303 I common_speculative_init_result: creating MTP draft context against the target model '/home/thc1006/dev/qw
  ready in 1.6s
  [code  ] code_py_ratelimiter     181.57 tok/s  n= 400  
  [code  ] code_rust_mergesort     161.89 tok/s  n= 400  
  [code  ] code_nginx_cfg          178.07 tok/s  n= 400  
  [prose ] prose_rainbow           140.67 tok/s  n= 400  
  [prose ] prose_bookshelves       121.78 tok/s  n= 400  
  [prose ] prose_letter            113.72 tok/s  n= 400  
  [reason] reason_trains           189.46 tok/s  n= 400  
  [reason] reason_zebra            169.51 tok/s  n= 400  
  [reason] reason_scheduling       175.72 tok/s  n= 400  
  [chat  ] chat_desk_robot         113.13 tok/s  n= 400  
  [chat  ] chat_music              133.82 tok/s  n= 400  
  [chat  ] chat_advice             124.44 tok/s  n= 400  
  [zh    ] zh_self_intro           104.17 tok/s  n= 355  SHORT(355)
  [zh    ] zh_tea                  113.04 tok/s  n= 400  
  [zh    ] zh_debug                130.24 tok/s  n= 400  
  [code  ] code_go_worker          153.47 tok/s  n= 400  
  [code  ] code_sql_report         167.03 tok/s  n= 400  
  [prose ] prose_market            121.07 tok/s  n= 400  
  [prose ] prose_argument          125.96 tok/s  n= 400  
  [reason] reason_probability      193.02 tok/s  n= 400  
  [reason] reason_invariant        170.24 tok/s  n= 400  
  [chat  ] chat_travel             126.44 tok/s  n= 400  
  [chat  ] chat_disagree           132.45 tok/s  n= 400  
  [zh    ] zh_moving               105.59 tok/s  n= 400  
  [zh    ] zh_review               113.92 tok/s  n= 400  

=== pass02_mtp-n5@Q4_K_M ===
  settled: 80.0C -> 56.0C in 50.3s (clock 210.0 MHz)
  drafter: 0.01.052.086 I common_speculative_init_result: creating MTP draft context against the target model '/home/thc1006/dev/qw
  ready in 1.6s
  [code  ] code_py_ratelimiter     174.57 tok/s  n= 400  
  [code  ] code_rust_mergesort     140.44 tok/s  n= 400  
  [code  ] code_nginx_cfg          140.62 tok/s  n= 400  
  [prose ] prose_rainbow           107.42 tok/s  n= 400  
  [prose ] prose_bookshelves        99.79 tok/s  n= 400  
  [prose ] prose_letter             85.14 tok/s  n= 400  
  [reason] reason_trains           188.56 tok/s  n= 400  
  [reason] reason_zebra            164.90 tok/s  n= 400  
  [reason] reason_scheduling       171.09 tok/s  n= 400  
  [chat  ] chat_desk_robot          87.41 tok/s  n= 400  
  [chat  ] chat_music              103.56 tok/s  n= 400  
  [chat  ] chat_advice              95.55 tok/s  n= 400  
  [zh    ] zh_self_intro            86.03 tok/s  n= 400  
  [zh    ] zh_tea                  102.38 tok/s  n= 400  
  [zh    ] zh_debug                105.24 tok/s  n= 400  
  [code  ] code_go_worker          128.70 tok/s  n= 400  
  [code  ] code_sql_report         151.53 tok/s  n= 400  
  [prose ] prose_market             90.99 tok/s  n= 400  
  [prose ] prose_argument           93.99 tok/s  n= 400  
  [reason] reason_probability      198.57 tok/s  n= 400  
  [reason] reason_invariant        171.08 tok/s  n= 400  
  [chat  ] chat_travel              94.92 tok/s  n= 400  
  [chat  ] chat_disagree           101.11 tok/s  n= 400  
  [zh    ] zh_moving                82.97 tok/s  n= 400  
  [zh    ] zh_review                83.07 tok/s  n= 400  

=== pass02_mtp-n6@Q4_K_M ===
  settled: 76.0C -> 56.0C in 60.3s (clock 210.0 MHz)
  drafter: 0.01.051.265 I common_speculative_init_result: creating MTP draft context against the target model '/home/thc1006/dev/qw
  ready in 1.6s
  [code  ] code_py_ratelimiter     157.06 tok/s  n= 400  
  [code  ] code_rust_mergesort     120.50 tok/s  n= 400  
  [code  ] code_nginx_cfg          126.80 tok/s  n= 400  
  [prose ] prose_rainbow            95.20 tok/s  n= 400  
  [prose ] prose_bookshelves        88.21 tok/s  n= 400  
  [prose ] prose_letter             75.50 tok/s  n= 400  
  [reason] reason_trains           173.47 tok/s  n= 400  
  [reason] reason_zebra            150.92 tok/s  n= 400  
  [reason] reason_scheduling       157.50 tok/s  n= 400  
  [chat  ] chat_desk_robot          76.68 tok/s  n= 400  
  [chat  ] chat_music               93.37 tok/s  n= 400  
  [chat  ] chat_advice              85.05 tok/s  n= 400  
  [zh    ] zh_self_intro            75.69 tok/s  n= 400  
  [zh    ] zh_tea                   90.56 tok/s  n= 400  
  [zh    ] zh_debug                 92.98 tok/s  n= 400  
  [code  ] code_go_worker          114.66 tok/s  n= 400  
  [code  ] code_sql_report         139.75 tok/s  n= 400  
  [prose ] prose_market             80.05 tok/s  n= 400  
  [prose ] prose_argument           82.96 tok/s  n= 400  
  [reason] reason_probability      197.20 tok/s  n= 400  
  [reason] reason_invariant        152.30 tok/s  n= 400  
  [chat  ] chat_travel              85.31 tok/s  n= 400  
  [chat  ] chat_disagree            89.19 tok/s  n= 400  
  [zh    ] zh_moving                73.13 tok/s  n= 400  
  [zh    ] zh_review                72.99 tok/s  n= 400  

=== pass02_baseline@Q4_K_M ===
  settled: 82.0C -> 56.0C in 60.3s (clock 210.0 MHz)
  ready in 1.1s
  [code  ] code_py_ratelimiter     121.86 tok/s  n= 400  
  [code  ] code_rust_mergesort     121.55 tok/s  n= 400  
  [code  ] code_nginx_cfg          121.64 tok/s  n= 400  
  [prose ] prose_rainbow           121.58 tok/s  n= 400  
  [prose ] prose_bookshelves       121.39 tok/s  n= 400  
  [prose ] prose_letter            121.37 tok/s  n= 400  
  [reason] reason_trains           121.21 tok/s  n= 400  
  [reason] reason_zebra            121.36 tok/s  n= 400  
  [reason] reason_scheduling       121.06 tok/s  n= 400  
  [chat  ] chat_desk_robot         120.94 tok/s  n= 400  
  [chat  ] chat_music              121.16 tok/s  n= 400  
  [chat  ] chat_advice             121.31 tok/s  n= 400  
  [zh    ] zh_self_intro           121.30 tok/s  n= 400  
  [zh    ] zh_tea                  121.30 tok/s  n= 400  
  [zh    ] zh_debug                121.23 tok/s  n= 400  
  [code  ] code_go_worker          121.28 tok/s  n= 400  
  [code  ] code_sql_report         121.06 tok/s  n= 400  
  [prose ] prose_market            121.05 tok/s  n= 400  
  [prose ] prose_argument          121.02 tok/s  n= 400  
  [reason] reason_probability      121.14 tok/s  n= 400  
  [reason] reason_invariant        120.60 tok/s  n= 400  
  [chat  ] chat_travel             120.73 tok/s  n= 400  
  [chat  ] chat_disagree           120.82 tok/s  n= 400  
  [zh    ] zh_moving               120.74 tok/s  n= 400  
  [zh    ] zh_review               121.13 tok/s  n= 400  

=== pass03_mtp-n3@Q4_K_M ===
  settled: 81.0C -> 56.0C in 60.3s (clock 210.0 MHz)
  drafter: 0.01.049.047 I common_speculative_init_result: creating MTP draft context against the target model '/home/thc1006/dev/qw
  ready in 1.6s
  [code  ] code_py_ratelimiter     182.16 tok/s  n= 400  
  [code  ] code_rust_mergesort     161.87 tok/s  n= 400  
  [code  ] code_nginx_cfg          178.28 tok/s  n= 400  
  [prose ] prose_rainbow           140.43 tok/s  n= 400  
  [prose ] prose_bookshelves       122.57 tok/s  n= 400  
  [prose ] prose_letter            114.01 tok/s  n= 400  
  [reason] reason_trains           190.44 tok/s  n= 400  
  [reason] reason_zebra            171.33 tok/s  n= 400  
  [reason] reason_scheduling       175.92 tok/s  n= 400  
  [chat  ] chat_desk_robot         113.42 tok/s  n= 400  
  [chat  ] chat_music              134.04 tok/s  n= 400  
  [chat  ] chat_advice             124.43 tok/s  n= 400  
  [zh    ] zh_self_intro           104.01 tok/s  n= 355  SHORT(355)
  [zh    ] zh_tea                  113.19 tok/s  n= 400  
  [zh    ] zh_debug                129.95 tok/s  n= 400  
  [code  ] code_go_worker          153.55 tok/s  n= 400  
  [code  ] code_sql_report         168.32 tok/s  n= 400  
  [prose ] prose_market            121.49 tok/s  n= 400  
  [prose ] prose_argument          126.58 tok/s  n= 400  
  [reason] reason_probability      193.48 tok/s  n= 400  
  [reason] reason_invariant        170.44 tok/s  n= 400  
  [chat  ] chat_travel             127.31 tok/s  n= 400  
  [chat  ] chat_disagree           133.60 tok/s  n= 400  
  [zh    ] zh_moving               105.94 tok/s  n= 400  
  [zh    ] zh_review               114.10 tok/s  n= 400  

=== pass03_mtp-n5@Q4_K_M ===
  settled: 81.0C -> 56.0C in 55.3s (clock 210.0 MHz)
  drafter: 0.01.052.805 I common_speculative_init_result: creating MTP draft context against the target model '/home/thc1006/dev/qw
  ready in 1.6s
  [code  ] code_py_ratelimiter     174.55 tok/s  n= 400  
  [code  ] code_rust_mergesort     140.23 tok/s  n= 400  
  [code  ] code_nginx_cfg          140.77 tok/s  n= 400  
  [prose ] prose_rainbow           107.69 tok/s  n= 400  
  [prose ] prose_bookshelves        99.68 tok/s  n= 400  
  [prose ] prose_letter             85.12 tok/s  n= 400  
  [reason] reason_trains           188.38 tok/s  n= 400  
  [reason] reason_zebra            163.76 tok/s  n= 400  
  [reason] reason_scheduling       169.87 tok/s  n= 400  
  [chat  ] chat_desk_robot          87.30 tok/s  n= 400  
  [chat  ] chat_music              103.81 tok/s  n= 400  
  [chat  ] chat_advice              95.76 tok/s  n= 400  
  [zh    ] zh_self_intro            86.27 tok/s  n= 400  
  [zh    ] zh_tea                  102.21 tok/s  n= 400  
  [zh    ] zh_debug                105.08 tok/s  n= 400  
  [code  ] code_go_worker          128.64 tok/s  n= 400  
  [code  ] code_sql_report         151.74 tok/s  n= 400  
  [prose ] prose_market             91.02 tok/s  n= 400  
  [prose ] prose_argument           93.79 tok/s  n= 400  
  [reason] reason_probability      198.63 tok/s  n= 400  
  [reason] reason_invariant        170.56 tok/s  n= 400  
  [chat  ] chat_travel              94.67 tok/s  n= 400  
  [chat  ] chat_disagree           100.96 tok/s  n= 400  
  [zh    ] zh_moving                82.78 tok/s  n= 400  
  [zh    ] zh_review                83.00 tok/s  n= 400  

=== pass03_mtp-n6@Q4_K_M ===
  settled: 83.0C -> 56.0C in 65.3s (clock 210.0 MHz)
  drafter: 0.01.055.835 I common_speculative_init_result: creating MTP draft context against the target model '/home/thc1006/dev/qw
  ready in 1.6s
  [code  ] code_py_ratelimiter     157.15 tok/s  n= 400  
  [code  ] code_rust_mergesort     120.36 tok/s  n= 400  
  [code  ] code_nginx_cfg          126.53 tok/s  n= 400  
  [prose ] prose_rainbow            95.06 tok/s  n= 400  
  [prose ] prose_bookshelves        88.11 tok/s  n= 400  
  [prose ] prose_letter             75.54 tok/s  n= 400  
  [reason] reason_trains           174.18 tok/s  n= 400  
  [reason] reason_zebra            151.16 tok/s  n= 400  
  [reason] reason_scheduling       157.61 tok/s  n= 400  
  [chat  ] chat_desk_robot          76.75 tok/s  n= 400  
  [chat  ] chat_music               93.53 tok/s  n= 400  
  [chat  ] chat_advice              85.08 tok/s  n= 400  
  [zh    ] zh_self_intro            75.39 tok/s  n= 400  
  [zh    ] zh_tea                   90.25 tok/s  n= 400  
  [zh    ] zh_debug                 92.82 tok/s  n= 400  
  [code  ] code_go_worker          114.95 tok/s  n= 400  
  [code  ] code_sql_report         140.00 tok/s  n= 400  
  [prose ] prose_market             79.97 tok/s  n= 400  
  [prose ] prose_argument           82.91 tok/s  n= 400  
  [reason] reason_probability      195.42 tok/s  n= 400  
  [reason] reason_invariant        152.11 tok/s  n= 400  
  [chat  ] chat_travel              85.35 tok/s  n= 400  
  [chat  ] chat_disagree            89.47 tok/s  n= 400  
  [zh    ] zh_moving                73.11 tok/s  n= 400  
  [zh    ] zh_review                73.10 tok/s  n= 400  

=== pass03_baseline@Q4_K_M ===
  settled: 76.0C -> 56.0C in 60.3s (clock 210.0 MHz)
  ready in 1.1s
  [code  ] code_py_ratelimiter     121.89 tok/s  n= 400  
  [code  ] code_rust_mergesort     121.62 tok/s  n= 400  
  [code  ] code_nginx_cfg          121.33 tok/s  n= 400  
  [prose ] prose_rainbow           121.31 tok/s  n= 400  
  [prose ] prose_bookshelves       121.25 tok/s  n= 400  
  [prose ] prose_letter            121.09 tok/s  n= 400  
  [reason] reason_trains           121.54 tok/s  n= 400  
  [reason] reason_zebra            121.25 tok/s  n= 400  
  [reason] reason_scheduling       121.39 tok/s  n= 400  
  [chat  ] chat_desk_robot         121.03 tok/s  n= 400  
  [chat  ] chat_music              121.37 tok/s  n= 400  
  [chat  ] chat_advice             121.28 tok/s  n= 400  
  [zh    ] zh_self_intro           121.18 tok/s  n= 400  
  [zh    ] zh_tea                  121.40 tok/s  n= 400  
  [zh    ] zh_debug                121.38 tok/s  n= 400  
  [code  ] code_go_worker          121.06 tok/s  n= 400  
  [code  ] code_sql_report         121.16 tok/s  n= 400  
  [prose ] prose_market            121.07 tok/s  n= 400  
  [prose ] prose_argument          120.90 tok/s  n= 400  
  [reason] reason_probability      120.95 tok/s  n= 400  
  [reason] reason_invariant        120.55 tok/s  n= 400  
  [chat  ] chat_travel             120.72 tok/s  n= 400  
  [chat  ] chat_disagree           120.84 tok/s  n= 400  
  [zh    ] zh_moving               120.86 tok/s  n= 400  
  [zh    ] zh_review               120.88 tok/s  n= 400  

=== pass03_mtp-n2@Q4_K_M ===
  settled: 83.0C -> 56.0C in 65.3s (clock 210.0 MHz)
  drafter: 0.01.067.608 I common_speculative_init_result: creating MTP draft context against the target model '/home/thc1006/dev/qw
  ready in 1.6s
  [code  ] code_py_ratelimiter     188.81 tok/s  n= 400  
  [code  ] code_rust_mergesort     185.66 tok/s  n= 400  
  [code  ] code_nginx_cfg          186.31 tok/s  n= 400  
  [prose ] prose_rainbow           150.24 tok/s  n= 400  
  [prose ] prose_bookshelves       150.21 tok/s  n= 400  
  [prose ] prose_letter            143.96 tok/s  n= 400  
  [reason] reason_trains           197.31 tok/s  n= 400  
  [reason] reason_zebra            185.75 tok/s  n= 400  
  [reason] reason_scheduling       189.58 tok/s  n= 400  
  [chat  ] chat_desk_robot         131.69 tok/s  n= 400  
  [chat  ] chat_music              151.18 tok/s  n= 400  
  [chat  ] chat_advice             155.93 tok/s  n= 400  
  [zh    ] zh_self_intro           127.42 tok/s  n= 400  
  [zh    ] zh_tea                  137.90 tok/s  n= 400  
  [zh    ] zh_debug                155.32 tok/s  n= 400  
  [code  ] code_go_worker          171.98 tok/s  n= 400  
  [code  ] code_sql_report         186.92 tok/s  n= 400  
  [prose ] prose_market            133.19 tok/s  n= 400  
  [prose ] prose_argument          152.52 tok/s  n= 400  
  [reason] reason_probability      198.39 tok/s  n= 400  
  [reason] reason_invariant        183.24 tok/s  n= 400  
  [chat  ] chat_travel             146.52 tok/s  n= 400  
  [chat  ] chat_disagree           149.48 tok/s  n= 400  
  [zh    ] zh_moving               132.61 tok/s  n= 400  
  [zh    ] zh_review               134.77 tok/s  n= 400  
