
=== stock: mem+0 (+0 MHz), 420 W ===
  load 2.3s  decode 41.87 tok/s  n=200  sm=1922MHz  mem=9501MHz  P=383W

=== bw-lo: mem-800 (-400 MHz), 420 W ===
  load 2.2s  decode 40.52 tok/s  n=200  sm=1881MHz  mem=9101MHz  P=384W

=== bw-hi: mem+800 (+400 MHz), 420 W ===
  load 2.2s  decode 43.15 tok/s  n=200  sm=1886MHz  mem=9901MHz  P=383W

=== pw-lo: mem+0 (+0 MHz), 250 W ===
  load 2.2s  decode 31.23 tok/s  n=200  sm=1282MHz  mem=9501MHz  P=241W

=== pw-vlo: mem+0 (+0 MHz), 175 W ===
  load 2.2s  decode 14.07 tok/s  n=200  sm=417MHz  mem=9501MHz  P=174W

=== restoring stock ===
{'mem_transfer_offset': 0, 'core_offset': 0, 'power_limit_w': 420.0, 'clocks_max_memory_mhz': 9751.0, 'clocks_max_graphics_mhz': 2130.0, 'condition': 'stock@rtx3090_0'}

=== summary ===
  cond      mem_max  mem_load  sm_load      W   tok/s  degen
  stock        9751      9501     1922    383   41.87  False
  bw-lo        9351      9101     1881    384   40.52  False
  bw-hi       10151      9901     1886    383   43.15  False
  pw-lo        9751      9501     1282    241   31.23  False
  pw-vlo       9751      9501      417    174   14.07  False

  memory clock under load, relative to stock (9501 MHz):
    stock        9501 MHz  (+0.0 %)
    bw-lo        9101 MHz  (-4.2 %)
    bw-hi        9901 MHz  (+4.2 %)
    pw-lo        9501 MHz  (+0.0 %)
    pw-vlo       9501 MHz  (+0.0 %)

all conditions usable
