[2026-08-25T11:58:05+08:00] dumping control
[2026-08-25T12:01:01+08:00]   10908792 lines, 6678 kernels
[2026-08-25T12:01:01+08:00] dumping control2
[2026-08-25T12:04:05+08:00]   10908792 lines, 6678 kernels
[2026-08-25T12:04:05+08:00] dumping forced_up
[2026-08-25T12:06:59+08:00]   10919864 lines, 6678 kernels
[2026-08-25T12:06:59+08:00] dumping forced_down2
[2026-08-25T12:09:54+08:00]   10905832 lines, 6678 kernels
[2026-08-25T12:09:54+08:00] hashing per kernel
  control carries 6202 kernels, 294 of them mul_mat_vec_q

  control vs control2: 0 of 6202 kernels differ, 0 are mul_mat_vec_q

  control vs forced_up: 92 of 6202 kernels differ, 92 are mul_mat_vec_q
    template ints on the differing mmvq kernels: {'5': 23, '6': 23, '7': 23, '8': 23}
      _Z13mul_mat_vec_qIL9ggml_type10ELi5ELb0ELb0ELb0EEvPKvS2_PKi31ggml_cuda_mm_fusion_args_devicePfj5uint3jjjS7_jjjS7_jjjj
      _Z13mul_mat_vec_qIL9ggml_type10ELi6ELb0ELb0ELb0EEvPKvS2_PKi31ggml_cuda_mm_fusion_args_devicePfj5uint3jjjS7_jjjS7_jjjj
      _Z13mul_mat_vec_qIL9ggml_type10ELi7ELb0ELb0ELb0EEvPKvS2_PKi31ggml_cuda_mm_fusion_args_devicePfj5uint3jjjS7_jjjS7_jjjj
      _Z13mul_mat_vec_qIL9ggml_type10ELi8ELb0ELb0ELb0EEvPKvS2_PKi31ggml_cuda_mm_fusion_args_devicePfj5uint3jjjS7_jjjS7_jjjj

  control vs forced_down2: 46 of 6202 kernels differ, 46 are mul_mat_vec_q
    template ints on the differing mmvq kernels: {'3': 23, '4': 23}
      _Z13mul_mat_vec_qIL9ggml_type10ELi3ELb0ELb0ELb0EEvPKvS2_PKi31ggml_cuda_mm_fusion_args_devicePfj5uint3jjjS7_jjjS7_jjjj
      _Z13mul_mat_vec_qIL9ggml_type10ELi4ELb0ELb0ELb0EEvPKvS2_PKi31ggml_cuda_mm_fusion_args_devicePfj5uint3jjjS7_jjjS7_jjjj
      _Z13mul_mat_vec_qIL9ggml_type11ELi3ELb0ELb0ELb0EEvPKvS2_PKi31ggml_cuda_mm_fusion_args_devicePfj5uint3jjjS7_jjjS7_jjjj
      _Z13mul_mat_vec_qIL9ggml_type11ELi4ELb0ELb0ELb0EEvPKvS2_PKi31ggml_cuda_mm_fusion_args_devicePfj5uint3jjjS7_jjjS7_jjjj
[2026-08-25T12:11:14+08:00] done
