[2026-08-25T05:30:42+08:00] target check against host A
[2026-08-25T05:30:49+08:00]   match
[2026-08-25T05:30:49+08:00] === build control ===
[2026-08-25T05:30:49+08:00]   table unmodified: 1-4 -> 4, 5-8 -> 2
[2026-08-25T05:30:56+08:00]   libggml-cuda e0aace08fb55f4cd  196976232 bytes
[2026-08-25T05:30:56+08:00]   running control
[2026-08-25T06:09:45+08:00]   control exited rc=0 with 150/150 records
[2026-08-25T06:09:45+08:00] === build forced_up ===
    PATCHED 1-4 -> 4, 5-8 -> 4
[2026-08-25T06:10:06+08:00]   libggml-cuda 8990cd1d83cc44b2  197144168 bytes
[2026-08-25T06:10:06+08:00]   running forced_up
[2026-08-25T06:45:33+08:00]   forced_up exited rc=0 with 150/150 records
[2026-08-25T06:45:33+08:00] === build forced_down ===
    PATCHED 1-4 -> 2, 5-8 -> 2
[2026-08-25T06:45:52+08:00]   libggml-cuda 0e21251ba34d7a01  196501096 bytes
[2026-08-25T06:45:52+08:00]   running forced_down
[2026-08-25T07:19:56+08:00]   forced_down exited rc=0 with 150/150 records
[2026-08-25T07:19:56+08:00] restoring the stock source and rebuilding so host B keeps the binary it started with
[2026-08-25T07:20:00+08:00]   stock binary restored
[2026-08-25T07:20:00+08:00] done
  control      150 records
  forced_up    150 records
  forced_down  150 records
