[2026-08-25T09:01:16+08:00] target check against host A
[2026-08-25T09:02:51+08:00]   match
[2026-08-25T09:02:51+08:00] configuring once, so no build below can reconfigure under its own feet
[2026-08-25T09:02:52+08:00]   configured
[2026-08-25T09:02:52+08:00] === build control ===
[2026-08-25T09:04:10+08:00]   libggml-cuda (code) 6b82384840fdb027   libggml-base (code) 67f70901eb8c485f
[2026-08-25T09:04:10+08:00] === build forced_up ===
[2026-08-25T09:05:18+08:00]   libggml-cuda (code) b64c609aa69460a0   libggml-base (code) 67f70901eb8c485f
[2026-08-25T09:05:18+08:00] === build forced_down2 ===
[2026-08-25T09:06:24+08:00]   libggml-cuda (code) 8602d849884f36c2   libggml-base (code) 67f70901eb8c485f
[2026-08-25T09:06:24+08:00] === build control2 ===
[2026-08-25T09:07:31+08:00]   libggml-cuda (code) 6b82384840fdb027   libggml-base (code) 67f70901eb8c485f
[2026-08-25T09:07:31+08:00] === build gates ===
[2026-08-25T09:07:31+08:00]   libggml-base identical across all four: 67f70901eb8c485f
[2026-08-25T09:07:31+08:00]   control and control2 byte-identical in libggml-cuda: 6b82384840fdb027
[2026-08-25T09:07:31+08:00]   both forced builds differ from control in libggml-cuda, as they must
[2026-08-25T09:07:31+08:00] source restored; the four binaries are snapshots and no longer depend on the tree
[2026-08-25T09:07:31+08:00] === run control ===
[2026-08-25T09:51:39+08:00]   control exited rc=0 with 150/150 records
[2026-08-25T09:51:39+08:00] === run forced_up ===
[2026-08-25T10:31:00+08:00]   forced_up exited rc=0 with 150/150 records
[2026-08-25T10:31:00+08:00] === run forced_down2 ===
[2026-08-25T11:10:51+08:00]   forced_down2 exited rc=0 with 150/150 records
[2026-08-25T11:10:51+08:00] === run control2 ===
[2026-08-25T11:49:43+08:00]   control2 exited rc=0 with 150/150 records
[2026-08-25T11:49:43+08:00] all four complete
  control        150 records
  forced_up      150 records
  forced_down2   150 records
  control2       150 records
